Archive member included because of file (symbol)

c:\Users\banth\AppData\Roaming\Code\User\globalStorage\vexrobotics.vexcode\sdk\cpp\V5\V5_20240802_15_00_00/vexv5\libv5rt.a(v5_startup.c.obj)
                              (vexStartup)
c:\Users\banth\AppData\Roaming\Code\User\globalStorage\vexrobotics.vexcode\sdk\cpp\V5\V5_20240802_15_00_00/vexv5\libv5rt.a(v5_util.c.obj)
                              c:\Users\banth\AppData\Roaming\Code\User\globalStorage\vexrobotics.vexcode\sdk\cpp\V5\V5_20240802_15_00_00/vexv5\libv5rt.a(v5_startup.c.obj) (vexStdlibVersionLinked)
c:\Users\banth\AppData\Roaming\Code\User\globalStorage\vexrobotics.vexcode\sdk\cpp\V5\V5_20240802_15_00_00/vexv5\libv5rt.a(v5_apijump.c.obj)
                              c:\Users\banth\AppData\Roaming\Code\User\globalStorage\vexrobotics.vexcode\sdk\cpp\V5\V5_20240802_15_00_00/vexv5\libv5rt.a(v5_startup.c.obj) (vexPrivateApiEnable)
c:\Users\banth\AppData\Roaming\Code\User\globalStorage\vexrobotics.vexcode\sdk\cpp\V5\V5_20240802_15_00_00/vexv5\libv5rt.a(v5_apiversions.c.obj)
                              c:\Users\banth\AppData\Roaming\Code\User\globalStorage\vexrobotics.vexcode\sdk\cpp\V5\V5_20240802_15_00_00/vexv5\libv5rt.a(v5_apijump.c.obj) (vexSystemVersion)
c:\Users\banth\AppData\Roaming\Code\User\globalStorage\vexrobotics.vexcode\sdk\cpp\V5\V5_20240802_15_00_00/vexv5\libv5rt.a(vex_global.cpp.obj)
                              build/src/main.o (vex::blue)
c:\Users\banth\AppData\Roaming\Code\User\globalStorage\vexrobotics.vexcode\sdk\cpp\V5\V5_20240802_15_00_00/vexv5\libv5rt.a(vex_motor.cpp.obj)
                              build/src/main.o (vex::motor::~motor())
c:\Users\banth\AppData\Roaming\Code\User\globalStorage\vexrobotics.vexcode\sdk\cpp\V5\V5_20240802_15_00_00/vexv5\libv5rt.a(vex_imu.cpp.obj)
                              build/src/JAR-Template/drive.o (vex::inertial::setRotation(double, vex::rotationUnits))
c:\Users\banth\AppData\Roaming\Code\User\globalStorage\vexrobotics.vexcode\sdk\cpp\V5\V5_20240802_15_00_00/vexv5\libv5rt.a(vex_rotation.cpp.obj)
                              build/src/main.o (vex::rotation::~rotation())
c:\Users\banth\AppData\Roaming\Code\User\globalStorage\vexrobotics.vexcode\sdk\cpp\V5\V5_20240802_15_00_00/vexv5\libv5rt.a(vex_distance.cpp.obj)
                              build/src/robot-config.o (vex::distance::~distance())
c:\Users\banth\AppData\Roaming\Code\User\globalStorage\vexrobotics.vexcode\sdk\cpp\V5\V5_20240802_15_00_00/vexv5\libv5rt.a(vex_controller.cpp.obj)
                              build/src/robot-config.o (vex::controller::~controller())
c:\Users\banth\AppData\Roaming\Code\User\globalStorage\vexrobotics.vexcode\sdk\cpp\V5\V5_20240802_15_00_00/vexv5\libv5rt.a(vex_task.cpp.obj)
                              build/src/JAR-Template/drive.o (vex::task::task())
c:\Users\banth\AppData\Roaming\Code\User\globalStorage\vexrobotics.vexcode\sdk\cpp\V5\V5_20240802_15_00_00/vexv5\libv5rt.a(vex_thread.cpp.obj)
                              build/src/sylib/system.o (vex::this_thread::sleep_for(unsigned long))
c:\Users\banth\AppData\Roaming\Code\User\globalStorage\vexrobotics.vexcode\sdk\cpp\V5\V5_20240802_15_00_00/vexv5\libv5rt.a(vex_event.cpp.obj)
                              c:\Users\banth\AppData\Roaming\Code\User\globalStorage\vexrobotics.vexcode\sdk\cpp\V5\V5_20240802_15_00_00/vexv5\libv5rt.a(vex_imu.cpp.obj) (vex::event::init(unsigned long, unsigned long, void (*)()))
c:\Users\banth\AppData\Roaming\Code\User\globalStorage\vexrobotics.vexcode\sdk\cpp\V5\V5_20240802_15_00_00/vexv5\libv5rt.a(vex_mevent.cpp.obj)
                              c:\Users\banth\AppData\Roaming\Code\User\globalStorage\vexrobotics.vexcode\sdk\cpp\V5\V5_20240802_15_00_00/vexv5\libv5rt.a(vex_controller.cpp.obj) (vex::mevent::mevent(unsigned long, unsigned long))
c:\Users\banth\AppData\Roaming\Code\User\globalStorage\vexrobotics.vexcode\sdk\cpp\V5\V5_20240802_15_00_00/vexv5\libv5rt.a(vex_brain.cpp.obj)
                              build/src/robot-config.o (vex::brain::brain())
c:\Users\banth\AppData\Roaming\Code\User\globalStorage\vexrobotics.vexcode\sdk\cpp\V5\V5_20240802_15_00_00/vexv5\libv5rt.a(vex_competition.cpp.obj)
                              build/src/main.o (vex::competition::competition())
c:\Users\banth\AppData\Roaming\Code\User\globalStorage\vexrobotics.vexcode\sdk\cpp\V5\V5_20240802_15_00_00/vexv5\libv5rt.a(vex_triport.cpp.obj)
                              build/src/main.o (vex::triport::~triport())
c:\Users\banth\AppData\Roaming\Code\User\globalStorage\vexrobotics.vexcode\sdk\cpp\V5\V5_20240802_15_00_00/vexv5\libv5rt.a(vex_color.cpp.obj)
                              c:\Users\banth\AppData\Roaming\Code\User\globalStorage\vexrobotics.vexcode\sdk\cpp\V5\V5_20240802_15_00_00/vexv5\libv5rt.a(vex_brain.cpp.obj) (vex::color::operator unsigned long() const)
c:\Users\banth\AppData\Roaming\Code\User\globalStorage\vexrobotics.vexcode\sdk\cpp\V5\V5_20240802_15_00_00/vexv5\libv5rt.a(vex_timer.cpp.obj)
[...]
Memory Configuration

Name             Origin             Length             Attributes
ps7_ddr_0_S_AXI_BASEADDR 0x03800000         0x04800000
*default*        0x00000000         0xffffffff

Linker script and memory map

                0x00002000                _STACK_SIZE = DEFINED (_STACK_SIZE)?_STACK_SIZE:0x2000
                0x00100000                _HEAP_SIZE = DEFINED (_HEAP_SIZE)?_HEAP_SIZE:0x100000
                0x00000400                _ABORT_STACK_SIZE = DEFINED (_ABORT_STACK_SIZE)?_ABORT_STACK_SIZE:0x400
                0x00000800                _SUPERVISOR_STACK_SIZE = DEFINED (_SUPERVISOR_STACK_SIZE)?_SUPERVISOR_STACK_SIZE:0x800
                0x00000400                _IRQ_STACK_SIZE = DEFINED (_IRQ_STACK_SIZE)?_IRQ_STACK_SIZE:0x400
                0x00000400                _FIQ_STACK_SIZE = DEFINED (_FIQ_STACK_SIZE)?_FIQ_STACK_SIZE:0x400
                0x00000400                _UNDEF_STACK_SIZE = DEFINED (_UNDEF_STACK_SIZE)?_UNDEF_STACK_SIZE:0x400

.text           0x03800000     0x93e0
 *(.vectors)
 *(.boot_data)
 .boot_data     0x03800000       0x20 c:\Users\banth\AppData\Roaming\Code\User\globalStorage\vexrobotics.vexcode\sdk\cpp\V5\V5_20240802_15_00_00/vexv5\libv5rt.a(v5_startup.c.obj)
                0x03800000                vexCodeSig
                0x00000020                . = 0x20
 *(.boot)
 .boot          0x03800020       0xbc c:\Users\banth\AppData\Roaming\Code\User\globalStorage\vexrobotics.vexcode\sdk\cpp\V5\V5_20240802_15_00_00/vexv5\libv5rt.a(v5_startup.c.obj)
                0x03800020                vexStartup
                0x03800100                . = ALIGN (0x40)
 *fill*         0x038000dc       0x24 
 *(.freertos_vectors)
 *(.text)
 .text          0x03800100       0x3a c:\Users\banth\AppData\Roaming\Code\User\globalStorage\vexrobotics.vexcode\sdk\cpp\V5\V5_20240802_15_00_00/vexv5/gcc/libs\libc.a(lib_a-aeabi_memmove-soft.o)
                0x03800100                __aeabi_memmove4
                0x03800100                __aeabi_memmove
                0x03800100                __aeabi_memmove8
 .text          0x0380013a       0x9a c:\Users\banth\AppData\Roaming\Code\User\globalStorage\vexrobotics.vexcode\sdk\cpp\V5\V5_20240802_15_00_00/vexv5/gcc/libs\libc.a(lib_a-aeabi_memset-soft.o)
                0x0380013a                __aeabi_memset8
                0x0380013a                __aeabi_memset
                0x0380013a                __aeabi_memset4
 *(.text.*)
 .text._ZN3vex11motor_groupC2IJNS_5motorES2_EEERS2_DpRT_
                0x038001d4       0x44 build/src/main.o
                0x038001d4                vex::motor_group::motor_group<vex::motor, vex::motor>(vex::motor&, vex::motor&, vex::motor&)
 .text._ZN5DriveD2Ev
                0x03800218       0x7c build/src/main.o
                0x03800218                Drive::~Drive()
 .text._Z9pre_autonv
                0x03800294      0x35c build/src/main.o
                0x03800294                pre_auton()
 .text._Z10autonomousv
                0x038005f0      0x15c build/src/main.o
                0x038005f0                autonomous()
 .text._Z11userControlv
                0x0380074c      0x108 build/src/main.o
                0x0380074c                userControl()
 .text.main     0x03800854       0x44 build/src/main.o
                0x03800854                main
 .text._GLOBAL__sub_I_main.cpp
                0x03800898      0x254 build/src/main.o
 .text._Z17default_constantsv
                0x03800aec      0x124 build/src/autons.o
                0x03800aec                default_constants()
 .text._Z13drive_forwardv
                0x03800c10       0x14 build/src/autons.o
                0x03800c10                drive_forward()
 *fill*         0x03800c24        0x4 
 .text._Z12red_solo_awpv
                0x03800c28      0x854 build/src/autons.o
                0x03800c28                red_solo_awp()
 .text._Z13blue_solo_awpv
                0x0380147c        0x4 build/src/autons.o
                0x0380147c                blue_solo_awp()
 .text._Z8red_leftv
                0x03801480      0x328 build/src/autons.o
                0x03801480                red_left()
 .text._Z9red_rightv
                0x038017a8      0x4b0 build/src/autons.o
                0x038017a8                red_right()
 .text._Z9blue_leftv
                0x03801c58        0x4 build/src/autons.o
                0x03801c58                blue_left()
 .text._Z10blue_rightv
                0x03801c5c        0x4 build/src/autons.o
                0x03801c5c                blue_right()
 .text._Z6skillsv
                0x03801c60      0x620 build/src/autons.o
                0x03801c60                skills()
 .text._GLOBAL__sub_I_autons.cpp
                0x03802280       0x34 build/src/autons.o
 .text._Z11vexcodeInitv
                0x038022b4        0x4 build/src/robot-config.o
                0x038022b4                vexcodeInit()
 .text._Z15conveyorControlv
                0x038022b8      0x170 build/src/robot-config.o
                0x038022b8                conveyorControl()
 .text._Z14userHoodTogglev
                0x03802428       0x28 build/src/robot-config.o
                0x03802428                userHoodToggle()
 .text._Z13scorerControlv
                0x03802450       0xb0 build/src/robot-config.o
                0x03802450                scorerControl()
 .text._Z16userLoaderTogglev
                0x03802500       0x28 build/src/robot-config.o
                0x03802500                userLoaderToggle()
 .text._Z14userParkTogglev
                0x03802528       0x28 build/src/robot-config.o
                0x03802528                userParkToggle()
 .text._Z15userWingsTogglev
                0x03802550       0x28 build/src/robot-config.o
                0x03802550                userWingsToggle()
 .text._Z16userIntakeTogglev
                0x03802578       0x28 build/src/robot-config.o
                0x03802578                userIntakeToggle()
 .text._GLOBAL__sub_I_robot_config.cpp
                0x038025a0      0x360 build/src/robot-config.o
 .text._Z15reduce_0_to_360f
                0x03802900       0x7c build/src/JAR-Template/util.o
                0x03802900                reduce_0_to_360(float)
 .text._Z26reduce_negative_180_to_180f
                0x0380297c       0x90 build/src/JAR-Template/util.o
                0x0380297c                reduce_negative_180_to_180(float)
 .text._Z24reduce_negative_90_to_90f
                0x03802a0c       0x90 build/src/JAR-Template/util.o
                0x03802a0c                reduce_negative_90_to_90(float)
 *fill*         0x03802a9c        0x4 
 .text._Z6to_radf
                0x03802aa0       0x28 build/src/JAR-Template/util.o
                0x03802aa0                to_rad(float)
 .text._Z6to_degf
                0x03802ac8       0x28 build/src/JAR-Template/util.o
                0x03802ac8                to_deg(float)
 .text._Z5clampfff
                0x03802af0       0x2c build/src/JAR-Template/util.o
                0x03802af0                clamp(float, float, float)
 .text._Z11is_reversedd
                0x03802b1c       0x18 build/src/JAR-Template/util.o
                0x03802b1c                is_reversed(double)
 *fill*         0x03802b34        0x4 
 .text._Z7to_voltf
                0x03802b38       0x30 build/src/JAR-Template/util.o
                0x03802b38                to_volt(float)
 .text._Z7to_porti
                0x03802b68       0x10 build/src/JAR-Template/util.o
                0x03802b68                to_port(int)
 .text._Z8deadbandff
                0x03802b78       0x28 build/src/JAR-Template/util.o
                0x03802b78                deadband(float, float)
 .text._Z15is_line_settledfffff
                0x03802ba0       0xa8 build/src/JAR-Template/util.o
                0x03802ba0                is_line_settled(float, float, float, float, float)
 .text._Z20left_voltage_scalingff
                0x03802c48       0x48 build/src/JAR-Template/util.o
                0x03802c48                left_voltage_scaling(float, float)
 .text._Z21right_voltage_scalingff
                0x03802c90       0x48 build/src/JAR-Template/util.o
                0x03802c90                right_voltage_scaling(float, float)
 .text._Z17clamp_min_voltageff
                0x03802cd8       0x4c build/src/JAR-Template/util.o
                0x03802cd8                clamp_min_voltage(float, float)
 .text._ZN4Odom22set_physical_distancesEff
                0x03802d24        0x8 build/src/JAR-Template/odom.o
                0x03802d24                Odom::set_physical_distances(float, float)
 .text._ZN4Odom12set_positionEfffff
                0x03802d2c       0x1c build/src/JAR-Template/odom.o
                0x03802d2c                Odom::set_position(float, float, float, float, float)
 .text._ZN4Odom15update_positionEfff
                0x03802d48      0x1a4 build/src/JAR-Template/odom.o
                0x03802d48                Odom::update_position(float, float, float)
 *fill*         0x03802eec        0x4 
 .text._ZN5DriveC2E11drive_setupN3vex11motor_groupES2_ifffiiiiiffiff
                0x03802ef0      0x268 build/src/JAR-Template/drive.o
                0x03802ef0                Drive::Drive(drive_setup, vex::motor_group, vex::motor_group, int, float, float, float, int, int, int, int, int, float, float, int, float, float)
                0x03802ef0                Drive::Drive(drive_setup, vex::motor_group, vex::motor_group, int, float, float, float, int, int, int, int, int, float, float, int, float, float)
 .text._ZN5Drive18drive_with_voltageEff
                0x03803158       0x6c build/src/JAR-Template/drive.o
                0x03803158                Drive::drive_with_voltage(float, float)
 .text._ZN5Drive18set_turn_constantsEfffff
                0x038031c4       0x1c build/src/JAR-Template/drive.o
                0x038031c4                Drive::set_turn_constants(float, float, float, float, float)
 .text._ZN5Drive19set_drive_constantsEfffff
                0x038031e0       0x1c build/src/JAR-Template/drive.o
                0x038031e0                Drive::set_drive_constants(float, float, float, float, float)
 .text._ZN5Drive21set_heading_constantsEfffff
                0x038031fc       0x1c build/src/JAR-Template/drive.o
                0x038031fc                Drive::set_heading_constants(float, float, float, float, float)
 .text._ZN5Drive19set_swing_constantsEfffff
                0x03803218       0x1c build/src/JAR-Template/drive.o
                0x03803218                Drive::set_swing_constants(float, float, float, float, float)
 .text._ZN5Drive24set_turn_exit_conditionsEfff
                0x03803234        0xc build/src/JAR-Template/drive.o
                0x03803234                Drive::set_turn_exit_conditions(float, float, float)
 .text._ZN5Drive25set_drive_exit_conditionsEfff
                0x03803240        0xc build/src/JAR-Template/drive.o
                0x03803240                Drive::set_drive_exit_conditions(float, float, float)
 .text._ZN5Drive25set_swing_exit_conditionsEfff
                0x0380324c        0xc build/src/JAR-Template/drive.o
                0x0380324c                Drive::set_swing_exit_conditions(float, float, float)
 .text._ZN5Drive20get_absolute_headingEv
                0x03803258       0x48 build/src/JAR-Template/drive.o
                0x03803258                Drive::get_absolute_heading()
 .text._ZN5Drive10drive_stopEN3vex9brakeTypeE
                0x038032a0       0x28 build/src/JAR-Template/drive.o
                0x038032a0                Drive::drive_stop(vex::brakeType)
 .text._ZN5Drive13turn_to_angleEf
                0x038032c8       0x50 build/src/JAR-Template/drive.o
                0x038032c8                Drive::turn_to_angle(float)
 .text._ZN5Drive13turn_to_angleEfffffffff
                0x03803318      0x150 build/src/JAR-Template/drive.o
                0x03803318                Drive::turn_to_angle(float, float, float, float, float, float, float, float, float)
 .text._ZN5Drive14drive_distanceEf
                0x03803468       0xc8 build/src/JAR-Template/drive.o
                0x03803468                Drive::drive_distance(float)
 .text._ZN5Drive14drive_distanceEfffffffffffffff
                0x03803530      0x2c0 build/src/JAR-Template/drive.o
                0x03803530                Drive::drive_distance(float, float, float, float, float, float, float, float, float, float, float, float, float, float, float)
 .text._ZN5Drive27get_ForwardTracker_positionEv
                0x038037f0       0xa0 build/src/JAR-Template/drive.o
                0x038037f0                Drive::get_ForwardTracker_position()
 .text._ZN5Drive28get_SidewaysTracker_positionEv
                0x03803890       0x88 build/src/JAR-Template/drive.o
                0x03803890                Drive::get_SidewaysTracker_position()
 .text._ZN5Drive14position_trackEv
                0x03803918       0x88 build/src/JAR-Template/drive.o
                0x03803918                Drive::position_track()
 .text._ZN5Drive15set_coordinatesEfff
                0x038039a0       0xb0 build/src/JAR-Template/drive.o
                0x038039a0                Drive::set_coordinates(float, float, float)
 .text._ZN5Drive19position_track_taskEv
                0x03803a50       0x14 build/src/JAR-Template/drive.o
                0x03803a50                Drive::position_track_task()
 .text._ZN5Drive13drive_to_poseEfff
                0x03803a64       0x98 build/src/JAR-Template/drive.o
                0x03803a64                Drive::drive_to_pose(float, float, float)
 *fill*         0x03803afc        0x4 
 .text._ZN5Drive13drive_to_poseEfffffffffffffffffff
                0x03803b00      0x514 build/src/JAR-Template/drive.o
                0x03803b00                Drive::drive_to_pose(float, float, float, float, float, float, float, float, float, float, float, float, float, float, float, float, float, float, float)
 .text._ZN5Drive14control_arcadeEv
                0x03804014      0x114 build/src/JAR-Template/drive.o
                0x03804014                Drive::control_arcade()
 .text._ZN3PIDC2Efffff
                0x03804128       0x38 build/src/JAR-Template/PID.o
                0x03804128                PID::PID(float, float, float, float, float)
                0x03804128                PID::PID(float, float, float, float, float)
 .text._ZN3PIDC2Effffffff
                0x03804160       0x50 build/src/JAR-Template/PID.o
                0x03804160                PID::PID(float, float, float, float, float, float, float, float)
                0x03804160                PID::PID(float, float, float, float, float, float, float, float)
 .text._ZN3PID7computeEf
                0x038041b0       0xd0 build/src/JAR-Template/PID.o
                0x038041b0                PID::compute(float)
 .text._ZN3PID10is_settledEv
                0x03804280       0x44 build/src/JAR-Template/PID.o
                0x03804280                PID::is_settled()
 .text._GLOBAL__sub_I_math.cpp
                0x038042c4       0x34 build/src/sylib/math.o
 .text._ZN5sylib11delay_untilEPmm
                0x038042f8       0x24 build/src/sylib/system.o
                0x038042f8                sylib::delay_until(unsigned long*, unsigned long)
 .text._ZN5sylib5delayEm
                0x0380431c        0x4 build/src/sylib/system.o
                0x0380431c                sylib::delay(unsigned long)
 .text._ZN5sylib6millisEv
                0x03804320        0x4 build/src/sylib/system.o
                0x03804320                sylib::millis()
 .text.__cxx_global_array_dtor
                0x03804324       0x2c build/src/sylib/system.o
 .text.__cxx_global_array_dtor.3
                0x03804350       0x2c build/src/sylib/system.o
 .text._ZNSt6vectorIPN5sylib6DeviceESaIS2_EED2Ev
                0x0380437c       0x24 build/src/sylib/system.o
                0x0380437c                std::vector<sylib::Device*, std::allocator<sylib::Device*> >::~vector()
 .text._ZN5sylib11SylibDaemon16startSylibDaemonEv
                0x038043a0       0x50 build/src/sylib/system.o
                0x038043a0                sylib::SylibDaemon::startSylibDaemon()
 .text._ZN5sylib11SylibDaemon19managerTaskFunctionEv
                0x038043f0      0x298 build/src/sylib/system.o
                0x038043f0                sylib::SylibDaemon::managerTaskFunction()
 .text._ZNSt10unique_ptrIN5sylib4TaskESt14default_deleteIS1_EED2Ev
                0x03804688       0x30 build/src/sylib/system.o
                0x03804688                std::unique_ptr<sylib::Task, std::default_delete<sylib::Task> >::~unique_ptr()
 .text._ZN5sylib11SylibDaemonD2Ev
                0x038046b8        0x4 build/src/sylib/system.o
                0x038046b8                sylib::SylibDaemon::~SylibDaemon()
                0x038046b8                sylib::SylibDaemon::~SylibDaemon()
 .text._ZN5sylib11SylibDaemon11getInstanceEv
                0x038046bc       0x70 build/src/sylib/system.o
                0x038046bc                sylib::SylibDaemon::getInstance()
 .text._ZN5sylib11SylibDaemon19createSubTaskUnsafeEPNS_6DeviceE
                0x0380472c       0xb8 build/src/sylib/system.o
                0x0380472c                sylib::SylibDaemon::createSubTaskUnsafe(sylib::Device*)
 .text._ZN5sylib11SylibDaemon13createSubTaskEPNS_6DeviceE
                0x038047e4       0x40 build/src/sylib/system.o
                0x038047e4                sylib::SylibDaemon::createSubTask(sylib::Device*)
 .text._ZN5sylib11SylibDaemon13removeSubTaskEPNS_6DeviceE
                0x03804824       0xc0 build/src/sylib/system.o
                0x03804824                sylib::SylibDaemon::removeSubTask(sylib::Device*)
 .text._ZN5sylib6Device12startSubTaskEv
                0x038048e4       0xd4 build/src/sylib/system.o
                0x038048e4                sylib::Device::startSubTask()
 .text._ZN5sylib6Device11killSubTaskEv
                0x038049b8       0x50 build/src/sylib/system.o
                0x038049b8                sylib::Device::killSubTask()
 .text._ZN5sylib6DeviceC2Eii
                0x03804a08       0x48 build/src/sylib/system.o
                0x03804a08                sylib::Device::Device(int, int)
 .text._ZN5sylib6DeviceD2Ev
                0x03804a50       0x40 build/src/sylib/system.o
                0x03804a50                sylib::Device::~Device()
                0x03804a50                sylib::Device::~Device()
 .text._ZN5sylib6Device15setUpdateOffsetEi
                0x03804a90        0x8 build/src/sylib/system.o
                0x03804a90                sylib::Device::setUpdateOffset(int)
 .text._ZN5sylib6Device18setUpdateFrequencyEi
                0x03804a98        0x8 build/src/sylib/system.o
                0x03804a98                sylib::Device::setUpdateFrequency(int)
 .text._ZN5sylib10initializeEv
                0x03804aa0       0x1c build/src/sylib/system.o
                0x03804aa0                sylib::initialize()
 .text._ZNSt10unique_ptrIN5sylib4TaskESt14default_deleteIS1_EE5resetEPS1_
                0x03804abc       0x28 build/src/sylib/system.o
                0x03804abc                std::unique_ptr<sylib::Task, std::default_delete<sylib::Task> >::reset(sylib::Task*)
 .text._ZNSt6vectorIPN5sylib6DeviceESaIS2_EE19_M_emplace_back_auxIJRKS2_EEEvDpOT_
                0x03804ae4       0x8c build/src/sylib/system.o
                0x03804ae4                void std::vector<sylib::Device*, std::allocator<sylib::Device*> >::_M_emplace_back_aux<sylib::Device* const&>(sylib::Device* const&)
 .text._ZNKSt6vectorIPN5sylib6DeviceESaIS2_EE12_M_check_lenEjPKc
                0x03804b70       0x54 build/src/sylib/system.o
                0x03804b70                std::vector<sylib::Device*, std::allocator<sylib::Device*> >::_M_check_len(unsigned int, char const*) const
 .text._ZNSt12_Vector_baseIPN5sylib6DeviceESaIS2_EE11_M_allocateEj
                0x03804bc4       0x30 build/src/sylib/system.o
                0x03804bc4                std::_Vector_base<sylib::Device*, std::allocator<sylib::Device*> >::_M_allocate(unsigned int)
 .text._ZSt11__remove_ifIN9__gnu_cxx17__normal_iteratorIPPN5sylib6DeviceESt6vectorIS4_SaIS4_EEEENS0_5__ops16_Iter_equals_valIKS4_EEET_SE_SE_T0_
                0x03804bf4       0x44 build/src/sylib/system.o
                0x03804bf4                __gnu_cxx::__normal_iterator<sylib::Device**, std::vector<sylib::Device*, std::allocator<sylib::Device*> > > std::__remove_if<__gnu_cxx::__normal_iterator<sylib::Device**, std::vector<sylib::Device*, std::allocator<sylib::Device*> > >, __gnu_cxx::__ops::_Iter_equals_val<sylib::Device* const> >(__gnu_cxx::__normal_iterator<sylib::Device**, std::vector<sylib::Device*, std::allocator<sylib::Device*> > >, __gnu_cxx::__normal_iterator<sylib::Device**, std::vector<sylib::Device*, std::allocator<sylib::Device*> > >, __gnu_cxx::__ops::_Iter_equals_val<sylib::Device* const>)
 .text._ZSt9__find_ifIN9__gnu_cxx17__normal_iteratorIPPN5sylib6DeviceESt6vectorIS4_SaIS4_EEEENS0_5__ops16_Iter_equals_valIKS4_EEET_SE_SE_T0_St26random_access_iterator_tag
                0x03804c38       0xdc build/src/sylib/system.o
                0x03804c38                __gnu_cxx::__normal_iterator<sylib::Device**, std::vector<sylib::Device*, std::allocator<sylib::Device*> > > std::__find_if<__gnu_cxx::__normal_iterator<sylib::Device**, std::vector<sylib::Device*, std::allocator<sylib::Device*> > >, __gnu_cxx::__ops::_Iter_equals_val<sylib::Device* const> >(__gnu_cxx::__normal_iterator<sylib::Device**, std::vector<sylib::Device*, std::allocator<sylib::Device*> > >, __gnu_cxx::__normal_iterator<sylib::Device**, std::vector<sylib::Device*, std::allocator<sylib::Device*> > >, __gnu_cxx::__ops::_Iter_equals_val<sylib::Device* const>, std::random_access_iterator_tag)
 .text._GLOBAL__sub_I_system.cpp
                0x03804d14       0xd4 build/src/sylib/system.o
 .text._GLOBAL__sub_I_sylib.cpp
                0x03804de8       0x34 build/src/sylib/sylib.o
 .text._ZNSt11unique_lockIN5sylib5MutexEEaSEOS2_
                0x03804e1c       0x78 build/src/sylib/motor.o
                0x03804e1c                std::unique_lock<sylib::Mutex>::operator=(std::unique_lock<sylib::Mutex>&&)
 .text._ZNSt11unique_lockIN5sylib5MutexEE6unlockEv
                0x03804e94       0x3c build/src/sylib/motor.o
                0x03804e94                std::unique_lock<sylib::Mutex>::unlock()
 .text._ZNSt11unique_lockIN5sylib5MutexEE4lockEv
                0x03804ed0       0x44 build/src/sylib/motor.o
                0x03804ed0                std::unique_lock<sylib::Mutex>::lock()
 .text._GLOBAL__sub_I_motor.cpp
                0x03804f14       0x34 build/src/sylib/motor.o
 .text._ZN5sylib7AddrledC2EhhhSt6vectorImSaImEE
                0x03804f48      0x2b4 build/src/sylib/addrled.o
                0x03804f48                sylib::Addrled::Addrled(unsigned char, unsigned char, unsigned char, std::vector<unsigned long, std::allocator<unsigned long> >)
                0x03804f48                sylib::Addrled::Addrled(unsigned char, unsigned char, unsigned char, std::vector<unsigned long, std::allocator<unsigned long> >)
 .text._ZN5sylib7Addrled22setAddrledUpdateCyclesEi
                0x038051fc       0xa0 build/src/sylib/addrled.o
                0x038051fc                sylib::Addrled::setAddrledUpdateCycles(int)
 .text._ZNSt6vectorImSaImEE6resizeEj
                0x0380529c       0x30 build/src/sylib/addrled.o
                0x0380529c                std::vector<unsigned long, std::allocator<unsigned long> >::resize(unsigned int)
 .text._ZN5sylib7AddrledD2Ev
                0x038052cc      0x104 build/src/sylib/addrled.o
                0x038052cc                sylib::Addrled::~Addrled()
                0x038052cc                sylib::Addrled::~Addrled()
 .text._ZNSt6vectorImSaImEED2Ev
                0x038053d0       0x24 build/src/sylib/addrled.o
                0x038053d0                std::vector<unsigned long, std::allocator<unsigned long> >::~vector()
 .text._ZNSt6vectorIPN5sylib7AddrledESaIS2_EED2Ev
                0x038053f4       0x24 build/src/sylib/addrled.o
                0x038053f4                std::vector<sylib::Addrled*, std::allocator<sylib::Addrled*> >::~vector()
 .text._ZN5sylib7Addrled6updateEv
                0x03805418      0x500 build/src/sylib/addrled.o
                0x03805418                sylib::Addrled::update()
 .text._ZNSt6vectorImSaImEEaSERKS1_
                0x03805918      0x104 build/src/sylib/addrled.o
                0x03805918                std::vector<unsigned long, std::allocator<unsigned long> >::operator=(std::vector<unsigned long, std::allocator<unsigned long> > const&)
 .text._ZN5sylib7Addrled7set_allEm
                0x03805a1c       0x6c build/src/sylib/addrled.o
                0x03805a1c                sylib::Addrled::set_all(unsigned long)
 .text._ZNSt6vectorIPN5sylib7AddrledESaIS2_EE19_M_emplace_back_auxIJS2_EEEvDpOT_
                0x03805a88       0x8c build/src/sylib/addrled.o
                0x03805a88                void std::vector<sylib::Addrled*, std::allocator<sylib::Addrled*> >::_M_emplace_back_aux<sylib::Addrled*>(sylib::Addrled*&&)
 .text._ZNKSt6vectorIPN5sylib7AddrledESaIS2_EE12_M_check_lenEjPKc
                0x03805b14       0x54 build/src/sylib/addrled.o
                0x03805b14                std::vector<sylib::Addrled*, std::allocator<sylib::Addrled*> >::_M_check_len(unsigned int, char const*) const
 .text._ZNSt12_Vector_baseIPN5sylib7AddrledESaIS2_EE11_M_allocateEj
                0x03805b68       0x30 build/src/sylib/addrled.o
                0x03805b68                std::_Vector_base<sylib::Addrled*, std::allocator<sylib::Addrled*> >::_M_allocate(unsigned int)
 .text._ZNSt6vectorImSaImEE17_M_default_appendEj
                0x03805b98       0xcc build/src/sylib/addrled.o
                0x03805b98                std::vector<unsigned long, std::allocator<unsigned long> >::_M_default_append(unsigned int)
 .text._ZNKSt6vectorImSaImEE12_M_check_lenEjPKc
                0x03805c64       0x54 build/src/sylib/addrled.o
                0x03805c64                std::vector<unsigned long, std::allocator<unsigned long> >::_M_check_len(unsigned int, char const*) const
 .text._ZNSt12_Vector_baseImSaImEE11_M_allocateEj
                0x03805cb8       0x30 build/src/sylib/addrled.o
                0x03805cb8                std::_Vector_base<unsigned long, std::allocator<unsigned long> >::_M_allocate(unsigned int)
 .text._ZSt11__remove_ifIN9__gnu_cxx17__normal_iteratorIPPN5sylib7AddrledESt6vectorIS4_SaIS4_EEEENS0_5__ops16_Iter_equals_valIKS4_EEET_SE_SE_T0_
                0x03805ce8       0x44 build/src/sylib/addrled.o
                0x03805ce8                __gnu_cxx::__normal_iterator<sylib::Addrled**, std::vector<sylib::Addrled*, std::allocator<sylib::Addrled*> > > std::__remove_if<__gnu_cxx::__normal_iterator<sylib::Addrled**, std::vector<sylib::Addrled*, std::allocator<sylib::Addrled*> > >, __gnu_cxx::__ops::_Iter_equals_val<sylib::Addrled* const> >(__gnu_cxx::__normal_iterator<sylib::Addrled**, std::vector<sylib::Addrled*, std::allocator<sylib::Addrled*> > >, __gnu_cxx::__normal_iterator<sylib::Addrled**, std::vector<sylib::Addrled*, std::allocator<sylib::Addrled*> > >, __gnu_cxx::__ops::_Iter_equals_val<sylib::Addrled* const>)
 .text._ZSt9__find_ifIN9__gnu_cxx17__normal_iteratorIPPN5sylib7AddrledESt6vectorIS4_SaIS4_EEEENS0_5__ops16_Iter_equals_valIKS4_EEET_SE_SE_T0_St26random_access_iterator_tag
                0x03805d2c       0xdc build/src/sylib/addrled.o
                0x03805d2c                __gnu_cxx::__normal_iterator<sylib::Addrled**, std::vector<sylib::Addrled*, std::allocator<sylib::Addrled*> > > std::__find_if<__gnu_cxx::__normal_iterator<sylib::Addrled**, std::vector<sylib::Addrled*, std::allocator<sylib::Addrled*> > >, __gnu_cxx::__ops::_Iter_equals_val<sylib::Addrled* const> >(__gnu_cxx::__normal_iterator<sylib::Addrled**, std::vector<sylib::Addrled*, std::allocator<sylib::Addrled*> > >, __gnu_cxx::__normal_iterator<sylib::Addrled**, std::vector<sylib::Addrled*, std::allocator<sylib::Addrled*> > >, __gnu_cxx::__ops::_Iter_equals_val<sylib::Addrled* const>, std::random_access_iterator_tag)
 .text._ZSt8__rotateIN9__gnu_cxx17__normal_iteratorIPmSt6vectorImSaImEEEEEvT_S7_S7_St26random_access_iterator_tag
                0x03805e08      0x150 build/src/sylib/addrled.o
                0x03805e08                void std::__rotate<__gnu_cxx::__normal_iterator<unsigned long*, std::vector<unsigned long, std::allocator<unsigned long> > > >(__gnu_cxx::__normal_iterator<unsigned long*, std::vector<unsigned long, std::allocator<unsigned long> > >, __gnu_cxx::__normal_iterator<unsigned long*, std::vector<unsigned long, std::allocator<unsigned long> > >, __gnu_cxx::__normal_iterator<unsigned long*, std::vector<unsigned long, std::allocator<unsigned long> > >, std::random_access_iterator_tag)
 .text._GLOBAL__sub_I_addrled.cpp
                0x03805f58       0x84 build/src/sylib/addrled.o
 .text.vexMain  0x03805fdc       0xb0 c:\Users\banth\AppData\Roaming\Code\User\globalStorage\vexrobotics.vexcode\sdk\cpp\V5\V5_20240802_15_00_00/vexv5\libv5rt.a(v5_startup.c.obj)
                0x03805fdc                vexMain
 .text.__vex_function_prolog
                0x0380608c       0x18 c:\Users\banth\AppData\Roaming\Code\User\globalStorage\vexrobotics.vexcode\sdk\cpp\V5\V5_20240802_15_00_00/vexv5\libv5rt.a(v5_startup.c.obj)
                0x0380608c                __vex_function_prolog
 .text._init    0x038060a4        0x4 c:\Users\banth\AppData\Roaming\Code\User\globalStorage\vexrobotics.vexcode\sdk\cpp\V5\V5_20240802_15_00_00/vexv5\libv5rt.a(v5_startup.c.obj)
                0x038060a4                _init
 .text._fini    0x038060a8        0x4 c:\Users\banth\AppData\Roaming\Code\User\globalStorage\vexrobotics.vexcode\sdk\cpp\V5\V5_20240802_15_00_00/vexv5\libv5rt.a(v5_startup.c.obj)
                0x038060a8                _fini
 .text.vexStdlibVersionLinked
                0x038060ac        0xc c:\Users\banth\AppData\Roaming\Code\User\globalStorage\vexrobotics.vexcode\sdk\cpp\V5\V5_20240802_15_00_00/vexv5\libv5rt.a(v5_util.c.obj)
                0x038060ac                vexStdlibVersionLinked
 .text.vexStdlibVersionVerify
                0x038060b8       0x30 c:\Users\banth\AppData\Roaming\Code\User\globalStorage\vexrobotics.vexcode\sdk\cpp\V5\V5_20240802_15_00_00/vexv5\libv5rt.a(v5_util.c.obj)
                0x038060b8                vexStdlibVersionVerify
 .text.vexPrivateApiEnable
                0x038060e8       0x10 c:\Users\banth\AppData\Roaming\Code\User\globalStorage\vexrobotics.vexcode\sdk\cpp\V5\V5_20240802_15_00_00/vexv5\libv5rt.a(v5_apijump.c.obj)
                0x038060e8                vexPrivateApiEnable
 .text.vexStdlibMismatchError
                0x038060f8       0x3c c:\Users\banth\AppData\Roaming\Code\User\globalStorage\vexrobotics.vexcode\sdk\cpp\V5\V5_20240802_15_00_00/vexv5\libv5rt.a(v5_apijump.c.obj)
                0x038060f8                vexStdlibMismatchError
 .text.vexScratchMemoryPtr
                0x03806134       0x30 c:\Users\banth\AppData\Roaming\Code\User\globalStorage\vexrobotics.vexcode\sdk\cpp\V5\V5_20240802_15_00_00/vexv5\libv5rt.a(v5_apijump.c.obj)
                0x03806134                vexScratchMemoryPtr
 .text.vexTaskAdd
                0x03806164       0x10 c:\Users\banth\AppData\Roaming\Code\User\globalStorage\vexrobotics.vexcode\sdk\cpp\V5\V5_20240802_15_00_00/vexv5\libv5rt.a(v5_apijump.c.obj)
                0x03806164                vexTaskAdd
 .text.vexTasksRun
                0x03806174       0x10 c:\Users\banth\AppData\Roaming\Code\User\globalStorage\vexrobotics.vexcode\sdk\cpp\V5\V5_20240802_15_00_00/vexv5\libv5rt.a(v5_apijump.c.obj)
                0x03806174                vexTasksRun
 .text.vexTaskYield
                0x03806184       0x10 c:\Users\banth\AppData\Roaming\Code\User\globalStorage\vexrobotics.vexcode\sdk\cpp\V5\V5_20240802_15_00_00/vexv5\libv5rt.a(v5_apijump.c.obj)
                0x03806184                vexTaskYield
 .text.vexTaskCheckTimeslice
                0x03806194       0x10 c:\Users\banth\AppData\Roaming\Code\User\globalStorage\vexrobotics.vexcode\sdk\cpp\V5\V5_20240802_15_00_00/vexv5\libv5rt.a(v5_apijump.c.obj)
                0x03806194                vexTaskCheckTimeslice
 .text.vexTaskGetIndex
                0x038061a4       0x10 c:\Users\banth\AppData\Roaming\Code\User\globalStorage\vexrobotics.vexcode\sdk\cpp\V5\V5_20240802_15_00_00/vexv5\libv5rt.a(v5_apijump.c.obj)
                0x038061a4                vexTaskGetIndex
 .text.vexTaskSleep
                0x038061b4       0x10 c:\Users\banth\AppData\Roaming\Code\User\globalStorage\vexrobotics.vexcode\sdk\cpp\V5\V5_20240802_15_00_00/vexv5\libv5rt.a(v5_apijump.c.obj)
                0x038061b4                vexTaskSleep
 .text.vexSemaphoreInit
                0x038061c4       0x24 c:\Users\banth\AppData\Roaming\Code\User\globalStorage\vexrobotics.vexcode\sdk\cpp\V5\V5_20240802_15_00_00/vexv5\libv5rt.a(v5_apijump.c.obj)
                0x038061c4                vexSemaphoreInit
 .text.vexSemaphoreLock
                0x038061e8       0x2c c:\Users\banth\AppData\Roaming\Code\User\globalStorage\vexrobotics.vexcode\sdk\cpp\V5\V5_20240802_15_00_00/vexv5\libv5rt.a(v5_apijump.c.obj)
                0x038061e8                vexSemaphoreLock
 .text.vexSemaphoreUnlock
                0x03806214       0x24 c:\Users\banth\AppData\Roaming\Code\User\globalStorage\vexrobotics.vexcode\sdk\cpp\V5\V5_20240802_15_00_00/vexv5\libv5rt.a(v5_apijump.c.obj)
                0x03806214                vexSemaphoreUnlock
 .text.vexTasksDump
                0x03806238       0x1c c:\Users\banth\AppData\Roaming\Code\User\globalStorage\vexrobotics.vexcode\sdk\cpp\V5\V5_20240802_15_00_00/vexv5\libv5rt.a(v5_apijump.c.obj)
                0x03806238                vexTasksDump
 .text.vexTaskGetTaskIndex
                0x03806254       0x10 c:\Users\banth\AppData\Roaming\Code\User\globalStorage\vexrobotics.vexcode\sdk\cpp\V5\V5_20240802_15_00_00/vexv5\libv5rt.a(v5_apijump.c.obj)
                0x03806254                vexTaskGetTaskIndex
 .text.vexTaskStopAll
                0x03806264       0x10 c:\Users\banth\AppData\Roaming\Code\User\globalStorage\vexrobotics.vexcode\sdk\cpp\V5\V5_20240802_15_00_00/vexv5\libv5rt.a(v5_apijump.c.obj)
                0x03806264                vexTaskStopAll
 .text.vexTaskRemoveAllUser
                0x03806274       0x34 c:\Users\banth\AppData\Roaming\Code\User\globalStorage\vexrobotics.vexcode\sdk\cpp\V5\V5_20240802_15_00_00/vexv5\libv5rt.a(v5_apijump.c.obj)
                0x03806274                vexTaskRemoveAllUser
 .text.vexTaskCompletionIdSet
                0x038062a8       0x10 c:\Users\banth\AppData\Roaming\Code\User\globalStorage\vexrobotics.vexcode\sdk\cpp\V5\V5_20240802_15_00_00/vexv5\libv5rt.a(v5_apijump.c.obj)
                0x038062a8                vexTaskCompletionIdSet
 .text.vexTaskStopWithId
                0x038062b8       0x10 c:\Users\banth\AppData\Roaming\Code\User\globalStorage\vexrobotics.vexcode\sdk\cpp\V5\V5_20240802_15_00_00/vexv5\libv5rt.a(v5_apijump.c.obj)
                0x038062b8                vexTaskStopWithId
 .text.vexTaskGetCallbackAndId
                0x038062c8       0x54 c:\Users\banth\AppData\Roaming\Code\User\globalStorage\vexrobotics.vexcode\sdk\cpp\V5\V5_20240802_15_00_00/vexv5\libv5rt.a(v5_apijump.c.obj)
                0x038062c8                vexTaskGetCallbackAndId
 .text.vexCriticalSection
                0x0380631c       0x2c c:\Users\banth\AppData\Roaming\Code\User\globalStorage\vexrobotics.vexcode\sdk\cpp\V5\V5_20240802_15_00_00/vexv5\libv5rt.a(v5_apijump.c.obj)
                0x0380631c                vexCriticalSection
 .text.vexEventAdd
                0x03806348       0x34 c:\Users\banth\AppData\Roaming\Code\User\globalStorage\vexrobotics.vexcode\sdk\cpp\V5\V5_20240802_15_00_00/vexv5\libv5rt.a(v5_apijump.c.obj)
                0x03806348                vexEventAdd
 .text.vexEventUserIndexGet
                0x0380637c       0x1c c:\Users\banth\AppData\Roaming\Code\User\globalStorage\vexrobotics.vexcode\sdk\cpp\V5\V5_20240802_15_00_00/vexv5\libv5rt.a(v5_apijump.c.obj)
                0x0380637c                vexEventUserIndexGet
 .text.vexEventAddWithArg
                0x03806398       0x3c c:\Users\banth\AppData\Roaming\Code\User\globalStorage\vexrobotics.vexcode\sdk\cpp\V5\V5_20240802_15_00_00/vexv5\libv5rt.a(v5_apijump.c.obj)
                0x03806398                vexEventAddWithArg
 .text.vexEventsCleanup
                0x038063d4       0x2c c:\Users\banth\AppData\Roaming\Code\User\globalStorage\vexrobotics.vexcode\sdk\cpp\V5\V5_20240802_15_00_00/vexv5\libv5rt.a(v5_apijump.c.obj)
                0x038063d4                vexEventsCleanup
 .text.vexDebug
                0x03806400       0x38 c:\Users\banth\AppData\Roaming\Code\User\globalStorage\vexrobotics.vexcode\sdk\cpp\V5\V5_20240802_15_00_00/vexv5\libv5rt.a(v5_apijump.c.obj)
                0x03806400                vexDebug
 .text.vex_sprintf
                0x03806438       0x40 c:\Users\banth\AppData\Roaming\Code\User\globalStorage\vexrobotics.vexcode\sdk\cpp\V5\V5_20240802_15_00_00/vexv5\libv5rt.a(v5_apijump.c.obj)
                0x03806438                vex_sprintf
 .text.vexSystemTimeGet
                0x03806478       0x1c c:\Users\banth\AppData\Roaming\Code\User\globalStorage\vexrobotics.vexcode\sdk\cpp\V5\V5_20240802_15_00_00/vexv5\libv5rt.a(v5_apijump.c.obj)
                0x03806478                vexSystemTimeGet
 .text.vexSystemExitRequest
                0x03806494       0x1c c:\Users\banth\AppData\Roaming\Code\User\globalStorage\vexrobotics.vexcode\sdk\cpp\V5\V5_20240802_15_00_00/vexv5\libv5rt.a(v5_apijump.c.obj)
                0x03806494                vexSystemExitRequest
 .text.vexSystemHighResTimeGet
                0x038064b0       0x38 c:\Users\banth\AppData\Roaming\Code\User\globalStorage\vexrobotics.vexcode\sdk\cpp\V5\V5_20240802_15_00_00/vexv5\libv5rt.a(v5_apijump.c.obj)
                0x038064b0                vexSystemHighResTimeGet
 .text.vexDeviceGetByIndex
                0x038064e8       0x24 c:\Users\banth\AppData\Roaming\Code\User\globalStorage\vexrobotics.vexcode\sdk\cpp\V5\V5_20240802_15_00_00/vexv5\libv5rt.a(v5_apijump.c.obj)
                0x038064e8                vexDeviceGetByIndex
 .text.vexControllerGet
                0x0380650c       0x2c c:\Users\banth\AppData\Roaming\Code\User\globalStorage\vexrobotics.vexcode\sdk\cpp\V5\V5_20240802_15_00_00/vexv5\libv5rt.a(v5_apijump.c.obj)
                0x0380650c                vexControllerGet
 .text.vexControllerTextSet
                0x03806538       0x74 c:\Users\banth\AppData\Roaming\Code\User\globalStorage\vexrobotics.vexcode\sdk\cpp\V5\V5_20240802_15_00_00/vexv5\libv5rt.a(v5_apijump.c.obj)
                0x03806538                vexControllerTextSet
 .text.vexDeviceAdiPortConfigSet
                0x038065ac       0x34 c:\Users\banth\AppData\Roaming\Code\User\globalStorage\vexrobotics.vexcode\sdk\cpp\V5\V5_20240802_15_00_00/vexv5\libv5rt.a(v5_apijump.c.obj)
                0x038065ac                vexDeviceAdiPortConfigSet
 .text.vexDeviceAdiPortConfigGet
                0x038065e0       0x2c c:\Users\banth\AppData\Roaming\Code\User\globalStorage\vexrobotics.vexcode\sdk\cpp\V5\V5_20240802_15_00_00/vexv5\libv5rt.a(v5_apijump.c.obj)
                0x038065e0                vexDeviceAdiPortConfigGet
 .text.vexDeviceAdiValueSet
                0x0380660c       0x34 c:\Users\banth\AppData\Roaming\Code\User\globalStorage\vexrobotics.vexcode\sdk\cpp\V5\V5_20240802_15_00_00/vexv5\libv5rt.a(v5_apijump.c.obj)
                0x0380660c                vexDeviceAdiValueSet
 .text.vexDeviceAdiValueGet
                0x03806640       0x2c c:\Users\banth\AppData\Roaming\Code\User\globalStorage\vexrobotics.vexcode\sdk\cpp\V5\V5_20240802_15_00_00/vexv5\libv5rt.a(v5_apijump.c.obj)
                0x03806640                vexDeviceAdiValueGet
 .text.vexDeviceAdiAddrLedSet
                0x0380666c       0x4c c:\Users\banth\AppData\Roaming\Code\User\globalStorage\vexrobotics.vexcode\sdk\cpp\V5\V5_20240802_15_00_00/vexv5\libv5rt.a(v5_apijump.c.obj)
                0x0380666c                vexDeviceAdiAddrLedSet
 .text.vexDeviceMotorVelocitySet
                0x038066b8       0x2c c:\Users\banth\AppData\Roaming\Code\User\globalStorage\vexrobotics.vexcode\sdk\cpp\V5\V5_20240802_15_00_00/vexv5\libv5rt.a(v5_apijump.c.obj)
                0x038066b8                vexDeviceMotorVelocitySet
 .text.vexDeviceMotorVoltageSet
                0x038066e4       0x2c c:\Users\banth\AppData\Roaming\Code\User\globalStorage\vexrobotics.vexcode\sdk\cpp\V5\V5_20240802_15_00_00/vexv5\libv5rt.a(v5_apijump.c.obj)
                0x038066e4                vexDeviceMotorVoltageSet
 .text.vexDeviceMotorActualVelocityGet
                0x03806710       0x24 c:\Users\banth\AppData\Roaming\Code\User\globalStorage\vexrobotics.vexcode\sdk\cpp\V5\V5_20240802_15_00_00/vexv5\libv5rt.a(v5_apijump.c.obj)
                0x03806710                vexDeviceMotorActualVelocityGet
 .text.vexDeviceMotorReverseFlagSet
                0x03806734       0x2c c:\Users\banth\AppData\Roaming\Code\User\globalStorage\vexrobotics.vexcode\sdk\cpp\V5\V5_20240802_15_00_00/vexv5\libv5rt.a(v5_apijump.c.obj)
                0x03806734                vexDeviceMotorReverseFlagSet
 .text.vexDeviceMotorEncoderUnitsSet
                0x03806760       0x2c c:\Users\banth\AppData\Roaming\Code\User\globalStorage\vexrobotics.vexcode\sdk\cpp\V5\V5_20240802_15_00_00/vexv5\libv5rt.a(v5_apijump.c.obj)
                0x03806760                vexDeviceMotorEncoderUnitsSet
 .text.vexDeviceMotorBrakeModeSet
                0x0380678c       0x2c c:\Users\banth\AppData\Roaming\Code\User\globalStorage\vexrobotics.vexcode\sdk\cpp\V5\V5_20240802_15_00_00/vexv5\libv5rt.a(v5_apijump.c.obj)
                0x0380678c                vexDeviceMotorBrakeModeSet
 .text.vexDeviceMotorPositionSet
                0x038067b8       0x34 c:\Users\banth\AppData\Roaming\Code\User\globalStorage\vexrobotics.vexcode\sdk\cpp\V5\V5_20240802_15_00_00/vexv5\libv5rt.a(v5_apijump.c.obj)
                0x038067b8                vexDeviceMotorPositionSet
 .text.vexDeviceMotorPositionGet
                0x038067ec       0x24 c:\Users\banth\AppData\Roaming\Code\User\globalStorage\vexrobotics.vexcode\sdk\cpp\V5\V5_20240802_15_00_00/vexv5\libv5rt.a(v5_apijump.c.obj)
                0x038067ec                vexDeviceMotorPositionGet
 .text.vexDeviceMotorGearingSet
                0x03806810       0x2c c:\Users\banth\AppData\Roaming\Code\User\globalStorage\vexrobotics.vexcode\sdk\cpp\V5\V5_20240802_15_00_00/vexv5\libv5rt.a(v5_apijump.c.obj)
                0x03806810                vexDeviceMotorGearingSet
 .text.vexDeviceMotorGearingGet
                0x0380683c       0x24 c:\Users\banth\AppData\Roaming\Code\User\globalStorage\vexrobotics.vexcode\sdk\cpp\V5\V5_20240802_15_00_00/vexv5\libv5rt.a(v5_apijump.c.obj)
                0x0380683c                vexDeviceMotorGearingGet
 .text.vexDeviceImuReset
                0x03806860       0x24 c:\Users\banth\AppData\Roaming\Code\User\globalStorage\vexrobotics.vexcode\sdk\cpp\V5\V5_20240802_15_00_00/vexv5\libv5rt.a(v5_apijump.c.obj)
                0x03806860                vexDeviceImuReset
 .text.vexDeviceImuHeadingGet
                0x03806884       0x24 c:\Users\banth\AppData\Roaming\Code\User\globalStorage\vexrobotics.vexcode\sdk\cpp\V5\V5_20240802_15_00_00/vexv5\libv5rt.a(v5_apijump.c.obj)
                0x03806884                vexDeviceImuHeadingGet
 .text.vexDeviceImuDegreesGet
                0x038068a8       0x24 c:\Users\banth\AppData\Roaming\Code\User\globalStorage\vexrobotics.vexcode\sdk\cpp\V5\V5_20240802_15_00_00/vexv5\libv5rt.a(v5_apijump.c.obj)
                0x038068a8                vexDeviceImuDegreesGet
 .text.vexDeviceImuStatusGet
                0x038068cc       0x24 c:\Users\banth\AppData\Roaming\Code\User\globalStorage\vexrobotics.vexcode\sdk\cpp\V5\V5_20240802_15_00_00/vexv5\libv5rt.a(v5_apijump.c.obj)
                0x038068cc                vexDeviceImuStatusGet
 .text.vexDeviceAbsEncPositionGet
                0x038068f0       0x24 c:\Users\banth\AppData\Roaming\Code\User\globalStorage\vexrobotics.vexcode\sdk\cpp\V5\V5_20240802_15_00_00/vexv5\libv5rt.a(v5_apijump.c.obj)
                0x038068f0                vexDeviceAbsEncPositionGet
 .text.vexDeviceAbsEncAngleGet
                0x03806914       0x24 c:\Users\banth\AppData\Roaming\Code\User\globalStorage\vexrobotics.vexcode\sdk\cpp\V5\V5_20240802_15_00_00/vexv5\libv5rt.a(v5_apijump.c.obj)
                0x03806914                vexDeviceAbsEncAngleGet
 .text.vexDeviceAbsEncReverseFlagSet
                0x03806938       0x2c c:\Users\banth\AppData\Roaming\Code\User\globalStorage\vexrobotics.vexcode\sdk\cpp\V5\V5_20240802_15_00_00/vexv5\libv5rt.a(v5_apijump.c.obj)
                0x03806938                vexDeviceAbsEncReverseFlagSet
 .text.vexDeviceDistanceDistanceGet
                0x03806964       0x24 c:\Users\banth\AppData\Roaming\Code\User\globalStorage\vexrobotics.vexcode\sdk\cpp\V5\V5_20240802_15_00_00/vexv5\libv5rt.a(v5_apijump.c.obj)
                0x03806964                vexDeviceDistanceDistanceGet
 .text.vexDisplayForegroundColor
                0x03806988       0x24 c:\Users\banth\AppData\Roaming\Code\User\globalStorage\vexrobotics.vexcode\sdk\cpp\V5\V5_20240802_15_00_00/vexv5\libv5rt.a(v5_apijump.c.obj)
                0x03806988                vexDisplayForegroundColor
 .text.vexDisplayBackgroundColor
                0x038069ac       0x24 c:\Users\banth\AppData\Roaming\Code\User\globalStorage\vexrobotics.vexcode\sdk\cpp\V5\V5_20240802_15_00_00/vexv5\libv5rt.a(v5_apijump.c.obj)
                0x038069ac                vexDisplayBackgroundColor
 .text.vexDisplayBackgroundColorGet
                0x038069d0       0x1c c:\Users\banth\AppData\Roaming\Code\User\globalStorage\vexrobotics.vexcode\sdk\cpp\V5\V5_20240802_15_00_00/vexv5\libv5rt.a(v5_apijump.c.obj)
                0x038069d0                vexDisplayBackgroundColorGet
 .text.vexDisplayCopyRect
                0x038069ec       0x5c c:\Users\banth\AppData\Roaming\Code\User\globalStorage\vexrobotics.vexcode\sdk\cpp\V5\V5_20240802_15_00_00/vexv5\libv5rt.a(v5_apijump.c.obj)
                0x038069ec                vexDisplayCopyRect
 .text.vexDisplayRectClear
                0x03806a48       0x4c c:\Users\banth\AppData\Roaming\Code\User\globalStorage\vexrobotics.vexcode\sdk\cpp\V5\V5_20240802_15_00_00/vexv5\libv5rt.a(v5_apijump.c.obj)
                0x03806a48                vexDisplayRectClear
 .text.vexDisplayVPrintf
                0x03806a94       0x50 c:\Users\banth\AppData\Roaming\Code\User\globalStorage\vexrobotics.vexcode\sdk\cpp\V5\V5_20240802_15_00_00/vexv5\libv5rt.a(v5_apijump.c.obj)
                0x03806a94                vexDisplayVPrintf
 .text.vexDisplayTextReference
                0x03806ae4       0x24 c:\Users\banth\AppData\Roaming\Code\User\globalStorage\vexrobotics.vexcode\sdk\cpp\V5\V5_20240802_15_00_00/vexv5\libv5rt.a(v5_apijump.c.obj)
                0x03806ae4                vexDisplayTextReference
 .text.vexDisplayTextSize
                0x03806b08       0x2c c:\Users\banth\AppData\Roaming\Code\User\globalStorage\vexrobotics.vexcode\sdk\cpp\V5\V5_20240802_15_00_00/vexv5\libv5rt.a(v5_apijump.c.obj)
                0x03806b08                vexDisplayTextSize
 .text.vexDisplayFontNamedSet
                0x03806b34       0x24 c:\Users\banth\AppData\Roaming\Code\User\globalStorage\vexrobotics.vexcode\sdk\cpp\V5\V5_20240802_15_00_00/vexv5\libv5rt.a(v5_apijump.c.obj)
                0x03806b34                vexDisplayFontNamedSet
 .text.vexSystemStdlibImpureDataAddr
                0x03806b58       0x28 c:\Users\banth\AppData\Roaming\Code\User\globalStorage\vexrobotics.vexcode\sdk\cpp\V5\V5_20240802_15_00_00/vexv5\libv5rt.a(v5_apijump.c.obj)
                0x03806b58                vexSystemStdlibImpureDataAddr
 .text.vexSystemStdlibImpureDataSize
                0x03806b80       0x28 c:\Users\banth\AppData\Roaming\Code\User\globalStorage\vexrobotics.vexcode\sdk\cpp\V5\V5_20240802_15_00_00/vexv5\libv5rt.a(v5_apijump.c.obj)
                0x03806b80                vexSystemStdlibImpureDataSize
 .text.vexSystemSaveUserData
                0x03806ba8       0x3c c:\Users\banth\AppData\Roaming\Code\User\globalStorage\vexrobotics.vexcode\sdk\cpp\V5\V5_20240802_15_00_00/vexv5\libv5rt.a(v5_apijump.c.obj)
                0x03806ba8                vexSystemSaveUserData
 .text.vexTouchDataGet
                0x03806be4       0x10 c:\Users\banth\AppData\Roaming\Code\User\globalStorage\vexrobotics.vexcode\sdk\cpp\V5\V5_20240802_15_00_00/vexv5\libv5rt.a(v5_apijump.c.obj)
                0x03806be4                vexTouchDataGet
 .text.vexImageBmpRead
                0x03806bf4       0x3c c:\Users\banth\AppData\Roaming\Code\User\globalStorage\vexrobotics.vexcode\sdk\cpp\V5\V5_20240802_15_00_00/vexv5\libv5rt.a(v5_apijump.c.obj)
                0x03806bf4                vexImageBmpRead
 .text.vexImagePngRead
                0x03806c30       0x44 c:\Users\banth\AppData\Roaming\Code\User\globalStorage\vexrobotics.vexcode\sdk\cpp\V5\V5_20240802_15_00_00/vexv5\libv5rt.a(v5_apijump.c.obj)
                0x03806c30                vexImagePngRead
 .text.vexDisplayThemeIdGet
                0x03806c74       0x38 c:\Users\banth\AppData\Roaming\Code\User\globalStorage\vexrobotics.vexcode\sdk\cpp\V5\V5_20240802_15_00_00/vexv5\libv5rt.a(v5_apijump.c.obj)
                0x03806c74                vexDisplayThemeIdGet
 .text.vexCompetitionStatus
                0x03806cac       0x1c c:\Users\banth\AppData\Roaming\Code\User\globalStorage\vexrobotics.vexcode\sdk\cpp\V5\V5_20240802_15_00_00/vexv5\libv5rt.a(v5_apijump.c.obj)
                0x03806cac                vexCompetitionStatus
 .text.vexBatteryCapacityGet
                0x03806cc8       0x1c c:\Users\banth\AppData\Roaming\Code\User\globalStorage\vexrobotics.vexcode\sdk\cpp\V5\V5_20240802_15_00_00/vexv5\libv5rt.a(v5_apijump.c.obj)
                0x03806cc8                vexBatteryCapacityGet
 .text.vexDeviceEventMaskSet
                0x03806ce4       0x48 c:\Users\banth\AppData\Roaming\Code\User\globalStorage\vexrobotics.vexcode\sdk\cpp\V5\V5_20240802_15_00_00/vexv5\libv5rt.a(v5_apijump.c.obj)
                0x03806ce4                vexDeviceEventMaskSet
 .text.vexDeviceEventMaskGet
                0x03806d2c       0x3c c:\Users\banth\AppData\Roaming\Code\User\globalStorage\vexrobotics.vexcode\sdk\cpp\V5\V5_20240802_15_00_00/vexv5\libv5rt.a(v5_apijump.c.obj)
                0x03806d2c                vexDeviceEventMaskGet
 .text.vexSystemVersion
                0x03806d68       0x10 c:\Users\banth\AppData\Roaming\Code\User\globalStorage\vexrobotics.vexcode\sdk\cpp\V5\V5_20240802_15_00_00/vexv5\libv5rt.a(v5_apiversions.c.obj)
                0x03806d68                vexSystemVersion
 .text.vexStdlibVersion
                0x03806d78       0x10 c:\Users\banth\AppData\Roaming\Code\User\globalStorage\vexrobotics.vexcode\sdk\cpp\V5\V5_20240802_15_00_00/vexv5\libv5rt.a(v5_apiversions.c.obj)
                0x03806d78                vexStdlibVersion
 .text._ZN3vex5motorD2Ev
                0x03806d88       0x20 c:\Users\banth\AppData\Roaming\Code\User\globalStorage\vexrobotics.vexcode\sdk\cpp\V5\V5_20240802_15_00_00/vexv5\libv5rt.a(vex_motor.cpp.obj)
                0x03806d88                vex::motor::~motor()
                0x03806d88                vex::motor::~motor()
 .text._ZN3vex5motorD0Ev
                0x03806da8       0x1c c:\Users\banth\AppData\Roaming\Code\User\globalStorage\vexrobotics.vexcode\sdk\cpp\V5\V5_20240802_15_00_00/vexv5\libv5rt.a(vex_motor.cpp.obj)
                0x03806da8                vex::motor::~motor()
 .text._ZN3vex5motor9installedEv
                0x03806dc4       0x18 c:\Users\banth\AppData\Roaming\Code\User\globalStorage\vexrobotics.vexcode\sdk\cpp\V5\V5_20240802_15_00_00/vexv5\libv5rt.a(vex_motor.cpp.obj)
                0x03806dc4                vex::motor::installed()
 .text._ZN3vex5motor15defaultStoppingENS_9brakeTypeE
                0x03806ddc       0x30 c:\Users\banth\AppData\Roaming\Code\User\globalStorage\vexrobotics.vexcode\sdk\cpp\V5\V5_20240802_15_00_00/vexv5\libv5rt.a(vex_motor.cpp.obj)
                0x03806ddc                vex::motor::defaultStopping(vex::brakeType)
 .text._ZN3vex5motorC2El
                0x03806e0c       0x78 c:\Users\banth\AppData\Roaming\Code\User\globalStorage\vexrobotics.vexcode\sdk\cpp\V5\V5_20240802_15_00_00/vexv5\libv5rt.a(vex_motor.cpp.obj)
                0x03806e0c                vex::motor::motor(long)
                0x03806e0c                vex::motor::motor(long)
 .text._ZN3vex5motorC2ElNS_11gearSettingEb
                0x03806e84       0x34 c:\Users\banth\AppData\Roaming\Code\User\globalStorage\vexrobotics.vexcode\sdk\cpp\V5\V5_20240802_15_00_00/vexv5\libv5rt.a(vex_motor.cpp.obj)
                0x03806e84                vex::motor::motor(long, vex::gearSetting, bool)
                0x03806e84                vex::motor::motor(long, vex::gearSetting, bool)
 .text._ZN3vex5motorC2Elb
                0x03806eb8       0x24 c:\Users\banth\AppData\Roaming\Code\User\globalStorage\vexrobotics.vexcode\sdk\cpp\V5\V5_20240802_15_00_00/vexv5\libv5rt.a(vex_motor.cpp.obj)
                0x03806eb8                vex::motor::motor(long, bool)
                0x03806eb8                vex::motor::motor(long, bool)
 *fill*         0x03806edc        0x4 
 .text._ZN3vex5motor4spinENS_13directionTypeEdNS_12voltageUnitsE
                0x03806ee0       0x50 c:\Users\banth\AppData\Roaming\Code\User\globalStorage\vexrobotics.vexcode\sdk\cpp\V5\V5_20240802_15_00_00/vexv5\libv5rt.a(vex_motor.cpp.obj)
                0x03806ee0                vex::motor::spin(vex::directionType, double, vex::voltageUnits)
 .text._ZN3vex5motor4stopENS_9brakeTypeE
                0x03806f30       0x30 c:\Users\banth\AppData\Roaming\Code\User\globalStorage\vexrobotics.vexcode\sdk\cpp\V5\V5_20240802_15_00_00/vexv5\libv5rt.a(vex_motor.cpp.obj)
                0x03806f30                vex::motor::stop(vex::brakeType)
 .text._ZN3vex5motor4stopEv
                0x03806f60        0x8 c:\Users\banth\AppData\Roaming\Code\User\globalStorage\vexrobotics.vexcode\sdk\cpp\V5\V5_20240802_15_00_00/vexv5\libv5rt.a(vex_motor.cpp.obj)
                0x03806f60                vex::motor::stop()
 .text._ZN3vex5motor16velocityToScaledEdNS_13velocityUnitsE
                0x03806f68       0x5c c:\Users\banth\AppData\Roaming\Code\User\globalStorage\vexrobotics.vexcode\sdk\cpp\V5\V5_20240802_15_00_00/vexv5\libv5rt.a(vex_motor.cpp.obj)
                0x03806f68                vex::motor::velocityToScaled(double, vex::velocityUnits)
 .text._ZN3vex5motor8velocityENS_13velocityUnitsE
                0x03806fc4       0x30 c:\Users\banth\AppData\Roaming\Code\User\globalStorage\vexrobotics.vexcode\sdk\cpp\V5\V5_20240802_15_00_00/vexv5\libv5rt.a(vex_motor.cpp.obj)
                0x03806fc4                vex::motor::velocity(vex::velocityUnits)
 .text._ZN3vex5motor5valueEv
                0x03806ff4       0x1c c:\Users\banth\AppData\Roaming\Code\User\globalStorage\vexrobotics.vexcode\sdk\cpp\V5\V5_20240802_15_00_00/vexv5\libv5rt.a(vex_motor.cpp.obj)
                0x03806ff4                vex::motor::value()
 .text._ZN3vex5motor16scaledToVelocityEdNS_13velocityUnitsE
                0x03807010       0xa4 c:\Users\banth\AppData\Roaming\Code\User\globalStorage\vexrobotics.vexcode\sdk\cpp\V5\V5_20240802_15_00_00/vexv5\libv5rt.a(vex_motor.cpp.obj)
                0x03807010                vex::motor::scaledToVelocity(double, vex::velocityUnits)
 .text._ZN3vex5motor4spinENS_13directionTypeEdNS_13velocityUnitsE
                0x038070b4       0x5c c:\Users\banth\AppData\Roaming\Code\User\globalStorage\vexrobotics.vexcode\sdk\cpp\V5\V5_20240802_15_00_00/vexv5\libv5rt.a(vex_motor.cpp.obj)
                0x038070b4                vex::motor::spin(vex::directionType, double, vex::velocityUnits)
 .text._ZN3vex5motor16setRotationUnitsENS_13rotationUnitsE
                0x03807110       0x1c c:\Users\banth\AppData\Roaming\Code\User\globalStorage\vexrobotics.vexcode\sdk\cpp\V5\V5_20240802_15_00_00/vexv5\libv5rt.a(vex_motor.cpp.obj)
                0x03807110                vex::motor::setRotationUnits(vex::rotationUnits)
 .text._ZN3vex5motor8positionENS_13rotationUnitsE
                0x0380712c       0x44 c:\Users\banth\AppData\Roaming\Code\User\globalStorage\vexrobotics.vexcode\sdk\cpp\V5\V5_20240802_15_00_00/vexv5\libv5rt.a(vex_motor.cpp.obj)
                0x0380712c                vex::motor::position(vex::rotationUnits)
 .text._ZN3vex8inertial11getTurnTypeEv
                0x03807170        0x8 c:\Users\banth\AppData\Roaming\Code\User\globalStorage\vexrobotics.vexcode\sdk\cpp\V5\V5_20240802_15_00_00/vexv5\libv5rt.a(vex_imu.cpp.obj)
                0x03807170                vex::inertial::getTurnType()
 .text._ZThn16_N3vex8inertial11getTurnTypeEv
                0x03807178        0x8 c:\Users\banth\AppData\Roaming\Code\User\globalStorage\vexrobotics.vexcode\sdk\cpp\V5\V5_20240802_15_00_00/vexv5\libv5rt.a(vex_imu.cpp.obj)
                0x03807178                non-virtual thunk to vex::inertial::getTurnType()
 .text._ZN3vex8inertial10setHeadingEdNS_13rotationUnitsE
                0x03807180       0x58 c:\Users\banth\AppData\Roaming\Code\User\globalStorage\vexrobotics.vexcode\sdk\cpp\V5\V5_20240802_15_00_00/vexv5\libv5rt.a(vex_imu.cpp.obj)
                0x03807180                vex::inertial::setHeading(double, vex::rotationUnits)
 .text._ZThn16_N3vex8inertial10setHeadingEdNS_13rotationUnitsE
                0x038071d8        0x8 c:\Users\banth\AppData\Roaming\Code\User\globalStorage\vexrobotics.vexcode\sdk\cpp\V5\V5_20240802_15_00_00/vexv5\libv5rt.a(vex_imu.cpp.obj)
                0x038071d8                non-virtual thunk to vex::inertial::setHeading(double, vex::rotationUnits)
 .text._ZN3vex8inertial11setRotationEdNS_13rotationUnitsE
                0x038071e0       0x58 c:\Users\banth\AppData\Roaming\Code\User\globalStorage\vexrobotics.vexcode\sdk\cpp\V5\V5_20240802_15_00_00/vexv5\libv5rt.a(vex_imu.cpp.obj)
                0x038071e0                vex::inertial::setRotation(double, vex::rotationUnits)
 .text._ZThn16_N3vex8inertial11setRotationEdNS_13rotationUnitsE
                0x03807238        0x8 c:\Users\banth\AppData\Roaming\Code\User\globalStorage\vexrobotics.vexcode\sdk\cpp\V5\V5_20240802_15_00_00/vexv5\libv5rt.a(vex_imu.cpp.obj)
                0x03807238                non-virtual thunk to vex::inertial::setRotation(double, vex::rotationUnits)
 .text._ZN3vex8inertialD2Ev
                0x03807240       0x20 c:\Users\banth\AppData\Roaming\Code\User\globalStorage\vexrobotics.vexcode\sdk\cpp\V5\V5_20240802_15_00_00/vexv5\libv5rt.a(vex_imu.cpp.obj)
                0x03807240                vex::inertial::~inertial()
                0x03807240                vex::inertial::~inertial()
 .text._ZThn16_N3vex8inertialD1Ev
                0x03807260        0x8 c:\Users\banth\AppData\Roaming\Code\User\globalStorage\vexrobotics.vexcode\sdk\cpp\V5\V5_20240802_15_00_00/vexv5\libv5rt.a(vex_imu.cpp.obj)
                0x03807260                non-virtual thunk to vex::inertial::~inertial()
 .text._ZN3vex8inertialD0Ev
                0x03807268       0x1c c:\Users\banth\AppData\Roaming\Code\User\globalStorage\vexrobotics.vexcode\sdk\cpp\V5\V5_20240802_15_00_00/vexv5\libv5rt.a(vex_imu.cpp.obj)
                0x03807268                vex::inertial::~inertial()
 .text._ZThn16_N3vex8inertialD0Ev
                0x03807284        0x8 c:\Users\banth\AppData\Roaming\Code\User\globalStorage\vexrobotics.vexcode\sdk\cpp\V5\V5_20240802_15_00_00/vexv5\libv5rt.a(vex_imu.cpp.obj)
                0x03807284                non-virtual thunk to vex::inertial::~inertial()
 .text._ZN3vex8inertial9installedEv
                0x0380728c       0x18 c:\Users\banth\AppData\Roaming\Code\User\globalStorage\vexrobotics.vexcode\sdk\cpp\V5\V5_20240802_15_00_00/vexv5\libv5rt.a(vex_imu.cpp.obj)
                0x0380728c                vex::inertial::installed()
 .text._ZN3vex8inertial5angleENS_13rotationUnitsE
                0x038072a4       0x6c c:\Users\banth\AppData\Roaming\Code\User\globalStorage\vexrobotics.vexcode\sdk\cpp\V5\V5_20240802_15_00_00/vexv5\libv5rt.a(vex_imu.cpp.obj)
                0x038072a4                vex::inertial::angle(vex::rotationUnits)
 .text._ZThn16_N3vex8inertial5angleENS_13rotationUnitsE
                0x03807310        0x8 c:\Users\banth\AppData\Roaming\Code\User\globalStorage\vexrobotics.vexcode\sdk\cpp\V5\V5_20240802_15_00_00/vexv5\libv5rt.a(vex_imu.cpp.obj)
                0x03807310                non-virtual thunk to vex::inertial::angle(vex::rotationUnits)
 .text._ZN3vex8inertial7headingENS_13rotationUnitsE
                0x03807318        0x4 c:\Users\banth\AppData\Roaming\Code\User\globalStorage\vexrobotics.vexcode\sdk\cpp\V5\V5_20240802_15_00_00/vexv5\libv5rt.a(vex_imu.cpp.obj)
                0x03807318                vex::inertial::heading(vex::rotationUnits)
 .text._ZThn16_N3vex8inertial7headingENS_13rotationUnitsE
                0x0380731c        0x8 c:\Users\banth\AppData\Roaming\Code\User\globalStorage\vexrobotics.vexcode\sdk\cpp\V5\V5_20240802_15_00_00/vexv5\libv5rt.a(vex_imu.cpp.obj)
                0x0380731c                non-virtual thunk to vex::inertial::heading(vex::rotationUnits)
 .text._ZN3vex8inertial5valueEv
                0x03807324       0x1c c:\Users\banth\AppData\Roaming\Code\User\globalStorage\vexrobotics.vexcode\sdk\cpp\V5\V5_20240802_15_00_00/vexv5\libv5rt.a(vex_imu.cpp.obj)
                0x03807324                vex::inertial::value()
 .text._ZN3vex8inertial8rotationENS_13rotationUnitsE
                0x03807340       0x48 c:\Users\banth\AppData\Roaming\Code\User\globalStorage\vexrobotics.vexcode\sdk\cpp\V5\V5_20240802_15_00_00/vexv5\libv5rt.a(vex_imu.cpp.obj)
                0x03807340                vex::inertial::rotation(vex::rotationUnits)
 .text._ZThn16_N3vex8inertial8rotationENS_13rotationUnitsE
                0x03807388        0x8 c:\Users\banth\AppData\Roaming\Code\User\globalStorage\vexrobotics.vexcode\sdk\cpp\V5\V5_20240802_15_00_00/vexv5\libv5rt.a(vex_imu.cpp.obj)
                0x03807388                non-virtual thunk to vex::inertial::rotation(vex::rotationUnits)
 .text._ZN3vex8inertial13isCalibratingEv
                0x03807390       0x38 c:\Users\banth\AppData\Roaming\Code\User\globalStorage\vexrobotics.vexcode\sdk\cpp\V5\V5_20240802_15_00_00/vexv5\libv5rt.a(vex_imu.cpp.obj)
                0x03807390                vex::inertial::isCalibrating()
 .text._ZThn16_N3vex8inertial13isCalibratingEv
                0x038073c8        0x8 c:\Users\banth\AppData\Roaming\Code\User\globalStorage\vexrobotics.vexcode\sdk\cpp\V5\V5_20240802_15_00_00/vexv5\libv5rt.a(vex_imu.cpp.obj)
                0x038073c8                non-virtual thunk to vex::inertial::isCalibrating()
 .text._ZN3vex8inertialC2ElNS_8turnTypeE
                0x038073d0       0x4c c:\Users\banth\AppData\Roaming\Code\User\globalStorage\vexrobotics.vexcode\sdk\cpp\V5\V5_20240802_15_00_00/vexv5\libv5rt.a(vex_imu.cpp.obj)
                0x038073d0                vex::inertial::inertial(long, vex::turnType)
                0x038073d0                vex::inertial::inertial(long, vex::turnType)
 .text._ZN3vex8inertial16startCalibrationEl
                0x0380741c       0x20 c:\Users\banth\AppData\Roaming\Code\User\globalStorage\vexrobotics.vexcode\sdk\cpp\V5\V5_20240802_15_00_00/vexv5\libv5rt.a(vex_imu.cpp.obj)
                0x0380741c                vex::inertial::startCalibration(long)
 .text._ZN3vex8inertial9calibrateEl
                0x0380743c        0xc c:\Users\banth\AppData\Roaming\Code\User\globalStorage\vexrobotics.vexcode\sdk\cpp\V5\V5_20240802_15_00_00/vexv5\libv5rt.a(vex_imu.cpp.obj)
                0x0380743c                vex::inertial::calibrate(long)
                0x03807440                non-virtual thunk to vex::inertial::calibrate(long)
 .text._ZN3vex8rotationD2Ev
                0x03807448       0x20 c:\Users\banth\AppData\Roaming\Code\User\globalStorage\vexrobotics.vexcode\sdk\cpp\V5\V5_20240802_15_00_00/vexv5\libv5rt.a(vex_rotation.cpp.obj)
                0x03807448                vex::rotation::~rotation()
                0x03807448                vex::rotation::~rotation()
 .text._ZN3vex8rotationD0Ev
                0x03807468       0x1c c:\Users\banth\AppData\Roaming\Code\User\globalStorage\vexrobotics.vexcode\sdk\cpp\V5\V5_20240802_15_00_00/vexv5\libv5rt.a(vex_rotation.cpp.obj)
                0x03807468                vex::rotation::~rotation()
 .text._ZN3vex8rotation9installedEv
                0x03807484       0x18 c:\Users\banth\AppData\Roaming\Code\User\globalStorage\vexrobotics.vexcode\sdk\cpp\V5\V5_20240802_15_00_00/vexv5\libv5rt.a(vex_rotation.cpp.obj)
                0x03807484                vex::rotation::installed()
 .text._ZN3vex8rotation5valueEv
                0x0380749c        0x8 c:\Users\banth\AppData\Roaming\Code\User\globalStorage\vexrobotics.vexcode\sdk\cpp\V5\V5_20240802_15_00_00/vexv5\libv5rt.a(vex_rotation.cpp.obj)
                0x0380749c                vex::rotation::value()
 .text._ZN3vex8rotationC2Elb
                0x038074a4       0x30 c:\Users\banth\AppData\Roaming\Code\User\globalStorage\vexrobotics.vexcode\sdk\cpp\V5\V5_20240802_15_00_00/vexv5\libv5rt.a(vex_rotation.cpp.obj)
                0x038074a4                vex::rotation::rotation(long, bool)
                0x038074a4                vex::rotation::rotation(long, bool)
 *fill*         0x038074d4        0x4 
 .text._ZN3vex8rotation8positionENS_13rotationUnitsE
                0x038074d8       0x50 c:\Users\banth\AppData\Roaming\Code\User\globalStorage\vexrobotics.vexcode\sdk\cpp\V5\V5_20240802_15_00_00/vexv5\libv5rt.a(vex_rotation.cpp.obj)
                0x038074d8                vex::rotation::position(vex::rotationUnits)
 .text._ZN3vex8distanceD2Ev
                0x03807528       0x20 c:\Users\banth\AppData\Roaming\Code\User\globalStorage\vexrobotics.vexcode\sdk\cpp\V5\V5_20240802_15_00_00/vexv5\libv5rt.a(vex_distance.cpp.obj)
                0x03807528                vex::distance::~distance()
                0x03807528                vex::distance::~distance()
 .text._ZN3vex8distanceD0Ev
                0x03807548       0x1c c:\Users\banth\AppData\Roaming\Code\User\globalStorage\vexrobotics.vexcode\sdk\cpp\V5\V5_20240802_15_00_00/vexv5\libv5rt.a(vex_distance.cpp.obj)
                0x03807548                vex::distance::~distance()
 .text._ZN3vex8distance9installedEv
                0x03807564       0x18 c:\Users\banth\AppData\Roaming\Code\User\globalStorage\vexrobotics.vexcode\sdk\cpp\V5\V5_20240802_15_00_00/vexv5\libv5rt.a(vex_distance.cpp.obj)
                0x03807564                vex::distance::installed()
 .text._ZN3vex8distance5valueEv
                0x0380757c        0x8 c:\Users\banth\AppData\Roaming\Code\User\globalStorage\vexrobotics.vexcode\sdk\cpp\V5\V5_20240802_15_00_00/vexv5\libv5rt.a(vex_distance.cpp.obj)
                0x0380757c                vex::distance::value()
 .text._ZN3vex8distanceC2El
                0x03807584       0x20 c:\Users\banth\AppData\Roaming\Code\User\globalStorage\vexrobotics.vexcode\sdk\cpp\V5\V5_20240802_15_00_00/vexv5\libv5rt.a(vex_distance.cpp.obj)
                0x03807584                vex::distance::distance(long)
                0x03807584                vex::distance::distance(long)
 .text._ZN3vex10controllerD2Ev
                0x038075a4        0x4 c:\Users\banth\AppData\Roaming\Code\User\globalStorage\vexrobotics.vexcode\sdk\cpp\V5\V5_20240802_15_00_00/vexv5\libv5rt.a(vex_controller.cpp.obj)
                0x038075a4                vex::controller::~controller()
                0x038075a4                vex::controller::~controller()
 .text._ZN3vex10controller5valueE19_V5_ControllerIndex
                0x038075a8        0x8 c:\Users\banth\AppData\Roaming\Code\User\globalStorage\vexrobotics.vexcode\sdk\cpp\V5\V5_20240802_15_00_00/vexv5\libv5rt.a(vex_controller.cpp.obj)
                0x038075a8                vex::controller::value(_V5_ControllerIndex)
 .text._ZN3vex10controller6rumbleEPKc
                0x038075b0       0x4c c:\Users\banth\AppData\Roaming\Code\User\globalStorage\vexrobotics.vexcode\sdk\cpp\V5\V5_20240802_15_00_00/vexv5\libv5rt.a(vex_controller.cpp.obj)
                0x038075b0                vex::controller::rumble(char const*)
 .text._ZNK3vex10controller6button8pressingEv
                0x038075fc       0xc8 c:\Users\banth\AppData\Roaming\Code\User\globalStorage\vexrobotics.vexcode\sdk\cpp\V5\V5_20240802_15_00_00/vexv5\libv5rt.a(vex_controller.cpp.obj)
                0x038075fc                vex::controller::button::pressing() const
 .text._ZNK3vex10controller6button7pressedEPFvvE
                0x038076c4      0x108 c:\Users\banth\AppData\Roaming\Code\User\globalStorage\vexrobotics.vexcode\sdk\cpp\V5\V5_20240802_15_00_00/vexv5\libv5rt.a(vex_controller.cpp.obj)
                0x038076c4                vex::controller::button::pressed(void (*)()) const
 .text._ZNK3vex10controller6button21_buttonToPressedEventEv
                0x038077cc       0x20 c:\Users\banth\AppData\Roaming\Code\User\globalStorage\vexrobotics.vexcode\sdk\cpp\V5\V5_20240802_15_00_00/vexv5\libv5rt.a(vex_controller.cpp.obj)
                0x038077cc                vex::controller::button::_buttonToPressedEvent() const
 .text._ZNK3vex10controller6button22_buttonToReleasedEventEv
                0x038077ec       0x20 c:\Users\banth\AppData\Roaming\Code\User\globalStorage\vexrobotics.vexcode\sdk\cpp\V5\V5_20240802_15_00_00/vexv5\libv5rt.a(vex_controller.cpp.obj)
                0x038077ec                vex::controller::button::_buttonToReleasedEvent() const
 .text._ZN3vex10controller6buttonC2ENS0_11tButtonTypeEPS0_
                0x0380780c       0x48 c:\Users\banth\AppData\Roaming\Code\User\globalStorage\vexrobotics.vexcode\sdk\cpp\V5\V5_20240802_15_00_00/vexv5\libv5rt.a(vex_controller.cpp.obj)
                0x0380780c                vex::controller::button::button(vex::controller::tButtonType, vex::controller*)
                0x0380780c                vex::controller::button::button(vex::controller::tButtonType, vex::controller*)
 .text._ZNK3vex10controller4axis5valueEv
                0x03807854       0x58 c:\Users\banth\AppData\Roaming\Code\User\globalStorage\vexrobotics.vexcode\sdk\cpp\V5\V5_20240802_15_00_00/vexv5\libv5rt.a(vex_controller.cpp.obj)
                0x03807854                vex::controller::axis::value() const
 .text._ZNK3vex10controller4axis23_joystickToChangedEventEv
                0x038078ac       0x20 c:\Users\banth\AppData\Roaming\Code\User\globalStorage\vexrobotics.vexcode\sdk\cpp\V5\V5_20240802_15_00_00/vexv5\libv5rt.a(vex_controller.cpp.obj)
                0x038078ac                vex::controller::axis::_joystickToChangedEvent() const
 .text._ZN3vex10controller4axisC2ENS0_9tAxisTypeEPS0_
                0x038078cc       0x2c c:\Users\banth\AppData\Roaming\Code\User\globalStorage\vexrobotics.vexcode\sdk\cpp\V5\V5_20240802_15_00_00/vexv5\libv5rt.a(vex_controller.cpp.obj)
                0x038078cc                vex::controller::axis::axis(vex::controller::tAxisType, vex::controller*)
                0x038078cc                vex::controller::axis::axis(vex::controller::tAxisType, vex::controller*)
 .text._ZN3vex10controllerC2ENS_14controllerTypeE
                0x038078f8      0x16c c:\Users\banth\AppData\Roaming\Code\User\globalStorage\vexrobotics.vexcode\sdk\cpp\V5\V5_20240802_15_00_00/vexv5\libv5rt.a(vex_controller.cpp.obj)
                0x038078f8                vex::controller::controller(vex::controllerType)
                0x038078f8                vex::controller::controller(vex::controllerType)
 .text._ZN3vex10controllerC2Ev
                0x03807a64      0x164 c:\Users\banth\AppData\Roaming\Code\User\globalStorage\vexrobotics.vexcode\sdk\cpp\V5\V5_20240802_15_00_00/vexv5\libv5rt.a(vex_controller.cpp.obj)
                0x03807a64                vex::controller::controller()
                0x03807a64                vex::controller::controller()
 .text._ZN3vex4taskC2Ev
                0x03807bc8       0x28 c:\Users\banth\AppData\Roaming\Code\User\globalStorage\vexrobotics.vexcode\sdk\cpp\V5\V5_20240802_15_00_00/vexv5\libv5rt.a(vex_task.cpp.obj)
                0x03807bc8                vex::task::task()
                0x03807bc8                vex::task::task()
 .text._ZN3vex4taskC2EPFivE
                0x03807bf0       0x5c c:\Users\banth\AppData\Roaming\Code\User\globalStorage\vexrobotics.vexcode\sdk\cpp\V5\V5_20240802_15_00_00/vexv5\libv5rt.a(vex_task.cpp.obj)
                0x03807bf0                vex::task::task(int (*)())
                0x03807bf0                vex::task::task(int (*)())
 .text._ZN3vex4taskD2Ev
                0x03807c4c        0x4 c:\Users\banth\AppData\Roaming\Code\User\globalStorage\vexrobotics.vexcode\sdk\cpp\V5\V5_20240802_15_00_00/vexv5\libv5rt.a(vex_task.cpp.obj)
                0x03807c4c                vex::task::~task()
                0x03807c4c                vex::task::~task()
 .text._ZN3vex4task4stopEPvi
                0x03807c50       0x1c c:\Users\banth\AppData\Roaming\Code\User\globalStorage\vexrobotics.vexcode\sdk\cpp\V5\V5_20240802_15_00_00/vexv5\libv5rt.a(vex_task.cpp.obj)
                0x03807c50                vex::task::stop(void*, int)
 .text._ZN3vex4task5sleepEm
                0x03807c6c        0x4 c:\Users\banth\AppData\Roaming\Code\User\globalStorage\vexrobotics.vexcode\sdk\cpp\V5\V5_20240802_15_00_00/vexv5\libv5rt.a(vex_task.cpp.obj)
                0x03807c6c                vex::task::sleep(unsigned long)
 .text._ZN3vex4task6_indexEPFivE
                0x03807c70       0x14 c:\Users\banth\AppData\Roaming\Code\User\globalStorage\vexrobotics.vexcode\sdk\cpp\V5\V5_20240802_15_00_00/vexv5\libv5rt.a(vex_task.cpp.obj)
                0x03807c70                vex::task::_index(int (*)())
 .text._ZN3vex4task8_stopAllEv
                0x03807c84       0x3c c:\Users\banth\AppData\Roaming\Code\User\globalStorage\vexrobotics.vexcode\sdk\cpp\V5\V5_20240802_15_00_00/vexv5\libv5rt.a(vex_task.cpp.obj)
                0x03807c84                vex::task::_stopAll()
 .text._ZN3vex11this_thread9sleep_forEm
                0x03807cc0        0x4 c:\Users\banth\AppData\Roaming\Code\User\globalStorage\vexrobotics.vexcode\sdk\cpp\V5\V5_20240802_15_00_00/vexv5\libv5rt.a(vex_thread.cpp.obj)
                0x03807cc0                vex::this_thread::sleep_for(unsigned long)
 .text._ZN3vex11this_thread11sleep_untilEm
                0x03807cc4       0x20 c:\Users\banth\AppData\Roaming\Code\User\globalStorage\vexrobotics.vexcode\sdk\cpp\V5\V5_20240802_15_00_00/vexv5\libv5rt.a(vex_thread.cpp.obj)
                0x03807cc4                vex::this_thread::sleep_until(unsigned long)
 .text._ZN3vex5mutexC2Ev
                0x03807ce4       0x1c c:\Users\banth\AppData\Roaming\Code\User\globalStorage\vexrobotics.vexcode\sdk\cpp\V5\V5_20240802_15_00_00/vexv5\libv5rt.a(vex_thread.cpp.obj)
                0x03807ce4                vex::mutex::mutex()
                0x03807ce4                vex::mutex::mutex()
 .text._ZN3vex5mutexD2Ev
                0x03807d00        0x4 c:\Users\banth\AppData\Roaming\Code\User\globalStorage\vexrobotics.vexcode\sdk\cpp\V5\V5_20240802_15_00_00/vexv5\libv5rt.a(vex_thread.cpp.obj)
                0x03807d00                vex::mutex::~mutex()
                0x03807d00                vex::mutex::~mutex()
 .text._ZN3vex5mutex4lockEv
                0x03807d04        0x8 c:\Users\banth\AppData\Roaming\Code\User\globalStorage\vexrobotics.vexcode\sdk\cpp\V5\V5_20240802_15_00_00/vexv5\libv5rt.a(vex_thread.cpp.obj)
                0x03807d04                vex::mutex::lock()
 .text._ZN3vex5mutex6unlockEv
                0x03807d0c        0x4 c:\Users\banth\AppData\Roaming\Code\User\globalStorage\vexrobotics.vexcode\sdk\cpp\V5\V5_20240802_15_00_00/vexv5\libv5rt.a(vex_thread.cpp.obj)
                0x03807d0c                vex::mutex::unlock()
 .text._ZN3vex5event4initEmmPFvvE
                0x03807d10        0x4 c:\Users\banth\AppData\Roaming\Code\User\globalStorage\vexrobotics.vexcode\sdk\cpp\V5\V5_20240802_15_00_00/vexv5\libv5rt.a(vex_event.cpp.obj)
                0x03807d10                vex::event::init(unsigned long, unsigned long, void (*)())
 .text._ZN3vex5event4initEmmPFvPvES1_
                0x03807d14        0x4 c:\Users\banth\AppData\Roaming\Code\User\globalStorage\vexrobotics.vexcode\sdk\cpp\V5\V5_20240802_15_00_00/vexv5\libv5rt.a(vex_event.cpp.obj)
                0x03807d14                vex::event::init(unsigned long, unsigned long, void (*)(void*), void*)
 .text._ZN3vex5event9userindexEv
                0x03807d18        0x4 c:\Users\banth\AppData\Roaming\Code\User\globalStorage\vexrobotics.vexcode\sdk\cpp\V5\V5_20240802_15_00_00/vexv5\libv5rt.a(vex_event.cpp.obj)
                0x03807d18                vex::event::userindex()
 .text._ZZN3vex6meventC4EmmENUlvE_4_FUNEv
                0x03807d1c        0x4 c:\Users\banth\AppData\Roaming\Code\User\globalStorage\vexrobotics.vexcode\sdk\cpp\V5\V5_20240802_15_00_00/vexv5\libv5rt.a(vex_mevent.cpp.obj)
 .text._ZN3vex6meventC2Emm
                0x03807d20       0x70 c:\Users\banth\AppData\Roaming\Code\User\globalStorage\vexrobotics.vexcode\sdk\cpp\V5\V5_20240802_15_00_00/vexv5\libv5rt.a(vex_mevent.cpp.obj)
                0x03807d20                vex::mevent::mevent(unsigned long, unsigned long)
                0x03807d20                vex::mevent::mevent(unsigned long, unsigned long)
 .text._ZN3vex5brain9_getIndexEv
                0x03807d90       0x10 c:\Users\banth\AppData\Roaming\Code\User\globalStorage\vexrobotics.vexcode\sdk\cpp\V5\V5_20240802_15_00_00/vexv5\libv5rt.a(vex_brain.cpp.obj)
                0x03807d90                vex::brain::_getIndex()
 .text._ZN3vex5brain3lcd9setCursorEll
                0x03807da0       0x44 c:\Users\banth\AppData\Roaming\Code\User\globalStorage\vexrobotics.vexcode\sdk\cpp\V5\V5_20240802_15_00_00/vexv5\libv5rt.a(vex_brain.cpp.obj)
                0x03807da0                vex::brain::lcd::setCursor(long, long)
 .text._ZN3vex5brain3lcd7setFontENS_8fontTypeE
                0x03807de4      0x23c c:\Users\banth\AppData\Roaming\Code\User\globalStorage\vexrobotics.vexcode\sdk\cpp\V5\V5_20240802_15_00_00/vexv5\libv5rt.a(vex_brain.cpp.obj)
                0x03807de4                vex::brain::lcd::setFont(vex::fontType)
 .text._ZN3vex5brain3lcdC2Ev
                0x03808020       0x94 c:\Users\banth\AppData\Roaming\Code\User\globalStorage\vexrobotics.vexcode\sdk\cpp\V5\V5_20240802_15_00_00/vexv5\libv5rt.a(vex_brain.cpp.obj)
                0x03808020                vex::brain::lcd::lcd()
                0x03808020                vex::brain::lcd::lcd()
 .text._ZN3vex5brainC2Ev
                0x038080b4       0x3c c:\Users\banth\AppData\Roaming\Code\User\globalStorage\vexrobotics.vexcode\sdk\cpp\V5\V5_20240802_15_00_00/vexv5\libv5rt.a(vex_brain.cpp.obj)
                0x038080b4                vex::brain::brain()
                0x038080b4                vex::brain::brain()
 .text._ZN3vex5brain3lcd11setPenColorERKNS_5colorE
                0x038080f0       0x14 c:\Users\banth\AppData\Roaming\Code\User\globalStorage\vexrobotics.vexcode\sdk\cpp\V5\V5_20240802_15_00_00/vexv5\libv5rt.a(vex_brain.cpp.obj)
                0x038080f0                vex::brain::lcd::setPenColor(vex::color const&)
 .text._ZN3vex5brain3lcd7printAtEllPKcz
                0x03808104       0x54 c:\Users\banth\AppData\Roaming\Code\User\globalStorage\vexrobotics.vexcode\sdk\cpp\V5\V5_20240802_15_00_00/vexv5\libv5rt.a(vex_brain.cpp.obj)
                0x03808104                vex::brain::lcd::printAt(long, long, char const*, ...)
 .text._ZN3vex5brain3lcd12_clearScreenEm
                0x03808158       0x38 c:\Users\banth\AppData\Roaming\Code\User\globalStorage\vexrobotics.vexcode\sdk\cpp\V5\V5_20240802_15_00_00/vexv5\libv5rt.a(vex_brain.cpp.obj)
                0x03808158                vex::brain::lcd::_clearScreen(unsigned long)
 .text._ZN3vex5brain3lcd11clearScreenERKNS_5colorE
                0x03808190       0x20 c:\Users\banth\AppData\Roaming\Code\User\globalStorage\vexrobotics.vexcode\sdk\cpp\V5\V5_20240802_15_00_00/vexv5\libv5rt.a(vex_brain.cpp.obj)
                0x03808190                vex::brain::lcd::clearScreen(vex::color const&)
 .text._ZN3vex5brain3lcd11clearScreenEv
                0x038081b0       0x2c c:\Users\banth\AppData\Roaming\Code\User\globalStorage\vexrobotics.vexcode\sdk\cpp\V5\V5_20240802_15_00_00/vexv5\libv5rt.a(vex_brain.cpp.obj)
                0x038081b0                vex::brain::lcd::clearScreen()
 .text._ZN3vex5brain3lcd8pressingEv
                0x038081dc       0x20 c:\Users\banth\AppData\Roaming\Code\User\globalStorage\vexrobotics.vexcode\sdk\cpp\V5\V5_20240802_15_00_00/vexv5\libv5rt.a(vex_brain.cpp.obj)
                0x038081dc                vex::brain::lcd::pressing()
 .text._ZN3vex5brain3lcd20_validateImageBufferEPh
                0x038081fc       0x58 c:\Users\banth\AppData\Roaming\Code\User\globalStorage\vexrobotics.vexcode\sdk\cpp\V5\V5_20240802_15_00_00/vexv5\libv5rt.a(vex_brain.cpp.obj)
                0x038081fc                vex::brain::lcd::_validateImageBuffer(unsigned char*)
 .text._ZN3vex5brain3lcd19drawImageFromBufferEPhiii
                0x03808254      0x10c c:\Users\banth\AppData\Roaming\Code\User\globalStorage\vexrobotics.vexcode\sdk\cpp\V5\V5_20240802_15_00_00/vexv5\libv5rt.a(vex_brain.cpp.obj)
                0x03808254                vex::brain::lcd::drawImageFromBuffer(unsigned char*, int, int, int)
 .text._ZN3vex5brain7battery8capacityENS_12percentUnitsE
                0x03808360       0x18 c:\Users\banth\AppData\Roaming\Code\User\globalStorage\vexrobotics.vexcode\sdk\cpp\V5\V5_20240802_15_00_00/vexv5\libv5rt.a(vex_brain.cpp.obj)
                0x03808360                vex::brain::battery::capacity(vex::percentUnits)
 .text._ZN3vex5brainD2Ev
                0x03808378       0x20 c:\Users\banth\AppData\Roaming\Code\User\globalStorage\vexrobotics.vexcode\sdk\cpp\V5\V5_20240802_15_00_00/vexv5\libv5rt.a(vex_brain.cpp.obj)
                0x03808378                vex::brain::~brain()
                0x03808378                vex::brain::~brain()
 .text._ZN3vex11competition8_disableEPv
                0x03808398       0xa4 c:\Users\banth\AppData\Roaming\Code\User\globalStorage\vexrobotics.vexcode\sdk\cpp\V5\V5_20240802_15_00_00/vexv5\libv5rt.a(vex_competition.cpp.obj)
                0x03808398                vex::competition::_disable(void*)
 .text._ZN3vex11competition11_autonomousEv
                0x0380843c       0x80 c:\Users\banth\AppData\Roaming\Code\User\globalStorage\vexrobotics.vexcode\sdk\cpp\V5\V5_20240802_15_00_00/vexv5\libv5rt.a(vex_competition.cpp.obj)
                0x0380843c                vex::competition::_autonomous()
 .text._ZN3vex11competition14_drivercontrolEv
                0x038084bc       0x80 c:\Users\banth\AppData\Roaming\Code\User\globalStorage\vexrobotics.vexcode\sdk\cpp\V5\V5_20240802_15_00_00/vexv5\libv5rt.a(vex_competition.cpp.obj)
                0x038084bc                vex::competition::_drivercontrol()
 .text._ZN3vex11competitionC2Ev
                0x0380853c      0x13c c:\Users\banth\AppData\Roaming\Code\User\globalStorage\vexrobotics.vexcode\sdk\cpp\V5\V5_20240802_15_00_00/vexv5\libv5rt.a(vex_competition.cpp.obj)
                0x0380853c                vex::competition::competition()
                0x0380853c                vex::competition::competition()
 .text._ZN3vex11competitionD2Ev
                0x03808678        0x4 c:\Users\banth\AppData\Roaming\Code\User\globalStorage\vexrobotics.vexcode\sdk\cpp\V5\V5_20240802_15_00_00/vexv5\libv5rt.a(vex_competition.cpp.obj)
                0x03808678                vex::competition::~competition()
                0x03808678                vex::competition::~competition()
 .text._ZN3vex11competition10autonomousEPFvvE
                0x0380867c       0x44 c:\Users\banth\AppData\Roaming\Code\User\globalStorage\vexrobotics.vexcode\sdk\cpp\V5\V5_20240802_15_00_00/vexv5\libv5rt.a(vex_competition.cpp.obj)
                0x0380867c                vex::competition::autonomous(void (*)())
 .text._ZN3vex11competition13drivercontrolEPFvvE
                0x038086c0       0x44 c:\Users\banth\AppData\Roaming\Code\User\globalStorage\vexrobotics.vexcode\sdk\cpp\V5\V5_20240802_15_00_00/vexv5\libv5rt.a(vex_competition.cpp.obj)
                0x038086c0                vex::competition::drivercontrol(void (*)())
 .text._ZN3vex11competition14isFieldControlEv
                0x03808704       0x10 c:\Users\banth\AppData\Roaming\Code\User\globalStorage\vexrobotics.vexcode\sdk\cpp\V5\V5_20240802_15_00_00/vexv5\libv5rt.a(vex_competition.cpp.obj)
                0x03808704                vex::competition::isFieldControl()
 .text._ZN3vex7triportD2Ev
                0x03808714       0x38 c:\Users\banth\AppData\Roaming\Code\User\globalStorage\vexrobotics.vexcode\sdk\cpp\V5\V5_20240802_15_00_00/vexv5\libv5rt.a(vex_triport.cpp.obj)
                0x03808714                vex::triport::~triport()
                0x03808714                vex::triport::~triport()
 .text._ZN3vex7triportD0Ev
                0x0380874c       0x1c c:\Users\banth\AppData\Roaming\Code\User\globalStorage\vexrobotics.vexcode\sdk\cpp\V5\V5_20240802_15_00_00/vexv5\libv5rt.a(vex_triport.cpp.obj)
                0x0380874c                vex::triport::~triport()
 .text._ZN3vex7triport9installedEv
                0x03808768       0x18 c:\Users\banth\AppData\Roaming\Code\User\globalStorage\vexrobotics.vexcode\sdk\cpp\V5\V5_20240802_15_00_00/vexv5\libv5rt.a(vex_triport.cpp.obj)
                0x03808768                vex::triport::installed()
 .text._ZN3vex7triport4portC2ElPS0_
                0x03808780       0x74 c:\Users\banth\AppData\Roaming\Code\User\globalStorage\vexrobotics.vexcode\sdk\cpp\V5\V5_20240802_15_00_00/vexv5\libv5rt.a(vex_triport.cpp.obj)
                0x03808780                vex::triport::port::port(long, vex::triport*)
                0x03808780                vex::triport::port::port(long, vex::triport*)
 .text._ZN3vex7triportC2El
                0x038087f4       0xf0 c:\Users\banth\AppData\Roaming\Code\User\globalStorage\vexrobotics.vexcode\sdk\cpp\V5\V5_20240802_15_00_00/vexv5\libv5rt.a(vex_triport.cpp.obj)
                0x038087f4                vex::triport::triport(long)
                0x038087f4                vex::triport::triport(long)
 .text._ZN3vex7triport4port4typeENS_11triportTypeE
                0x038088e4       0x30 c:\Users\banth\AppData\Roaming\Code\User\globalStorage\vexrobotics.vexcode\sdk\cpp\V5\V5_20240802_15_00_00/vexv5\libv5rt.a(vex_triport.cpp.obj)
                0x038088e4                vex::triport::port::type(vex::triportType)
 .text._ZN3vex7triport4port4typeEv
                0x03808914       0x38 c:\Users\banth\AppData\Roaming\Code\User\globalStorage\vexrobotics.vexcode\sdk\cpp\V5\V5_20240802_15_00_00/vexv5\libv5rt.a(vex_triport.cpp.obj)
                0x03808914                vex::triport::port::type()
 .text._ZN3vex7triport4port5valueEv
                0x0380894c       0x14 c:\Users\banth\AppData\Roaming\Code\User\globalStorage\vexrobotics.vexcode\sdk\cpp\V5\V5_20240802_15_00_00/vexv5\libv5rt.a(vex_triport.cpp.obj)
                0x0380894c                vex::triport::port::value()
 .text._ZN3vex7triport4port5valueEl
                0x03808960       0x18 c:\Users\banth\AppData\Roaming\Code\User\globalStorage\vexrobotics.vexcode\sdk\cpp\V5\V5_20240802_15_00_00/vexv5\libv5rt.a(vex_triport.cpp.obj)
                0x03808960                vex::triport::port::value(long)
 .text._ZN3vex7triport4port8rotationENS_13rotationUnitsE
                0x03808978       0x40 c:\Users\banth\AppData\Roaming\Code\User\globalStorage\vexrobotics.vexcode\sdk\cpp\V5\V5_20240802_15_00_00/vexv5\libv5rt.a(vex_triport.cpp.obj)
                0x03808978                vex::triport::port::rotation(vex::rotationUnits)
 .text._ZN3vex11__trideviceC2ERNS_7triport4portENS_11triportTypeE
                0x038089b8       0x5c c:\Users\banth\AppData\Roaming\Code\User\globalStorage\vexrobotics.vexcode\sdk\cpp\V5\V5_20240802_15_00_00/vexv5\libv5rt.a(vex_triport.cpp.obj)
                0x038089b8                vex::__tridevice::__tridevice(vex::triport::port&, vex::triportType)
                0x038089b8                vex::__tridevice::__tridevice(vex::triport::port&, vex::triportType)
 .text._ZN3vex11digital_outC2ERNS_7triport4portE
                0x03808a14       0x18 c:\Users\banth\AppData\Roaming\Code\User\globalStorage\vexrobotics.vexcode\sdk\cpp\V5\V5_20240802_15_00_00/vexv5\libv5rt.a(vex_triport.cpp.obj)
                0x03808a14                vex::digital_out::digital_out(vex::triport::port&)
                0x03808a14                vex::digital_out::digital_out(vex::triport::port&)
 .text._ZN3vex11digital_outD2Ev
                0x03808a2c        0x4 c:\Users\banth\AppData\Roaming\Code\User\globalStorage\vexrobotics.vexcode\sdk\cpp\V5\V5_20240802_15_00_00/vexv5\libv5rt.a(vex_triport.cpp.obj)
                0x03808a2c                vex::digital_out::~digital_out()
                0x03808a2c                vex::digital_out::~digital_out()
 .text._ZN3vex11digital_out3setEb
                0x03808a30        0x8 c:\Users\banth\AppData\Roaming\Code\User\globalStorage\vexrobotics.vexcode\sdk\cpp\V5\V5_20240802_15_00_00/vexv5\libv5rt.a(vex_triport.cpp.obj)
                0x03808a30                vex::digital_out::set(bool)
 .text._ZN3vex7encoderC2ERNS_7triport4portE
                0x03808a38       0x20 c:\Users\banth\AppData\Roaming\Code\User\globalStorage\vexrobotics.vexcode\sdk\cpp\V5\V5_20240802_15_00_00/vexv5\libv5rt.a(vex_triport.cpp.obj)
                0x03808a38                vex::encoder::encoder(vex::triport::port&)
                0x03808a38                vex::encoder::encoder(vex::triport::port&)
 .text._ZN3vex7encoderD2Ev
                0x03808a58        0x4 c:\Users\banth\AppData\Roaming\Code\User\globalStorage\vexrobotics.vexcode\sdk\cpp\V5\V5_20240802_15_00_00/vexv5\libv5rt.a(vex_triport.cpp.obj)
                0x03808a58                vex::encoder::~encoder()
                0x03808a58                vex::encoder::~encoder()
 .text._ZN3vex7encoder8positionENS_13rotationUnitsE
                0x03808a5c        0x8 c:\Users\banth\AppData\Roaming\Code\User\globalStorage\vexrobotics.vexcode\sdk\cpp\V5\V5_20240802_15_00_00/vexv5\libv5rt.a(vex_triport.cpp.obj)
                0x03808a5c                vex::encoder::position(vex::rotationUnits)
 .text._ZN3vex5colorD2Ev
                0x03808a64        0x4 c:\Users\banth\AppData\Roaming\Code\User\globalStorage\vexrobotics.vexcode\sdk\cpp\V5\V5_20240802_15_00_00/vexv5\libv5rt.a(vex_color.cpp.obj)
                0x03808a64                vex::color::~color()
                0x03808a64                vex::color::~color()
 .text._ZNK3vex5colorcvmEv
                0x03808a68        0x8 c:\Users\banth\AppData\Roaming\Code\User\globalStorage\vexrobotics.vexcode\sdk\cpp\V5\V5_20240802_15_00_00/vexv5\libv5rt.a(vex_color.cpp.obj)
                0x03808a68                vex::color::operator unsigned long() const
 .text.startup._GLOBAL__sub_I__ZN3vex5color5blackE
                0x03808a70      0x164 c:\Users\banth\AppData\Roaming\Code\User\globalStorage\vexrobotics.vexcode\sdk\cpp\V5\V5_20240802_15_00_00/vexv5\libv5rt.a(vex_color.cpp.obj)
 .text._ZN3vex5timerD2Ev
                0x03808bd4        0x4 c:\Users\banth\AppData\Roaming\Code\User\globalStorage\vexrobotics.vexcode\sdk\cpp\V5\V5_20240802_15_00_00/vexv5\libv5rt.a(vex_timer.cpp.obj)
                0x03808bd4                vex::timer::~timer()
                0x03808bd4                vex::timer::~timer()
 .text._ZN3vex5timer5clearEv
                0x03808bd8       0x1c c:\Users\banth\AppData\Roaming\Code\User\globalStorage\vexrobotics.vexcode\sdk\cpp\V5\V5_20240802_15_00_00/vexv5\libv5rt.a(vex_timer.cpp.obj)
                0x03808bd8                vex::timer::clear()
 .text._ZN3vex5timerC2Ev
                0x03808bf4       0x14 c:\Users\banth\AppData\Roaming\Code\User\globalStorage\vexrobotics.vexcode\sdk\cpp\V5\V5_20240802_15_00_00/vexv5\libv5rt.a(vex_timer.cpp.obj)
                0x03808bf4                vex::timer::timer()
                0x03808bf4                vex::timer::timer()
 .text._ZN3vex5timer6systemEv
                0x03808c08        0x4 c:\Users\banth\AppData\Roaming\Code\User\globalStorage\vexrobotics.vexcode\sdk\cpp\V5\V5_20240802_15_00_00/vexv5\libv5rt.a(vex_timer.cpp.obj)
                0x03808c08                vex::timer::system()
 .text._ZN3vex11motor_group18motor_group_motorsC2Ev
                0x03808c0c       0x28 c:\Users\banth\AppData\Roaming\Code\User\globalStorage\vexrobotics.vexcode\sdk\cpp\V5\V5_20240802_15_00_00/vexv5\libv5rt.a(vex_motorgroup.cpp.obj)
                0x03808c0c                vex::motor_group::motor_group_motors::motor_group_motors()
                0x03808c0c                vex::motor_group::motor_group_motors::motor_group_motors()
 .text._ZN3vex11motor_group18motor_group_motorsC2ERKS1_
                0x03808c34       0x20 c:\Users\banth\AppData\Roaming\Code\User\globalStorage\vexrobotics.vexcode\sdk\cpp\V5\V5_20240802_15_00_00/vexv5\libv5rt.a(vex_motorgroup.cpp.obj)
                0x03808c34                vex::motor_group::motor_group_motors::motor_group_motors(vex::motor_group::motor_group_motors const&)
                0x03808c34                vex::motor_group::motor_group_motors::motor_group_motors(vex::motor_group::motor_group_motors const&)
 .text._ZN3vex11motor_groupC2Ev
                0x03808c54       0x1c c:\Users\banth\AppData\Roaming\Code\User\globalStorage\vexrobotics.vexcode\sdk\cpp\V5\V5_20240802_15_00_00/vexv5\libv5rt.a(vex_motorgroup.cpp.obj)
                0x03808c54                vex::motor_group::motor_group()
                0x03808c54                vex::motor_group::motor_group()
 .text._ZN3vex11motor_groupD2Ev
                0x03808c70        0x4 c:\Users\banth\AppData\Roaming\Code\User\globalStorage\vexrobotics.vexcode\sdk\cpp\V5\V5_20240802_15_00_00/vexv5\libv5rt.a(vex_motorgroup.cpp.obj)
                0x03808c70                vex::motor_group::~motor_group()
                0x03808c70                vex::motor_group::~motor_group()
 .text._ZN3vex11motor_group9_addMotorERNS_5motorE