Archive member included because of file (symbol)

c:\Users\banth\AppData\Roaming\Code\User\globalStorage\vexrobotics.vexcode\sdk\cpp\V5\V5_20240802_15_00_00/vexv5\libv5rt.a(v5_startup.c.obj)
                              (vexStartup)
c:\Users\banth\AppData\Roaming\Code\User\globalStorage\vexrobotics.vexcode\sdk\cpp\V5\V5_20240802_15_00_00/vexv5\libv5rt.a(v5_util.c.obj)
                              c:\Users\banth\AppData\Roaming\Code\User\globalStorage\vexrobotics.vexcode\sdk\cpp\V5\V5_20240802_15_00_00/vexv5\libv5rt.a(v5_startup.c.obj) (vexStdlibVersionLinked)
c:\Users\banth\AppData\Roaming\Code\User\globalStorage\vexrobotics.vexcode\sdk\cpp\V5\V5_20240802_15_00_00/vexv5\libv5rt.a(v5_apijump.c.obj)
                              c:\Users\banth\AppData\Roaming\Code\User\globalStorage\vexrobotics.vexcode\sdk\cpp\V5\V5_20240802_15_00_00/vexv5\libv5rt.a(v5_startup.c.obj) (vexPrivateApiEnable)
c:\Users\banth\AppData\Roaming\Code\User\globalStorage\vexrobotics.vexcode\sdk\cpp\V5\V5_20240802_15_00_00/vexv5\libv5rt.a(v5_apiversions.c.obj)
                              c:\Users\banth\AppData\Roaming\Code\User\globalStorage\vexrobotics.vexcode\sdk\cpp\V5\V5_20240802_15_00_00/vexv5\libv5rt.a(v5_apijump.c.obj) (vexSystemVersion)
c:\Users\banth\AppData\Roaming\Code\User\globalStorage\vexrobotics.vexcode\sdk\cpp\V5\V5_20240802_15_00_00/vexv5\libv5rt.a(vex_global.cpp.obj)
                              build/src/main.o (vex::wait(double, vex::timeUnits))
c:\Users\banth\AppData\Roaming\Code\User\globalStorage\vexrobotics.vexcode\sdk\cpp\V5\V5_20240802_15_00_00/vexv5\libv5rt.a(vex_motor.cpp.obj)
                              build/src/main.o (vex::motor::~motor())
c:\Users\banth\AppData\Roaming\Code\User\globalStorage\vexrobotics.vexcode\sdk\cpp\V5\V5_20240802_15_00_00/vexv5\libv5rt.a(vex_imu.cpp.obj)
                              build/src/JAR-Template/drive.o (vex::inertial::setRotation(double, vex::rotationUnits))
c:\Users\banth\AppData\Roaming\Code\User\globalStorage\vexrobotics.vexcode\sdk\cpp\V5\V5_20240802_15_00_00/vexv5\libv5rt.a(vex_rotation.cpp.obj)
                              build/src/main.o (vex::rotation::~rotation())
c:\Users\banth\AppData\Roaming\Code\User\globalStorage\vexrobotics.vexcode\sdk\cpp\V5\V5_20240802_15_00_00/vexv5\libv5rt.a(vex_distance.cpp.obj)
                              build/src/robot-config.o (vex::distance::~distance())
c:\Users\banth\AppData\Roaming\Code\User\globalStorage\vexrobotics.vexcode\sdk\cpp\V5\V5_20240802_15_00_00/vexv5\libv5rt.a(vex_controller.cpp.obj)
                              build/src/robot-config.o (vex::controller::~controller())
c:\Users\banth\AppData\Roaming\Code\User\globalStorage\vexrobotics.vexcode\sdk\cpp\V5\V5_20240802_15_00_00/vexv5\libv5rt.a(vex_task.cpp.obj)
                              build/src/JAR-Template/drive.o (vex::task::task())
c:\Users\banth\AppData\Roaming\Code\User\globalStorage\vexrobotics.vexcode\sdk\cpp\V5\V5_20240802_15_00_00/vexv5\libv5rt.a(vex_thread.cpp.obj)
                              build/src/sylib/system.o (vex::this_thread::sleep_for(unsigned long))
c:\Users\banth\AppData\Roaming\Code\User\globalStorage\vexrobotics.vexcode\sdk\cpp\V5\V5_20240802_15_00_00/vexv5\libv5rt.a(vex_event.cpp.obj)
                              c:\Users\banth\AppData\Roaming\Code\User\globalStorage\vexrobotics.vexcode\sdk\cpp\V5\V5_20240802_15_00_00/vexv5\libv5rt.a(vex_imu.cpp.obj) (vex::event::init(unsigned long, unsigned long, void (*)()))
c:\Users\banth\AppData\Roaming\Code\User\globalStorage\vexrobotics.vexcode\sdk\cpp\V5\V5_20240802_15_00_00/vexv5\libv5rt.a(vex_mevent.cpp.obj)
                              c:\Users\banth\AppData\Roaming\Code\User\globalStorage\vexrobotics.vexcode\sdk\cpp\V5\V5_20240802_15_00_00/vexv5\libv5rt.a(vex_controller.cpp.obj) (vex::mevent::mevent(unsigned long, unsigned long))
c:\Users\banth\AppData\Roaming\Code\User\globalStorage\vexrobotics.vexcode\sdk\cpp\V5\V5_20240802_15_00_00/vexv5\libv5rt.a(vex_brain.cpp.obj)
                              build/src/robot-config.o (vex::brain::brain())
c:\Users\banth\AppData\Roaming\Code\User\globalStorage\vexrobotics.vexcode\sdk\cpp\V5\V5_20240802_15_00_00/vexv5\libv5rt.a(vex_competition.cpp.obj)
                              build/src/main.o (vex::competition::competition())
c:\Users\banth\AppData\Roaming\Code\User\globalStorage\vexrobotics.vexcode\sdk\cpp\V5\V5_20240802_15_00_00/vexv5\libv5rt.a(vex_triport.cpp.obj)
                              build/src/main.o (vex::triport::~triport())
c:\Users\banth\AppData\Roaming\Code\User\globalStorage\vexrobotics.vexcode\sdk\cpp\V5\V5_20240802_15_00_00/vexv5\libv5rt.a(vex_color.cpp.obj)
                              c:\Users\banth\AppData\Roaming\Code\User\globalStorage\vexrobotics.vexcode\sdk\cpp\V5\V5_20240802_15_00_00/vexv5\libv5rt.a(vex_brain.cpp.obj) (vex::color::operator unsigned long() const)
c:\Users\banth\AppData\Roaming\Code\User\globalStorage\vexrobotics.vexcode\sdk\cpp\V5\V5_20240802_15_00_00/vexv5\libv5rt.a(vex_timer.cpp.obj)
[...]
Memory Configuration

Name             Origin             Length             Attributes
ps7_ddr_0_S_AXI_BASEADDR 0x03800000         0x04800000
*default*        0x00000000         0xffffffff

Linker script and memory map

                0x00002000                _STACK_SIZE = DEFINED (_STACK_SIZE)?_STACK_SIZE:0x2000
                0x00100000                _HEAP_SIZE = DEFINED (_HEAP_SIZE)?_HEAP_SIZE:0x100000
                0x00000400                _ABORT_STACK_SIZE = DEFINED (_ABORT_STACK_SIZE)?_ABORT_STACK_SIZE:0x400
                0x00000800                _SUPERVISOR_STACK_SIZE = DEFINED (_SUPERVISOR_STACK_SIZE)?_SUPERVISOR_STACK_SIZE:0x800
                0x00000400                _IRQ_STACK_SIZE = DEFINED (_IRQ_STACK_SIZE)?_IRQ_STACK_SIZE:0x400
                0x00000400                _FIQ_STACK_SIZE = DEFINED (_FIQ_STACK_SIZE)?_FIQ_STACK_SIZE:0x400
                0x00000400                _UNDEF_STACK_SIZE = DEFINED (_UNDEF_STACK_SIZE)?_UNDEF_STACK_SIZE:0x400

.text           0x03800000     0x91b0
 *(.vectors)
 *(.boot_data)
 .boot_data     0x03800000       0x20 c:\Users\banth\AppData\Roaming\Code\User\globalStorage\vexrobotics.vexcode\sdk\cpp\V5\V5_20240802_15_00_00/vexv5\libv5rt.a(v5_startup.c.obj)
                0x03800000                vexCodeSig
                0x00000020                . = 0x20
 *(.boot)
 .boot          0x03800020       0xbc c:\Users\banth\AppData\Roaming\Code\User\globalStorage\vexrobotics.vexcode\sdk\cpp\V5\V5_20240802_15_00_00/vexv5\libv5rt.a(v5_startup.c.obj)
                0x03800020                vexStartup
                0x03800100                . = ALIGN (0x40)
 *fill*         0x038000dc       0x24 
 *(.freertos_vectors)
 *(.text)
 .text          0x03800100       0x3a c:\Users\banth\AppData\Roaming\Code\User\globalStorage\vexrobotics.vexcode\sdk\cpp\V5\V5_20240802_15_00_00/vexv5/gcc/libs\libc.a(lib_a-aeabi_memmove-soft.o)
                0x03800100                __aeabi_memmove4
                0x03800100                __aeabi_memmove
                0x03800100                __aeabi_memmove8
 .text          0x0380013a       0x9a c:\Users\banth\AppData\Roaming\Code\User\globalStorage\vexrobotics.vexcode\sdk\cpp\V5\V5_20240802_15_00_00/vexv5/gcc/libs\libc.a(lib_a-aeabi_memset-soft.o)
                0x0380013a                __aeabi_memset8
                0x0380013a                __aeabi_memset
                0x0380013a                __aeabi_memset4
 *(.text.*)
 .text._ZN3vex11motor_groupC2IJNS_5motorES2_EEERS2_DpRT_
                0x038001d4       0x44 build/src/main.o
                0x038001d4                vex::motor_group::motor_group<vex::motor, vex::motor>(vex::motor&, vex::motor&, vex::motor&)
 .text._ZN5DriveD2Ev
                0x03800218       0x7c build/src/main.o
                0x03800218                Drive::~Drive()
 .text._Z9pre_autonv
                0x03800294      0x35c build/src/main.o
                0x03800294                pre_auton()
 .text._Z10autonomousv
                0x038005f0      0x15c build/src/main.o
                0x038005f0                autonomous()
 .text._Z11usercontrolv
                0x0380074c      0x108 build/src/main.o
                0x0380074c                usercontrol()
 *fill*         0x03800854        0x4 
 .text.main     0x03800858       0x68 build/src/main.o
                0x03800858                main
 .text._GLOBAL__sub_I_main.cpp
                0x038008c0      0x254 build/src/main.o
 .text._Z17default_constantsv
                0x03800b14      0x124 build/src/autons.o
                0x03800b14                default_constants()
 .text._Z13drive_forwardv
                0x03800c38       0x14 build/src/autons.o
                0x03800c38                drive_forward()
 *fill*         0x03800c4c        0x4 
 .text._Z12red_solo_awpv
                0x03800c50      0x838 build/src/autons.o
                0x03800c50                red_solo_awp()
 .text._Z13blue_solo_awpv
                0x03801488        0x4 build/src/autons.o
                0x03801488                blue_solo_awp()
 *fill*         0x0380148c        0x4 
 .text._Z8red_leftv
                0x03801490      0x2d8 build/src/autons.o
                0x03801490                red_left()
 .text._Z9red_rightv
                0x03801768      0x4b8 build/src/autons.o
                0x03801768                red_right()
 .text._Z9blue_leftv
                0x03801c20        0x4 build/src/autons.o
                0x03801c20                blue_left()
 .text._Z10blue_rightv
                0x03801c24        0x4 build/src/autons.o
                0x03801c24                blue_right()
 .text._Z6skillsv
                0x03801c28      0x3c0 build/src/autons.o
                0x03801c28                skills()
 .text._GLOBAL__sub_I_autons.cpp
                0x03801fe8       0x34 build/src/autons.o
 .text._Z11vexcodeInitv
                0x0380201c        0x4 build/src/robot-config.o
                0x0380201c                vexcodeInit()
 .text._Z15conveyorControlv
                0x03802020      0x170 build/src/robot-config.o
                0x03802020                conveyorControl()
 .text._Z14userHoodTogglev
                0x03802190       0x28 build/src/robot-config.o
                0x03802190                userHoodToggle()
 .text._Z13scorerControlv
                0x038021b8       0xb0 build/src/robot-config.o
                0x038021b8                scorerControl()
 .text._Z16userLoaderTogglev
                0x03802268       0x28 build/src/robot-config.o
                0x03802268                userLoaderToggle()
 .text._Z14userParkTogglev
                0x03802290       0x28 build/src/robot-config.o
                0x03802290                userParkToggle()
 .text._Z15userWingsTogglev
                0x038022b8       0x28 build/src/robot-config.o
                0x038022b8                userWingsToggle()
 .text._Z16userIntakeTogglev
                0x038022e0       0x28 build/src/robot-config.o
                0x038022e0                userIntakeToggle()
 .text._GLOBAL__sub_I_robot_config.cpp
                0x03802308      0x394 build/src/robot-config.o
 .text._Z15reduce_0_to_360f
                0x0380269c       0x7c build/src/JAR-Template/util.o
                0x0380269c                reduce_0_to_360(float)
 .text._Z26reduce_negative_180_to_180f
                0x03802718       0x90 build/src/JAR-Template/util.o
                0x03802718                reduce_negative_180_to_180(float)
 .text._Z24reduce_negative_90_to_90f
                0x038027a8       0x90 build/src/JAR-Template/util.o
                0x038027a8                reduce_negative_90_to_90(float)
 .text._Z6to_radf
                0x03802838       0x28 build/src/JAR-Template/util.o
                0x03802838                to_rad(float)
 .text._Z6to_degf
                0x03802860       0x28 build/src/JAR-Template/util.o
                0x03802860                to_deg(float)
 .text._Z5clampfff
                0x03802888       0x2c build/src/JAR-Template/util.o
                0x03802888                clamp(float, float, float)
 .text._Z11is_reversedd
                0x038028b4       0x18 build/src/JAR-Template/util.o
                0x038028b4                is_reversed(double)
 *fill*         0x038028cc        0x4 
 .text._Z7to_voltf
                0x038028d0       0x30 build/src/JAR-Template/util.o
                0x038028d0                to_volt(float)
 .text._Z7to_porti
                0x03802900       0x10 build/src/JAR-Template/util.o
                0x03802900                to_port(int)
 .text._Z8deadbandff
                0x03802910       0x28 build/src/JAR-Template/util.o
                0x03802910                deadband(float, float)
 .text._Z15is_line_settledfffff
                0x03802938       0xa8 build/src/JAR-Template/util.o
                0x03802938                is_line_settled(float, float, float, float, float)
 .text._Z20left_voltage_scalingff
                0x038029e0       0x48 build/src/JAR-Template/util.o
                0x038029e0                left_voltage_scaling(float, float)
 .text._Z21right_voltage_scalingff
                0x03802a28       0x48 build/src/JAR-Template/util.o
                0x03802a28                right_voltage_scaling(float, float)
 .text._Z17clamp_min_voltageff
                0x03802a70       0x4c build/src/JAR-Template/util.o
                0x03802a70                clamp_min_voltage(float, float)
 .text._ZN4Odom22set_physical_distancesEff
                0x03802abc        0x8 build/src/JAR-Template/odom.o
                0x03802abc                Odom::set_physical_distances(float, float)
 .text._ZN4Odom12set_positionEfffff
                0x03802ac4       0x1c build/src/JAR-Template/odom.o
                0x03802ac4                Odom::set_position(float, float, float, float, float)
 .text._ZN4Odom15update_positionEfff
                0x03802ae0      0x1a4 build/src/JAR-Template/odom.o
                0x03802ae0                Odom::update_position(float, float, float)
 *fill*         0x03802c84        0x4 
 .text._ZN5DriveC2E11drive_setupN3vex11motor_groupES2_ifffiiiiiffiff
                0x03802c88      0x268 build/src/JAR-Template/drive.o
                0x03802c88                Drive::Drive(drive_setup, vex::motor_group, vex::motor_group, int, float, float, float, int, int, int, int, int, float, float, int, float, float)
                0x03802c88                Drive::Drive(drive_setup, vex::motor_group, vex::motor_group, int, float, float, float, int, int, int, int, int, float, float, int, float, float)
 .text._ZN5Drive18drive_with_voltageEff
                0x03802ef0       0x6c build/src/JAR-Template/drive.o
                0x03802ef0                Drive::drive_with_voltage(float, float)
 .text._ZN5Drive18set_turn_constantsEfffff
                0x03802f5c       0x1c build/src/JAR-Template/drive.o
                0x03802f5c                Drive::set_turn_constants(float, float, float, float, float)
 .text._ZN5Drive19set_drive_constantsEfffff
                0x03802f78       0x1c build/src/JAR-Template/drive.o
                0x03802f78                Drive::set_drive_constants(float, float, float, float, float)
 .text._ZN5Drive21set_heading_constantsEfffff
                0x03802f94       0x1c build/src/JAR-Template/drive.o
                0x03802f94                Drive::set_heading_constants(float, float, float, float, float)
 .text._ZN5Drive19set_swing_constantsEfffff
                0x03802fb0       0x1c build/src/JAR-Template/drive.o
                0x03802fb0                Drive::set_swing_constants(float, float, float, float, float)
 .text._ZN5Drive24set_turn_exit_conditionsEfff
                0x03802fcc        0xc build/src/JAR-Template/drive.o
                0x03802fcc                Drive::set_turn_exit_conditions(float, float, float)
 .text._ZN5Drive25set_drive_exit_conditionsEfff
                0x03802fd8        0xc build/src/JAR-Template/drive.o
                0x03802fd8                Drive::set_drive_exit_conditions(float, float, float)
 .text._ZN5Drive25set_swing_exit_conditionsEfff
                0x03802fe4        0xc build/src/JAR-Template/drive.o
                0x03802fe4                Drive::set_swing_exit_conditions(float, float, float)
 .text._ZN5Drive20get_absolute_headingEv
                0x03802ff0       0x48 build/src/JAR-Template/drive.o
                0x03802ff0                Drive::get_absolute_heading()
 .text._ZN5Drive13turn_to_angleEf
                0x03803038       0x50 build/src/JAR-Template/drive.o
                0x03803038                Drive::turn_to_angle(float)
 .text._ZN5Drive13turn_to_angleEfffffffff
                0x03803088      0x150 build/src/JAR-Template/drive.o
                0x03803088                Drive::turn_to_angle(float, float, float, float, float, float, float, float, float)
 .text._ZN5Drive14drive_distanceEf
                0x038031d8       0xc8 build/src/JAR-Template/drive.o
                0x038031d8                Drive::drive_distance(float)
 .text._ZN5Drive14drive_distanceEfffffffffffffff
                0x038032a0      0x2c0 build/src/JAR-Template/drive.o
                0x038032a0                Drive::drive_distance(float, float, float, float, float, float, float, float, float, float, float, float, float, float, float)
 .text._ZN5Drive27get_ForwardTracker_positionEv
                0x03803560       0xa0 build/src/JAR-Template/drive.o
                0x03803560                Drive::get_ForwardTracker_position()
 .text._ZN5Drive28get_SidewaysTracker_positionEv
                0x03803600       0x88 build/src/JAR-Template/drive.o
                0x03803600                Drive::get_SidewaysTracker_position()
 .text._ZN5Drive14position_trackEv
                0x03803688       0x88 build/src/JAR-Template/drive.o
                0x03803688                Drive::position_track()
 .text._ZN5Drive15set_coordinatesEfff
                0x03803710       0xb0 build/src/JAR-Template/drive.o
                0x03803710                Drive::set_coordinates(float, float, float)
 .text._ZN5Drive19position_track_taskEv
                0x038037c0       0x14 build/src/JAR-Template/drive.o
                0x038037c0                Drive::position_track_task()
 .text._ZN5Drive13drive_to_poseEfff
                0x038037d4       0x98 build/src/JAR-Template/drive.o
                0x038037d4                Drive::drive_to_pose(float, float, float)
 *fill*         0x0380386c        0x4 
 .text._ZN5Drive13drive_to_poseEfffffffffffffffffff
                0x03803870      0x514 build/src/JAR-Template/drive.o
                0x03803870                Drive::drive_to_pose(float, float, float, float, float, float, float, float, float, float, float, float, float, float, float, float, float, float, float)
 .text._ZN5Drive14control_arcadeEv
                0x03803d84      0x114 build/src/JAR-Template/drive.o
                0x03803d84                Drive::control_arcade()
 .text._ZN3PIDC2Efffff
                0x03803e98       0x38 build/src/JAR-Template/PID.o
                0x03803e98                PID::PID(float, float, float, float, float)
                0x03803e98                PID::PID(float, float, float, float, float)
 .text._ZN3PIDC2Effffffff
                0x03803ed0       0x50 build/src/JAR-Template/PID.o
                0x03803ed0                PID::PID(float, float, float, float, float, float, float, float)
                0x03803ed0                PID::PID(float, float, float, float, float, float, float, float)
 .text._ZN3PID7computeEf
                0x03803f20       0xd0 build/src/JAR-Template/PID.o
                0x03803f20                PID::compute(float)
 .text._ZN3PID10is_settledEv
                0x03803ff0       0x44 build/src/JAR-Template/PID.o
                0x03803ff0                PID::is_settled()
 .text._GLOBAL__sub_I_math.cpp
                0x03804034       0x34 build/src/sylib/math.o
 .text._ZN5sylib11delay_untilEPmm
                0x03804068       0x24 build/src/sylib/system.o
                0x03804068                sylib::delay_until(unsigned long*, unsigned long)
 .text._ZN5sylib5delayEm
                0x0380408c        0x4 build/src/sylib/system.o
                0x0380408c                sylib::delay(unsigned long)
 .text._ZN5sylib6millisEv
                0x03804090        0x4 build/src/sylib/system.o
                0x03804090                sylib::millis()
 .text.__cxx_global_array_dtor
                0x03804094       0x2c build/src/sylib/system.o
 .text.__cxx_global_array_dtor.3
                0x038040c0       0x2c build/src/sylib/system.o
 .text._ZNSt6vectorIPN5sylib6DeviceESaIS2_EED2Ev
                0x038040ec       0x24 build/src/sylib/system.o
                0x038040ec                std::vector<sylib::Device*, std::allocator<sylib::Device*> >::~vector()
 .text._ZN5sylib11SylibDaemon16startSylibDaemonEv
                0x03804110       0x50 build/src/sylib/system.o
                0x03804110                sylib::SylibDaemon::startSylibDaemon()
 .text._ZN5sylib11SylibDaemon19managerTaskFunctionEv
                0x03804160      0x298 build/src/sylib/system.o
                0x03804160                sylib::SylibDaemon::managerTaskFunction()
 .text._ZNSt10unique_ptrIN5sylib4TaskESt14default_deleteIS1_EED2Ev
                0x038043f8       0x30 build/src/sylib/system.o
                0x038043f8                std::unique_ptr<sylib::Task, std::default_delete<sylib::Task> >::~unique_ptr()
 .text._ZN5sylib11SylibDaemonD2Ev
                0x03804428        0x4 build/src/sylib/system.o
                0x03804428                sylib::SylibDaemon::~SylibDaemon()
                0x03804428                sylib::SylibDaemon::~SylibDaemon()
 .text._ZN5sylib11SylibDaemon11getInstanceEv
                0x0380442c       0x70 build/src/sylib/system.o
                0x0380442c                sylib::SylibDaemon::getInstance()
 .text._ZN5sylib11SylibDaemon19createSubTaskUnsafeEPNS_6DeviceE
                0x0380449c       0xb8 build/src/sylib/system.o
                0x0380449c                sylib::SylibDaemon::createSubTaskUnsafe(sylib::Device*)
 .text._ZN5sylib11SylibDaemon13createSubTaskEPNS_6DeviceE
                0x03804554       0x40 build/src/sylib/system.o
                0x03804554                sylib::SylibDaemon::createSubTask(sylib::Device*)
 .text._ZN5sylib11SylibDaemon13removeSubTaskEPNS_6DeviceE
                0x03804594       0xc0 build/src/sylib/system.o
                0x03804594                sylib::SylibDaemon::removeSubTask(sylib::Device*)
 .text._ZN5sylib6Device12startSubTaskEv
                0x03804654       0xd4 build/src/sylib/system.o
                0x03804654                sylib::Device::startSubTask()
 .text._ZN5sylib6Device11killSubTaskEv
                0x03804728       0x50 build/src/sylib/system.o
                0x03804728                sylib::Device::killSubTask()
 .text._ZN5sylib6DeviceC2Eii
                0x03804778       0x48 build/src/sylib/system.o
                0x03804778                sylib::Device::Device(int, int)
 .text._ZN5sylib6DeviceD2Ev
                0x038047c0       0x40 build/src/sylib/system.o
                0x038047c0                sylib::Device::~Device()
                0x038047c0                sylib::Device::~Device()
 .text._ZN5sylib6Device15setUpdateOffsetEi
                0x03804800        0x8 build/src/sylib/system.o
                0x03804800                sylib::Device::setUpdateOffset(int)
 .text._ZN5sylib6Device18setUpdateFrequencyEi
                0x03804808        0x8 build/src/sylib/system.o
                0x03804808                sylib::Device::setUpdateFrequency(int)
 .text._ZN5sylib10initializeEv
                0x03804810       0x1c build/src/sylib/system.o
                0x03804810                sylib::initialize()
 .text._ZNSt10unique_ptrIN5sylib4TaskESt14default_deleteIS1_EE5resetEPS1_
                0x0380482c       0x28 build/src/sylib/system.o
                0x0380482c                std::unique_ptr<sylib::Task, std::default_delete<sylib::Task> >::reset(sylib::Task*)
 .text._ZNSt6vectorIPN5sylib6DeviceESaIS2_EE19_M_emplace_back_auxIJRKS2_EEEvDpOT_
                0x03804854       0x8c build/src/sylib/system.o
                0x03804854                void std::vector<sylib::Device*, std::allocator<sylib::Device*> >::_M_emplace_back_aux<sylib::Device* const&>(sylib::Device* const&)
 .text._ZNKSt6vectorIPN5sylib6DeviceESaIS2_EE12_M_check_lenEjPKc
                0x038048e0       0x54 build/src/sylib/system.o
                0x038048e0                std::vector<sylib::Device*, std::allocator<sylib::Device*> >::_M_check_len(unsigned int, char const*) const
 .text._ZNSt12_Vector_baseIPN5sylib6DeviceESaIS2_EE11_M_allocateEj
                0x03804934       0x30 build/src/sylib/system.o
                0x03804934                std::_Vector_base<sylib::Device*, std::allocator<sylib::Device*> >::_M_allocate(unsigned int)
 .text._ZSt11__remove_ifIN9__gnu_cxx17__normal_iteratorIPPN5sylib6DeviceESt6vectorIS4_SaIS4_EEEENS0_5__ops16_Iter_equals_valIKS4_EEET_SE_SE_T0_
                0x03804964       0x44 build/src/sylib/system.o
                0x03804964                __gnu_cxx::__normal_iterator<sylib::Device**, std::vector<sylib::Device*, std::allocator<sylib::Device*> > > std::__remove_if<__gnu_cxx::__normal_iterator<sylib::Device**, std::vector<sylib::Device*, std::allocator<sylib::Device*> > >, __gnu_cxx::__ops::_Iter_equals_val<sylib::Device* const> >(__gnu_cxx::__normal_iterator<sylib::Device**, std::vector<sylib::Device*, std::allocator<sylib::Device*> > >, __gnu_cxx::__normal_iterator<sylib::Device**, std::vector<sylib::Device*, std::allocator<sylib::Device*> > >, __gnu_cxx::__ops::_Iter_equals_val<sylib::Device* const>)
 .text._ZSt9__find_ifIN9__gnu_cxx17__normal_iteratorIPPN5sylib6DeviceESt6vectorIS4_SaIS4_EEEENS0_5__ops16_Iter_equals_valIKS4_EEET_SE_SE_T0_St26random_access_iterator_tag
                0x038049a8       0xdc build/src/sylib/system.o
                0x038049a8                __gnu_cxx::__normal_iterator<sylib::Device**, std::vector<sylib::Device*, std::allocator<sylib::Device*> > > std::__find_if<__gnu_cxx::__normal_iterator<sylib::Device**, std::vector<sylib::Device*, std::allocator<sylib::Device*> > >, __gnu_cxx::__ops::_Iter_equals_val<sylib::Device* const> >(__gnu_cxx::__normal_iterator<sylib::Device**, std::vector<sylib::Device*, std::allocator<sylib::Device*> > >, __gnu_cxx::__normal_iterator<sylib::Device**, std::vector<sylib::Device*, std::allocator<sylib::Device*> > >, __gnu_cxx::__ops::_Iter_equals_val<sylib::Device* const>, std::random_access_iterator_tag)
 .text._GLOBAL__sub_I_system.cpp
                0x03804a84       0xd4 build/src/sylib/system.o
 .text._GLOBAL__sub_I_sylib.cpp
                0x03804b58       0x34 build/src/sylib/sylib.o
 .text._ZNSt11unique_lockIN5sylib5MutexEEaSEOS2_
                0x03804b8c       0x78 build/src/sylib/motor.o
                0x03804b8c                std::unique_lock<sylib::Mutex>::operator=(std::unique_lock<sylib::Mutex>&&)
 .text._ZNSt11unique_lockIN5sylib5MutexEE6unlockEv
                0x03804c04       0x3c build/src/sylib/motor.o
                0x03804c04                std::unique_lock<sylib::Mutex>::unlock()
 .text._ZNSt11unique_lockIN5sylib5MutexEE4lockEv
                0x03804c40       0x44 build/src/sylib/motor.o
                0x03804c40                std::unique_lock<sylib::Mutex>::lock()
 .text._GLOBAL__sub_I_motor.cpp
                0x03804c84       0x34 build/src/sylib/motor.o
 .text._ZN5sylib7AddrledC2EhhhSt6vectorImSaImEE
                0x03804cb8      0x2b4 build/src/sylib/addrled.o
                0x03804cb8                sylib::Addrled::Addrled(unsigned char, unsigned char, unsigned char, std::vector<unsigned long, std::allocator<unsigned long> >)
                0x03804cb8                sylib::Addrled::Addrled(unsigned char, unsigned char, unsigned char, std::vector<unsigned long, std::allocator<unsigned long> >)
 .text._ZN5sylib7Addrled22setAddrledUpdateCyclesEi
                0x03804f6c       0xa0 build/src/sylib/addrled.o
                0x03804f6c                sylib::Addrled::setAddrledUpdateCycles(int)
 .text._ZNSt6vectorImSaImEE6resizeEj
                0x0380500c       0x30 build/src/sylib/addrled.o
                0x0380500c                std::vector<unsigned long, std::allocator<unsigned long> >::resize(unsigned int)
 .text._ZN5sylib7AddrledD2Ev
                0x0380503c      0x104 build/src/sylib/addrled.o
                0x0380503c                sylib::Addrled::~Addrled()
                0x0380503c                sylib::Addrled::~Addrled()
 .text._ZNSt6vectorImSaImEED2Ev
                0x03805140       0x24 build/src/sylib/addrled.o
                0x03805140                std::vector<unsigned long, std::allocator<unsigned long> >::~vector()
 .text._ZNSt6vectorIPN5sylib7AddrledESaIS2_EED2Ev
                0x03805164       0x24 build/src/sylib/addrled.o
                0x03805164                std::vector<sylib::Addrled*, std::allocator<sylib::Addrled*> >::~vector()
 .text._ZN5sylib7Addrled6updateEv
                0x03805188      0x500 build/src/sylib/addrled.o
                0x03805188                sylib::Addrled::update()
 .text._ZNSt6vectorImSaImEEaSERKS1_
                0x03805688      0x104 build/src/sylib/addrled.o
                0x03805688                std::vector<unsigned long, std::allocator<unsigned long> >::operator=(std::vector<unsigned long, std::allocator<unsigned long> > const&)
 .text._ZN5sylib7Addrled7set_allEm
                0x0380578c       0x6c build/src/sylib/addrled.o
                0x0380578c                sylib::Addrled::set_all(unsigned long)
 .text._ZNSt6vectorIPN5sylib7AddrledESaIS2_EE19_M_emplace_back_auxIJS2_EEEvDpOT_
                0x038057f8       0x8c build/src/sylib/addrled.o
                0x038057f8                void std::vector<sylib::Addrled*, std::allocator<sylib::Addrled*> >::_M_emplace_back_aux<sylib::Addrled*>(sylib::Addrled*&&)
 .text._ZNKSt6vectorIPN5sylib7AddrledESaIS2_EE12_M_check_lenEjPKc
                0x03805884       0x54 build/src/sylib/addrled.o
                0x03805884                std::vector<sylib::Addrled*, std::allocator<sylib::Addrled*> >::_M_check_len(unsigned int, char const*) const
 .text._ZNSt12_Vector_baseIPN5sylib7AddrledESaIS2_EE11_M_allocateEj
                0x038058d8       0x30 build/src/sylib/addrled.o
                0x038058d8                std::_Vector_base<sylib::Addrled*, std::allocator<sylib::Addrled*> >::_M_allocate(unsigned int)
 .text._ZNSt6vectorImSaImEE17_M_default_appendEj
                0x03805908       0xcc build/src/sylib/addrled.o
                0x03805908                std::vector<unsigned long, std::allocator<unsigned long> >::_M_default_append(unsigned int)
 .text._ZNKSt6vectorImSaImEE12_M_check_lenEjPKc
                0x038059d4       0x54 build/src/sylib/addrled.o
                0x038059d4                std::vector<unsigned long, std::allocator<unsigned long> >::_M_check_len(unsigned int, char const*) const
 .text._ZNSt12_Vector_baseImSaImEE11_M_allocateEj
                0x03805a28       0x30 build/src/sylib/addrled.o
                0x03805a28                std::_Vector_base<unsigned long, std::allocator<unsigned long> >::_M_allocate(unsigned int)
 .text._ZSt11__remove_ifIN9__gnu_cxx17__normal_iteratorIPPN5sylib7AddrledESt6vectorIS4_SaIS4_EEEENS0_5__ops16_Iter_equals_valIKS4_EEET_SE_SE_T0_
                0x03805a58       0x44 build/src/sylib/addrled.o
                0x03805a58                __gnu_cxx::__normal_iterator<sylib::Addrled**, std::vector<sylib::Addrled*, std::allocator<sylib::Addrled*> > > std::__remove_if<__gnu_cxx::__normal_iterator<sylib::Addrled**, std::vector<sylib::Addrled*, std::allocator<sylib::Addrled*> > >, __gnu_cxx::__ops::_Iter_equals_val<sylib::Addrled* const> >(__gnu_cxx::__normal_iterator<sylib::Addrled**, std::vector<sylib::Addrled*, std::allocator<sylib::Addrled*> > >, __gnu_cxx::__normal_iterator<sylib::Addrled**, std::vector<sylib::Addrled*, std::allocator<sylib::Addrled*> > >, __gnu_cxx::__ops::_Iter_equals_val<sylib::Addrled* const>)
 .text._ZSt9__find_ifIN9__gnu_cxx17__normal_iteratorIPPN5sylib7AddrledESt6vectorIS4_SaIS4_EEEENS0_5__ops16_Iter_equals_valIKS4_EEET_SE_SE_T0_St26random_access_iterator_tag
                0x03805a9c       0xdc build/src/sylib/addrled.o
                0x03805a9c                __gnu_cxx::__normal_iterator<sylib::Addrled**, std::vector<sylib::Addrled*, std::allocator<sylib::Addrled*> > > std::__find_if<__gnu_cxx::__normal_iterator<sylib::Addrled**, std::vector<sylib::Addrled*, std::allocator<sylib::Addrled*> > >, __gnu_cxx::__ops::_Iter_equals_val<sylib::Addrled* const> >(__gnu_cxx::__normal_iterator<sylib::Addrled**, std::vector<sylib::Addrled*, std::allocator<sylib::Addrled*> > >, __gnu_cxx::__normal_iterator<sylib::Addrled**, std::vector<sylib::Addrled*, std::allocator<sylib::Addrled*> > >, __gnu_cxx::__ops::_Iter_equals_val<sylib::Addrled* const>, std::random_access_iterator_tag)
 .text._ZSt8__rotateIN9__gnu_cxx17__normal_iteratorIPmSt6vectorImSaImEEEEEvT_S7_S7_St26random_access_iterator_tag
                0x03805b78      0x150 build/src/sylib/addrled.o
                0x03805b78                void std::__rotate<__gnu_cxx::__normal_iterator<unsigned long*, std::vector<unsigned long, std::allocator<unsigned long> > > >(__gnu_cxx::__normal_iterator<unsigned long*, std::vector<unsigned long, std::allocator<unsigned long> > >, __gnu_cxx::__normal_iterator<unsigned long*, std::vector<unsigned long, std::allocator<unsigned long> > >, __gnu_cxx::__normal_iterator<unsigned long*, std::vector<unsigned long, std::allocator<unsigned long> > >, std::random_access_iterator_tag)
 .text._GLOBAL__sub_I_addrled.cpp
                0x03805cc8       0x84 build/src/sylib/addrled.o
 .text.vexMain  0x03805d4c       0xb0 c:\Users\banth\AppData\Roaming\Code\User\globalStorage\vexrobotics.vexcode\sdk\cpp\V5\V5_20240802_15_00_00/vexv5\libv5rt.a(v5_startup.c.obj)
                0x03805d4c                vexMain
 .text.__vex_function_prolog
                0x03805dfc       0x18 c:\Users\banth\AppData\Roaming\Code\User\globalStorage\vexrobotics.vexcode\sdk\cpp\V5\V5_20240802_15_00_00/vexv5\libv5rt.a(v5_startup.c.obj)
                0x03805dfc                __vex_function_prolog
 .text._init    0x03805e14        0x4 c:\Users\banth\AppData\Roaming\Code\User\globalStorage\vexrobotics.vexcode\sdk\cpp\V5\V5_20240802_15_00_00/vexv5\libv5rt.a(v5_startup.c.obj)
                0x03805e14                _init
 .text._fini    0x03805e18        0x4 c:\Users\banth\AppData\Roaming\Code\User\globalStorage\vexrobotics.vexcode\sdk\cpp\V5\V5_20240802_15_00_00/vexv5\libv5rt.a(v5_startup.c.obj)
                0x03805e18                _fini
 .text.vexStdlibVersionLinked
                0x03805e1c        0xc c:\Users\banth\AppData\Roaming\Code\User\globalStorage\vexrobotics.vexcode\sdk\cpp\V5\V5_20240802_15_00_00/vexv5\libv5rt.a(v5_util.c.obj)
                0x03805e1c                vexStdlibVersionLinked
 .text.vexStdlibVersionVerify
                0x03805e28       0x30 c:\Users\banth\AppData\Roaming\Code\User\globalStorage\vexrobotics.vexcode\sdk\cpp\V5\V5_20240802_15_00_00/vexv5\libv5rt.a(v5_util.c.obj)
                0x03805e28                vexStdlibVersionVerify
 .text.vexPrivateApiEnable
                0x03805e58       0x10 c:\Users\banth\AppData\Roaming\Code\User\globalStorage\vexrobotics.vexcode\sdk\cpp\V5\V5_20240802_15_00_00/vexv5\libv5rt.a(v5_apijump.c.obj)
                0x03805e58                vexPrivateApiEnable
 .text.vexStdlibMismatchError
                0x03805e68       0x3c c:\Users\banth\AppData\Roaming\Code\User\globalStorage\vexrobotics.vexcode\sdk\cpp\V5\V5_20240802_15_00_00/vexv5\libv5rt.a(v5_apijump.c.obj)
                0x03805e68                vexStdlibMismatchError
 .text.vexScratchMemoryPtr
                0x03805ea4       0x30 c:\Users\banth\AppData\Roaming\Code\User\globalStorage\vexrobotics.vexcode\sdk\cpp\V5\V5_20240802_15_00_00/vexv5\libv5rt.a(v5_apijump.c.obj)
                0x03805ea4                vexScratchMemoryPtr
 .text.vexTaskAdd
                0x03805ed4       0x10 c:\Users\banth\AppData\Roaming\Code\User\globalStorage\vexrobotics.vexcode\sdk\cpp\V5\V5_20240802_15_00_00/vexv5\libv5rt.a(v5_apijump.c.obj)
                0x03805ed4                vexTaskAdd
 .text.vexTasksRun
                0x03805ee4       0x10 c:\Users\banth\AppData\Roaming\Code\User\globalStorage\vexrobotics.vexcode\sdk\cpp\V5\V5_20240802_15_00_00/vexv5\libv5rt.a(v5_apijump.c.obj)
                0x03805ee4                vexTasksRun
 .text.vexTaskYield
                0x03805ef4       0x10 c:\Users\banth\AppData\Roaming\Code\User\globalStorage\vexrobotics.vexcode\sdk\cpp\V5\V5_20240802_15_00_00/vexv5\libv5rt.a(v5_apijump.c.obj)
                0x03805ef4                vexTaskYield
 .text.vexTaskCheckTimeslice
                0x03805f04       0x10 c:\Users\banth\AppData\Roaming\Code\User\globalStorage\vexrobotics.vexcode\sdk\cpp\V5\V5_20240802_15_00_00/vexv5\libv5rt.a(v5_apijump.c.obj)
                0x03805f04                vexTaskCheckTimeslice
 .text.vexTaskGetIndex
                0x03805f14       0x10 c:\Users\banth\AppData\Roaming\Code\User\globalStorage\vexrobotics.vexcode\sdk\cpp\V5\V5_20240802_15_00_00/vexv5\libv5rt.a(v5_apijump.c.obj)
                0x03805f14                vexTaskGetIndex
 .text.vexTaskSleep
                0x03805f24       0x10 c:\Users\banth\AppData\Roaming\Code\User\globalStorage\vexrobotics.vexcode\sdk\cpp\V5\V5_20240802_15_00_00/vexv5\libv5rt.a(v5_apijump.c.obj)
                0x03805f24                vexTaskSleep
 .text.vexSemaphoreInit
                0x03805f34       0x24 c:\Users\banth\AppData\Roaming\Code\User\globalStorage\vexrobotics.vexcode\sdk\cpp\V5\V5_20240802_15_00_00/vexv5\libv5rt.a(v5_apijump.c.obj)
                0x03805f34                vexSemaphoreInit
 .text.vexSemaphoreLock
                0x03805f58       0x2c c:\Users\banth\AppData\Roaming\Code\User\globalStorage\vexrobotics.vexcode\sdk\cpp\V5\V5_20240802_15_00_00/vexv5\libv5rt.a(v5_apijump.c.obj)
                0x03805f58                vexSemaphoreLock
 .text.vexSemaphoreUnlock
                0x03805f84       0x24 c:\Users\banth\AppData\Roaming\Code\User\globalStorage\vexrobotics.vexcode\sdk\cpp\V5\V5_20240802_15_00_00/vexv5\libv5rt.a(v5_apijump.c.obj)
                0x03805f84                vexSemaphoreUnlock
 .text.vexTasksDump
                0x03805fa8       0x1c c:\Users\banth\AppData\Roaming\Code\User\globalStorage\vexrobotics.vexcode\sdk\cpp\V5\V5_20240802_15_00_00/vexv5\libv5rt.a(v5_apijump.c.obj)
                0x03805fa8                vexTasksDump
 .text.vexTaskGetTaskIndex
                0x03805fc4       0x10 c:\Users\banth\AppData\Roaming\Code\User\globalStorage\vexrobotics.vexcode\sdk\cpp\V5\V5_20240802_15_00_00/vexv5\libv5rt.a(v5_apijump.c.obj)
                0x03805fc4                vexTaskGetTaskIndex
 .text.vexTaskStopAll
                0x03805fd4       0x10 c:\Users\banth\AppData\Roaming\Code\User\globalStorage\vexrobotics.vexcode\sdk\cpp\V5\V5_20240802_15_00_00/vexv5\libv5rt.a(v5_apijump.c.obj)
                0x03805fd4                vexTaskStopAll
 .text.vexTaskRemoveAllUser
                0x03805fe4       0x34 c:\Users\banth\AppData\Roaming\Code\User\globalStorage\vexrobotics.vexcode\sdk\cpp\V5\V5_20240802_15_00_00/vexv5\libv5rt.a(v5_apijump.c.obj)
                0x03805fe4                vexTaskRemoveAllUser
 .text.vexTaskCompletionIdSet
                0x03806018       0x10 c:\Users\banth\AppData\Roaming\Code\User\globalStorage\vexrobotics.vexcode\sdk\cpp\V5\V5_20240802_15_00_00/vexv5\libv5rt.a(v5_apijump.c.obj)
                0x03806018                vexTaskCompletionIdSet
 .text.vexTaskStopWithId
                0x03806028       0x10 c:\Users\banth\AppData\Roaming\Code\User\globalStorage\vexrobotics.vexcode\sdk\cpp\V5\V5_20240802_15_00_00/vexv5\libv5rt.a(v5_apijump.c.obj)
                0x03806028                vexTaskStopWithId
 .text.vexTaskGetCallbackAndId
                0x03806038       0x54 c:\Users\banth\AppData\Roaming\Code\User\globalStorage\vexrobotics.vexcode\sdk\cpp\V5\V5_20240802_15_00_00/vexv5\libv5rt.a(v5_apijump.c.obj)
                0x03806038                vexTaskGetCallbackAndId
 .text.vexCriticalSection
                0x0380608c       0x2c c:\Users\banth\AppData\Roaming\Code\User\globalStorage\vexrobotics.vexcode\sdk\cpp\V5\V5_20240802_15_00_00/vexv5\libv5rt.a(v5_apijump.c.obj)
                0x0380608c                vexCriticalSection
 .text.vexEventAdd
                0x038060b8       0x34 c:\Users\banth\AppData\Roaming\Code\User\globalStorage\vexrobotics.vexcode\sdk\cpp\V5\V5_20240802_15_00_00/vexv5\libv5rt.a(v5_apijump.c.obj)
                0x038060b8                vexEventAdd
 .text.vexEventUserIndexGet
                0x038060ec       0x1c c:\Users\banth\AppData\Roaming\Code\User\globalStorage\vexrobotics.vexcode\sdk\cpp\V5\V5_20240802_15_00_00/vexv5\libv5rt.a(v5_apijump.c.obj)
                0x038060ec                vexEventUserIndexGet
 .text.vexEventAddWithArg
                0x03806108       0x3c c:\Users\banth\AppData\Roaming\Code\User\globalStorage\vexrobotics.vexcode\sdk\cpp\V5\V5_20240802_15_00_00/vexv5\libv5rt.a(v5_apijump.c.obj)
                0x03806108                vexEventAddWithArg
 .text.vexEventsCleanup
                0x03806144       0x2c c:\Users\banth\AppData\Roaming\Code\User\globalStorage\vexrobotics.vexcode\sdk\cpp\V5\V5_20240802_15_00_00/vexv5\libv5rt.a(v5_apijump.c.obj)
                0x03806144                vexEventsCleanup
 .text.vexDebug
                0x03806170       0x38 c:\Users\banth\AppData\Roaming\Code\User\globalStorage\vexrobotics.vexcode\sdk\cpp\V5\V5_20240802_15_00_00/vexv5\libv5rt.a(v5_apijump.c.obj)
                0x03806170                vexDebug
 .text.vex_sprintf
                0x038061a8       0x40 c:\Users\banth\AppData\Roaming\Code\User\globalStorage\vexrobotics.vexcode\sdk\cpp\V5\V5_20240802_15_00_00/vexv5\libv5rt.a(v5_apijump.c.obj)
                0x038061a8                vex_sprintf
 .text.vexSystemTimeGet
                0x038061e8       0x1c c:\Users\banth\AppData\Roaming\Code\User\globalStorage\vexrobotics.vexcode\sdk\cpp\V5\V5_20240802_15_00_00/vexv5\libv5rt.a(v5_apijump.c.obj)
                0x038061e8                vexSystemTimeGet
 .text.vexSystemExitRequest
                0x03806204       0x1c c:\Users\banth\AppData\Roaming\Code\User\globalStorage\vexrobotics.vexcode\sdk\cpp\V5\V5_20240802_15_00_00/vexv5\libv5rt.a(v5_apijump.c.obj)
                0x03806204                vexSystemExitRequest
 .text.vexSystemHighResTimeGet
                0x03806220       0x38 c:\Users\banth\AppData\Roaming\Code\User\globalStorage\vexrobotics.vexcode\sdk\cpp\V5\V5_20240802_15_00_00/vexv5\libv5rt.a(v5_apijump.c.obj)
                0x03806220                vexSystemHighResTimeGet
 .text.vexDeviceGetByIndex
                0x03806258       0x24 c:\Users\banth\AppData\Roaming\Code\User\globalStorage\vexrobotics.vexcode\sdk\cpp\V5\V5_20240802_15_00_00/vexv5\libv5rt.a(v5_apijump.c.obj)
                0x03806258                vexDeviceGetByIndex
 .text.vexControllerGet
                0x0380627c       0x2c c:\Users\banth\AppData\Roaming\Code\User\globalStorage\vexrobotics.vexcode\sdk\cpp\V5\V5_20240802_15_00_00/vexv5\libv5rt.a(v5_apijump.c.obj)
                0x0380627c                vexControllerGet
 .text.vexControllerTextSet
                0x038062a8       0x74 c:\Users\banth\AppData\Roaming\Code\User\globalStorage\vexrobotics.vexcode\sdk\cpp\V5\V5_20240802_15_00_00/vexv5\libv5rt.a(v5_apijump.c.obj)
                0x038062a8                vexControllerTextSet
 .text.vexDeviceAdiPortConfigSet
                0x0380631c       0x34 c:\Users\banth\AppData\Roaming\Code\User\globalStorage\vexrobotics.vexcode\sdk\cpp\V5\V5_20240802_15_00_00/vexv5\libv5rt.a(v5_apijump.c.obj)
                0x0380631c                vexDeviceAdiPortConfigSet
 .text.vexDeviceAdiPortConfigGet
                0x03806350       0x2c c:\Users\banth\AppData\Roaming\Code\User\globalStorage\vexrobotics.vexcode\sdk\cpp\V5\V5_20240802_15_00_00/vexv5\libv5rt.a(v5_apijump.c.obj)
                0x03806350                vexDeviceAdiPortConfigGet
 .text.vexDeviceAdiValueSet
                0x0380637c       0x34 c:\Users\banth\AppData\Roaming\Code\User\globalStorage\vexrobotics.vexcode\sdk\cpp\V5\V5_20240802_15_00_00/vexv5\libv5rt.a(v5_apijump.c.obj)
                0x0380637c                vexDeviceAdiValueSet
 .text.vexDeviceAdiValueGet
                0x038063b0       0x2c c:\Users\banth\AppData\Roaming\Code\User\globalStorage\vexrobotics.vexcode\sdk\cpp\V5\V5_20240802_15_00_00/vexv5\libv5rt.a(v5_apijump.c.obj)
                0x038063b0                vexDeviceAdiValueGet
 .text.vexDeviceAdiAddrLedSet
                0x038063dc       0x4c c:\Users\banth\AppData\Roaming\Code\User\globalStorage\vexrobotics.vexcode\sdk\cpp\V5\V5_20240802_15_00_00/vexv5\libv5rt.a(v5_apijump.c.obj)
                0x038063dc                vexDeviceAdiAddrLedSet
 .text.vexDeviceMotorVelocitySet
                0x03806428       0x2c c:\Users\banth\AppData\Roaming\Code\User\globalStorage\vexrobotics.vexcode\sdk\cpp\V5\V5_20240802_15_00_00/vexv5\libv5rt.a(v5_apijump.c.obj)
                0x03806428                vexDeviceMotorVelocitySet
 .text.vexDeviceMotorVoltageSet
                0x03806454       0x2c c:\Users\banth\AppData\Roaming\Code\User\globalStorage\vexrobotics.vexcode\sdk\cpp\V5\V5_20240802_15_00_00/vexv5\libv5rt.a(v5_apijump.c.obj)
                0x03806454                vexDeviceMotorVoltageSet
 .text.vexDeviceMotorActualVelocityGet
                0x03806480       0x24 c:\Users\banth\AppData\Roaming\Code\User\globalStorage\vexrobotics.vexcode\sdk\cpp\V5\V5_20240802_15_00_00/vexv5\libv5rt.a(v5_apijump.c.obj)
                0x03806480                vexDeviceMotorActualVelocityGet
 .text.vexDeviceMotorReverseFlagSet
                0x038064a4       0x2c c:\Users\banth\AppData\Roaming\Code\User\globalStorage\vexrobotics.vexcode\sdk\cpp\V5\V5_20240802_15_00_00/vexv5\libv5rt.a(v5_apijump.c.obj)
                0x038064a4                vexDeviceMotorReverseFlagSet
 .text.vexDeviceMotorEncoderUnitsSet
                0x038064d0       0x2c c:\Users\banth\AppData\Roaming\Code\User\globalStorage\vexrobotics.vexcode\sdk\cpp\V5\V5_20240802_15_00_00/vexv5\libv5rt.a(v5_apijump.c.obj)
                0x038064d0                vexDeviceMotorEncoderUnitsSet
 .text.vexDeviceMotorBrakeModeSet
                0x038064fc       0x2c c:\Users\banth\AppData\Roaming\Code\User\globalStorage\vexrobotics.vexcode\sdk\cpp\V5\V5_20240802_15_00_00/vexv5\libv5rt.a(v5_apijump.c.obj)
                0x038064fc                vexDeviceMotorBrakeModeSet
 .text.vexDeviceMotorPositionSet
                0x03806528       0x34 c:\Users\banth\AppData\Roaming\Code\User\globalStorage\vexrobotics.vexcode\sdk\cpp\V5\V5_20240802_15_00_00/vexv5\libv5rt.a(v5_apijump.c.obj)
                0x03806528                vexDeviceMotorPositionSet
 .text.vexDeviceMotorPositionGet
                0x0380655c       0x24 c:\Users\banth\AppData\Roaming\Code\User\globalStorage\vexrobotics.vexcode\sdk\cpp\V5\V5_20240802_15_00_00/vexv5\libv5rt.a(v5_apijump.c.obj)
                0x0380655c                vexDeviceMotorPositionGet
 .text.vexDeviceMotorGearingSet
                0x03806580       0x2c c:\Users\banth\AppData\Roaming\Code\User\globalStorage\vexrobotics.vexcode\sdk\cpp\V5\V5_20240802_15_00_00/vexv5\libv5rt.a(v5_apijump.c.obj)
                0x03806580                vexDeviceMotorGearingSet
 .text.vexDeviceMotorGearingGet
                0x038065ac       0x24 c:\Users\banth\AppData\Roaming\Code\User\globalStorage\vexrobotics.vexcode\sdk\cpp\V5\V5_20240802_15_00_00/vexv5\libv5rt.a(v5_apijump.c.obj)
                0x038065ac                vexDeviceMotorGearingGet
 .text.vexDeviceImuReset
                0x038065d0       0x24 c:\Users\banth\AppData\Roaming\Code\User\globalStorage\vexrobotics.vexcode\sdk\cpp\V5\V5_20240802_15_00_00/vexv5\libv5rt.a(v5_apijump.c.obj)
                0x038065d0                vexDeviceImuReset
 .text.vexDeviceImuHeadingGet
                0x038065f4       0x24 c:\Users\banth\AppData\Roaming\Code\User\globalStorage\vexrobotics.vexcode\sdk\cpp\V5\V5_20240802_15_00_00/vexv5\libv5rt.a(v5_apijump.c.obj)
                0x038065f4                vexDeviceImuHeadingGet
 .text.vexDeviceImuDegreesGet
                0x03806618       0x24 c:\Users\banth\AppData\Roaming\Code\User\globalStorage\vexrobotics.vexcode\sdk\cpp\V5\V5_20240802_15_00_00/vexv5\libv5rt.a(v5_apijump.c.obj)
                0x03806618                vexDeviceImuDegreesGet
 .text.vexDeviceImuStatusGet
                0x0380663c       0x24 c:\Users\banth\AppData\Roaming\Code\User\globalStorage\vexrobotics.vexcode\sdk\cpp\V5\V5_20240802_15_00_00/vexv5\libv5rt.a(v5_apijump.c.obj)
                0x0380663c                vexDeviceImuStatusGet
 .text.vexDeviceAbsEncPositionGet
                0x03806660       0x24 c:\Users\banth\AppData\Roaming\Code\User\globalStorage\vexrobotics.vexcode\sdk\cpp\V5\V5_20240802_15_00_00/vexv5\libv5rt.a(v5_apijump.c.obj)
                0x03806660                vexDeviceAbsEncPositionGet
 .text.vexDeviceAbsEncAngleGet
                0x03806684       0x24 c:\Users\banth\AppData\Roaming\Code\User\globalStorage\vexrobotics.vexcode\sdk\cpp\V5\V5_20240802_15_00_00/vexv5\libv5rt.a(v5_apijump.c.obj)
                0x03806684                vexDeviceAbsEncAngleGet
 .text.vexDeviceAbsEncReverseFlagSet
                0x038066a8       0x2c c:\Users\banth\AppData\Roaming\Code\User\globalStorage\vexrobotics.vexcode\sdk\cpp\V5\V5_20240802_15_00_00/vexv5\libv5rt.a(v5_apijump.c.obj)
                0x038066a8                vexDeviceAbsEncReverseFlagSet
 .text.vexDeviceDistanceDistanceGet
                0x038066d4       0x24 c:\Users\banth\AppData\Roaming\Code\User\globalStorage\vexrobotics.vexcode\sdk\cpp\V5\V5_20240802_15_00_00/vexv5\libv5rt.a(v5_apijump.c.obj)
                0x038066d4                vexDeviceDistanceDistanceGet
 .text.vexDisplayForegroundColor
                0x038066f8       0x24 c:\Users\banth\AppData\Roaming\Code\User\globalStorage\vexrobotics.vexcode\sdk\cpp\V5\V5_20240802_15_00_00/vexv5\libv5rt.a(v5_apijump.c.obj)
                0x038066f8                vexDisplayForegroundColor
 .text.vexDisplayBackgroundColor
                0x0380671c       0x24 c:\Users\banth\AppData\Roaming\Code\User\globalStorage\vexrobotics.vexcode\sdk\cpp\V5\V5_20240802_15_00_00/vexv5\libv5rt.a(v5_apijump.c.obj)
                0x0380671c                vexDisplayBackgroundColor
 .text.vexDisplayBackgroundColorGet
                0x03806740       0x1c c:\Users\banth\AppData\Roaming\Code\User\globalStorage\vexrobotics.vexcode\sdk\cpp\V5\V5_20240802_15_00_00/vexv5\libv5rt.a(v5_apijump.c.obj)
                0x03806740                vexDisplayBackgroundColorGet
 .text.vexDisplayCopyRect
                0x0380675c       0x5c c:\Users\banth\AppData\Roaming\Code\User\globalStorage\vexrobotics.vexcode\sdk\cpp\V5\V5_20240802_15_00_00/vexv5\libv5rt.a(v5_apijump.c.obj)
                0x0380675c                vexDisplayCopyRect
 .text.vexDisplayRectClear
                0x038067b8       0x4c c:\Users\banth\AppData\Roaming\Code\User\globalStorage\vexrobotics.vexcode\sdk\cpp\V5\V5_20240802_15_00_00/vexv5\libv5rt.a(v5_apijump.c.obj)
                0x038067b8                vexDisplayRectClear
 .text.vexDisplayVPrintf
                0x03806804       0x50 c:\Users\banth\AppData\Roaming\Code\User\globalStorage\vexrobotics.vexcode\sdk\cpp\V5\V5_20240802_15_00_00/vexv5\libv5rt.a(v5_apijump.c.obj)
                0x03806804                vexDisplayVPrintf
 .text.vexDisplayTextReference
                0x03806854       0x24 c:\Users\banth\AppData\Roaming\Code\User\globalStorage\vexrobotics.vexcode\sdk\cpp\V5\V5_20240802_15_00_00/vexv5\libv5rt.a(v5_apijump.c.obj)
                0x03806854                vexDisplayTextReference
 .text.vexDisplayTextSize
                0x03806878       0x2c c:\Users\banth\AppData\Roaming\Code\User\globalStorage\vexrobotics.vexcode\sdk\cpp\V5\V5_20240802_15_00_00/vexv5\libv5rt.a(v5_apijump.c.obj)
                0x03806878                vexDisplayTextSize
 .text.vexDisplayFontNamedSet
                0x038068a4       0x24 c:\Users\banth\AppData\Roaming\Code\User\globalStorage\vexrobotics.vexcode\sdk\cpp\V5\V5_20240802_15_00_00/vexv5\libv5rt.a(v5_apijump.c.obj)
                0x038068a4                vexDisplayFontNamedSet
 .text.vexSystemStdlibImpureDataAddr
                0x038068c8       0x28 c:\Users\banth\AppData\Roaming\Code\User\globalStorage\vexrobotics.vexcode\sdk\cpp\V5\V5_20240802_15_00_00/vexv5\libv5rt.a(v5_apijump.c.obj)
                0x038068c8                vexSystemStdlibImpureDataAddr
 .text.vexSystemStdlibImpureDataSize
                0x038068f0       0x28 c:\Users\banth\AppData\Roaming\Code\User\globalStorage\vexrobotics.vexcode\sdk\cpp\V5\V5_20240802_15_00_00/vexv5\libv5rt.a(v5_apijump.c.obj)
                0x038068f0                vexSystemStdlibImpureDataSize
 .text.vexSystemSaveUserData
                0x03806918       0x3c c:\Users\banth\AppData\Roaming\Code\User\globalStorage\vexrobotics.vexcode\sdk\cpp\V5\V5_20240802_15_00_00/vexv5\libv5rt.a(v5_apijump.c.obj)
                0x03806918                vexSystemSaveUserData
 .text.vexTouchDataGet
                0x03806954       0x10 c:\Users\banth\AppData\Roaming\Code\User\globalStorage\vexrobotics.vexcode\sdk\cpp\V5\V5_20240802_15_00_00/vexv5\libv5rt.a(v5_apijump.c.obj)
                0x03806954                vexTouchDataGet
 .text.vexImageBmpRead
                0x03806964       0x3c c:\Users\banth\AppData\Roaming\Code\User\globalStorage\vexrobotics.vexcode\sdk\cpp\V5\V5_20240802_15_00_00/vexv5\libv5rt.a(v5_apijump.c.obj)
                0x03806964                vexImageBmpRead
 .text.vexImagePngRead
                0x038069a0       0x44 c:\Users\banth\AppData\Roaming\Code\User\globalStorage\vexrobotics.vexcode\sdk\cpp\V5\V5_20240802_15_00_00/vexv5\libv5rt.a(v5_apijump.c.obj)
                0x038069a0                vexImagePngRead
 .text.vexDisplayThemeIdGet
                0x038069e4       0x38 c:\Users\banth\AppData\Roaming\Code\User\globalStorage\vexrobotics.vexcode\sdk\cpp\V5\V5_20240802_15_00_00/vexv5\libv5rt.a(v5_apijump.c.obj)
                0x038069e4                vexDisplayThemeIdGet
 .text.vexCompetitionStatus
                0x03806a1c       0x1c c:\Users\banth\AppData\Roaming\Code\User\globalStorage\vexrobotics.vexcode\sdk\cpp\V5\V5_20240802_15_00_00/vexv5\libv5rt.a(v5_apijump.c.obj)
                0x03806a1c                vexCompetitionStatus
 .text.vexBatteryCapacityGet
                0x03806a38       0x1c c:\Users\banth\AppData\Roaming\Code\User\globalStorage\vexrobotics.vexcode\sdk\cpp\V5\V5_20240802_15_00_00/vexv5\libv5rt.a(v5_apijump.c.obj)
                0x03806a38                vexBatteryCapacityGet
 .text.vexDeviceEventMaskSet
                0x03806a54       0x48 c:\Users\banth\AppData\Roaming\Code\User\globalStorage\vexrobotics.vexcode\sdk\cpp\V5\V5_20240802_15_00_00/vexv5\libv5rt.a(v5_apijump.c.obj)
                0x03806a54                vexDeviceEventMaskSet
 .text.vexDeviceEventMaskGet
                0x03806a9c       0x3c c:\Users\banth\AppData\Roaming\Code\User\globalStorage\vexrobotics.vexcode\sdk\cpp\V5\V5_20240802_15_00_00/vexv5\libv5rt.a(v5_apijump.c.obj)
                0x03806a9c                vexDeviceEventMaskGet
 .text.vexSystemVersion
                0x03806ad8       0x10 c:\Users\banth\AppData\Roaming\Code\User\globalStorage\vexrobotics.vexcode\sdk\cpp\V5\V5_20240802_15_00_00/vexv5\libv5rt.a(v5_apiversions.c.obj)
                0x03806ad8                vexSystemVersion
 .text.vexStdlibVersion
                0x03806ae8       0x10 c:\Users\banth\AppData\Roaming\Code\User\globalStorage\vexrobotics.vexcode\sdk\cpp\V5\V5_20240802_15_00_00/vexv5\libv5rt.a(v5_apiversions.c.obj)
                0x03806ae8                vexStdlibVersion
 .text._ZN3vex4waitEdNS_9timeUnitsE
                0x03806af8       0x30 c:\Users\banth\AppData\Roaming\Code\User\globalStorage\vexrobotics.vexcode\sdk\cpp\V5\V5_20240802_15_00_00/vexv5\libv5rt.a(vex_global.cpp.obj)
                0x03806af8                vex::wait(double, vex::timeUnits)
 .text._ZN3vex5motorD2Ev
                0x03806b28       0x20 c:\Users\banth\AppData\Roaming\Code\User\globalStorage\vexrobotics.vexcode\sdk\cpp\V5\V5_20240802_15_00_00/vexv5\libv5rt.a(vex_motor.cpp.obj)
                0x03806b28                vex::motor::~motor()
                0x03806b28                vex::motor::~motor()
 .text._ZN3vex5motorD0Ev
                0x03806b48       0x1c c:\Users\banth\AppData\Roaming\Code\User\globalStorage\vexrobotics.vexcode\sdk\cpp\V5\V5_20240802_15_00_00/vexv5\libv5rt.a(vex_motor.cpp.obj)
                0x03806b48                vex::motor::~motor()
 .text._ZN3vex5motor9installedEv
                0x03806b64       0x18 c:\Users\banth\AppData\Roaming\Code\User\globalStorage\vexrobotics.vexcode\sdk\cpp\V5\V5_20240802_15_00_00/vexv5\libv5rt.a(vex_motor.cpp.obj)
                0x03806b64                vex::motor::installed()
 .text._ZN3vex5motor15defaultStoppingENS_9brakeTypeE
                0x03806b7c       0x30 c:\Users\banth\AppData\Roaming\Code\User\globalStorage\vexrobotics.vexcode\sdk\cpp\V5\V5_20240802_15_00_00/vexv5\libv5rt.a(vex_motor.cpp.obj)
                0x03806b7c                vex::motor::defaultStopping(vex::brakeType)
 .text._ZN3vex5motorC2El
                0x03806bac       0x78 c:\Users\banth\AppData\Roaming\Code\User\globalStorage\vexrobotics.vexcode\sdk\cpp\V5\V5_20240802_15_00_00/vexv5\libv5rt.a(vex_motor.cpp.obj)
                0x03806bac                vex::motor::motor(long)
                0x03806bac                vex::motor::motor(long)
 .text._ZN3vex5motorC2ElNS_11gearSettingEb
                0x03806c24       0x34 c:\Users\banth\AppData\Roaming\Code\User\globalStorage\vexrobotics.vexcode\sdk\cpp\V5\V5_20240802_15_00_00/vexv5\libv5rt.a(vex_motor.cpp.obj)
                0x03806c24                vex::motor::motor(long, vex::gearSetting, bool)
                0x03806c24                vex::motor::motor(long, vex::gearSetting, bool)
 .text._ZN3vex5motorC2Elb
                0x03806c58       0x24 c:\Users\banth\AppData\Roaming\Code\User\globalStorage\vexrobotics.vexcode\sdk\cpp\V5\V5_20240802_15_00_00/vexv5\libv5rt.a(vex_motor.cpp.obj)
                0x03806c58                vex::motor::motor(long, bool)
                0x03806c58                vex::motor::motor(long, bool)
 *fill*         0x03806c7c        0x4 
 .text._ZN3vex5motor4spinENS_13directionTypeEdNS_12voltageUnitsE
                0x03806c80       0x50 c:\Users\banth\AppData\Roaming\Code\User\globalStorage\vexrobotics.vexcode\sdk\cpp\V5\V5_20240802_15_00_00/vexv5\libv5rt.a(vex_motor.cpp.obj)
                0x03806c80                vex::motor::spin(vex::directionType, double, vex::voltageUnits)
 .text._ZN3vex5motor4stopENS_9brakeTypeE
                0x03806cd0       0x30 c:\Users\banth\AppData\Roaming\Code\User\globalStorage\vexrobotics.vexcode\sdk\cpp\V5\V5_20240802_15_00_00/vexv5\libv5rt.a(vex_motor.cpp.obj)
                0x03806cd0                vex::motor::stop(vex::brakeType)
 .text._ZN3vex5motor4stopEv
                0x03806d00        0x8 c:\Users\banth\AppData\Roaming\Code\User\globalStorage\vexrobotics.vexcode\sdk\cpp\V5\V5_20240802_15_00_00/vexv5\libv5rt.a(vex_motor.cpp.obj)
                0x03806d00                vex::motor::stop()
 .text._ZN3vex5motor16velocityToScaledEdNS_13velocityUnitsE
                0x03806d08       0x5c c:\Users\banth\AppData\Roaming\Code\User\globalStorage\vexrobotics.vexcode\sdk\cpp\V5\V5_20240802_15_00_00/vexv5\libv5rt.a(vex_motor.cpp.obj)
                0x03806d08                vex::motor::velocityToScaled(double, vex::velocityUnits)
 .text._ZN3vex5motor8velocityENS_13velocityUnitsE
                0x03806d64       0x30 c:\Users\banth\AppData\Roaming\Code\User\globalStorage\vexrobotics.vexcode\sdk\cpp\V5\V5_20240802_15_00_00/vexv5\libv5rt.a(vex_motor.cpp.obj)
                0x03806d64                vex::motor::velocity(vex::velocityUnits)
 .text._ZN3vex5motor5valueEv
                0x03806d94       0x1c c:\Users\banth\AppData\Roaming\Code\User\globalStorage\vexrobotics.vexcode\sdk\cpp\V5\V5_20240802_15_00_00/vexv5\libv5rt.a(vex_motor.cpp.obj)
                0x03806d94                vex::motor::value()
 .text._ZN3vex5motor16scaledToVelocityEdNS_13velocityUnitsE
                0x03806db0       0xa4 c:\Users\banth\AppData\Roaming\Code\User\globalStorage\vexrobotics.vexcode\sdk\cpp\V5\V5_20240802_15_00_00/vexv5\libv5rt.a(vex_motor.cpp.obj)
                0x03806db0                vex::motor::scaledToVelocity(double, vex::velocityUnits)
 .text._ZN3vex5motor4spinENS_13directionTypeEdNS_13velocityUnitsE
                0x03806e54       0x5c c:\Users\banth\AppData\Roaming\Code\User\globalStorage\vexrobotics.vexcode\sdk\cpp\V5\V5_20240802_15_00_00/vexv5\libv5rt.a(vex_motor.cpp.obj)
                0x03806e54                vex::motor::spin(vex::directionType, double, vex::velocityUnits)
 .text._ZN3vex5motor16setRotationUnitsENS_13rotationUnitsE
                0x03806eb0       0x1c c:\Users\banth\AppData\Roaming\Code\User\globalStorage\vexrobotics.vexcode\sdk\cpp\V5\V5_20240802_15_00_00/vexv5\libv5rt.a(vex_motor.cpp.obj)
                0x03806eb0                vex::motor::setRotationUnits(vex::rotationUnits)
 .text._ZN3vex5motor8positionENS_13rotationUnitsE
                0x03806ecc       0x44 c:\Users\banth\AppData\Roaming\Code\User\globalStorage\vexrobotics.vexcode\sdk\cpp\V5\V5_20240802_15_00_00/vexv5\libv5rt.a(vex_motor.cpp.obj)
                0x03806ecc                vex::motor::position(vex::rotationUnits)
 .text._ZN3vex8inertial11getTurnTypeEv
                0x03806f10        0x8 c:\Users\banth\AppData\Roaming\Code\User\globalStorage\vexrobotics.vexcode\sdk\cpp\V5\V5_20240802_15_00_00/vexv5\libv5rt.a(vex_imu.cpp.obj)
                0x03806f10                vex::inertial::getTurnType()
 .text._ZThn16_N3vex8inertial11getTurnTypeEv
                0x03806f18        0x8 c:\Users\banth\AppData\Roaming\Code\User\globalStorage\vexrobotics.vexcode\sdk\cpp\V5\V5_20240802_15_00_00/vexv5\libv5rt.a(vex_imu.cpp.obj)
                0x03806f18                non-virtual thunk to vex::inertial::getTurnType()
 .text._ZN3vex8inertial10setHeadingEdNS_13rotationUnitsE
                0x03806f20       0x58 c:\Users\banth\AppData\Roaming\Code\User\globalStorage\vexrobotics.vexcode\sdk\cpp\V5\V5_20240802_15_00_00/vexv5\libv5rt.a(vex_imu.cpp.obj)
                0x03806f20                vex::inertial::setHeading(double, vex::rotationUnits)
 .text._ZThn16_N3vex8inertial10setHeadingEdNS_13rotationUnitsE
                0x03806f78        0x8 c:\Users\banth\AppData\Roaming\Code\User\globalStorage\vexrobotics.vexcode\sdk\cpp\V5\V5_20240802_15_00_00/vexv5\libv5rt.a(vex_imu.cpp.obj)
                0x03806f78                non-virtual thunk to vex::inertial::setHeading(double, vex::rotationUnits)
 .text._ZN3vex8inertial11setRotationEdNS_13rotationUnitsE
                0x03806f80       0x58 c:\Users\banth\AppData\Roaming\Code\User\globalStorage\vexrobotics.vexcode\sdk\cpp\V5\V5_20240802_15_00_00/vexv5\libv5rt.a(vex_imu.cpp.obj)
                0x03806f80                vex::inertial::setRotation(double, vex::rotationUnits)
 .text._ZThn16_N3vex8inertial11setRotationEdNS_13rotationUnitsE
                0x03806fd8        0x8 c:\Users\banth\AppData\Roaming\Code\User\globalStorage\vexrobotics.vexcode\sdk\cpp\V5\V5_20240802_15_00_00/vexv5\libv5rt.a(vex_imu.cpp.obj)
                0x03806fd8                non-virtual thunk to vex::inertial::setRotation(double, vex::rotationUnits)
 .text._ZN3vex8inertialD2Ev
                0x03806fe0       0x20 c:\Users\banth\AppData\Roaming\Code\User\globalStorage\vexrobotics.vexcode\sdk\cpp\V5\V5_20240802_15_00_00/vexv5\libv5rt.a(vex_imu.cpp.obj)
                0x03806fe0                vex::inertial::~inertial()
                0x03806fe0                vex::inertial::~inertial()
 .text._ZThn16_N3vex8inertialD1Ev
                0x03807000        0x8 c:\Users\banth\AppData\Roaming\Code\User\globalStorage\vexrobotics.vexcode\sdk\cpp\V5\V5_20240802_15_00_00/vexv5\libv5rt.a(vex_imu.cpp.obj)
                0x03807000                non-virtual thunk to vex::inertial::~inertial()
 .text._ZN3vex8inertialD0Ev
                0x03807008       0x1c c:\Users\banth\AppData\Roaming\Code\User\globalStorage\vexrobotics.vexcode\sdk\cpp\V5\V5_20240802_15_00_00/vexv5\libv5rt.a(vex_imu.cpp.obj)
                0x03807008                vex::inertial::~inertial()
 .text._ZThn16_N3vex8inertialD0Ev
                0x03807024        0x8 c:\Users\banth\AppData\Roaming\Code\User\globalStorage\vexrobotics.vexcode\sdk\cpp\V5\V5_20240802_15_00_00/vexv5\libv5rt.a(vex_imu.cpp.obj)
                0x03807024                non-virtual thunk to vex::inertial::~inertial()
 .text._ZN3vex8inertial9installedEv
                0x0380702c       0x18 c:\Users\banth\AppData\Roaming\Code\User\globalStorage\vexrobotics.vexcode\sdk\cpp\V5\V5_20240802_15_00_00/vexv5\libv5rt.a(vex_imu.cpp.obj)
                0x0380702c                vex::inertial::installed()
 .text._ZN3vex8inertial5angleENS_13rotationUnitsE
                0x03807044       0x6c c:\Users\banth\AppData\Roaming\Code\User\globalStorage\vexrobotics.vexcode\sdk\cpp\V5\V5_20240802_15_00_00/vexv5\libv5rt.a(vex_imu.cpp.obj)
                0x03807044                vex::inertial::angle(vex::rotationUnits)
 .text._ZThn16_N3vex8inertial5angleENS_13rotationUnitsE
                0x038070b0        0x8 c:\Users\banth\AppData\Roaming\Code\User\globalStorage\vexrobotics.vexcode\sdk\cpp\V5\V5_20240802_15_00_00/vexv5\libv5rt.a(vex_imu.cpp.obj)
                0x038070b0                non-virtual thunk to vex::inertial::angle(vex::rotationUnits)
 .text._ZN3vex8inertial7headingENS_13rotationUnitsE
                0x038070b8        0x4 c:\Users\banth\AppData\Roaming\Code\User\globalStorage\vexrobotics.vexcode\sdk\cpp\V5\V5_20240802_15_00_00/vexv5\libv5rt.a(vex_imu.cpp.obj)
                0x038070b8                vex::inertial::heading(vex::rotationUnits)
 .text._ZThn16_N3vex8inertial7headingENS_13rotationUnitsE
                0x038070bc        0x8 c:\Users\banth\AppData\Roaming\Code\User\globalStorage\vexrobotics.vexcode\sdk\cpp\V5\V5_20240802_15_00_00/vexv5\libv5rt.a(vex_imu.cpp.obj)
                0x038070bc                non-virtual thunk to vex::inertial::heading(vex::rotationUnits)
 .text._ZN3vex8inertial5valueEv
                0x038070c4       0x1c c:\Users\banth\AppData\Roaming\Code\User\globalStorage\vexrobotics.vexcode\sdk\cpp\V5\V5_20240802_15_00_00/vexv5\libv5rt.a(vex_imu.cpp.obj)
                0x038070c4                vex::inertial::value()
 .text._ZN3vex8inertial8rotationENS_13rotationUnitsE
                0x038070e0       0x48 c:\Users\banth\AppData\Roaming\Code\User\globalStorage\vexrobotics.vexcode\sdk\cpp\V5\V5_20240802_15_00_00/vexv5\libv5rt.a(vex_imu.cpp.obj)
                0x038070e0                vex::inertial::rotation(vex::rotationUnits)
 .text._ZThn16_N3vex8inertial8rotationENS_13rotationUnitsE
                0x03807128        0x8 c:\Users\banth\AppData\Roaming\Code\User\globalStorage\vexrobotics.vexcode\sdk\cpp\V5\V5_20240802_15_00_00/vexv5\libv5rt.a(vex_imu.cpp.obj)
                0x03807128                non-virtual thunk to vex::inertial::rotation(vex::rotationUnits)
 .text._ZN3vex8inertial13isCalibratingEv
                0x03807130       0x38 c:\Users\banth\AppData\Roaming\Code\User\globalStorage\vexrobotics.vexcode\sdk\cpp\V5\V5_20240802_15_00_00/vexv5\libv5rt.a(vex_imu.cpp.obj)
                0x03807130                vex::inertial::isCalibrating()
 .text._ZThn16_N3vex8inertial13isCalibratingEv
                0x03807168        0x8 c:\Users\banth\AppData\Roaming\Code\User\globalStorage\vexrobotics.vexcode\sdk\cpp\V5\V5_20240802_15_00_00/vexv5\libv5rt.a(vex_imu.cpp.obj)
                0x03807168                non-virtual thunk to vex::inertial::isCalibrating()
 .text._ZN3vex8inertialC2ElNS_8turnTypeE
                0x03807170       0x4c c:\Users\banth\AppData\Roaming\Code\User\globalStorage\vexrobotics.vexcode\sdk\cpp\V5\V5_20240802_15_00_00/vexv5\libv5rt.a(vex_imu.cpp.obj)
                0x03807170                vex::inertial::inertial(long, vex::turnType)
                0x03807170                vex::inertial::inertial(long, vex::turnType)
 .text._ZN3vex8inertial16startCalibrationEl
                0x038071bc       0x20 c:\Users\banth\AppData\Roaming\Code\User\globalStorage\vexrobotics.vexcode\sdk\cpp\V5\V5_20240802_15_00_00/vexv5\libv5rt.a(vex_imu.cpp.obj)
                0x038071bc                vex::inertial::startCalibration(long)
 .text._ZN3vex8inertial9calibrateEl
                0x038071dc        0xc c:\Users\banth\AppData\Roaming\Code\User\globalStorage\vexrobotics.vexcode\sdk\cpp\V5\V5_20240802_15_00_00/vexv5\libv5rt.a(vex_imu.cpp.obj)
                0x038071dc                vex::inertial::calibrate(long)
                0x038071e0                non-virtual thunk to vex::inertial::calibrate(long)
 .text._ZN3vex8rotationD2Ev
                0x038071e8       0x20 c:\Users\banth\AppData\Roaming\Code\User\globalStorage\vexrobotics.vexcode\sdk\cpp\V5\V5_20240802_15_00_00/vexv5\libv5rt.a(vex_rotation.cpp.obj)
                0x038071e8                vex::rotation::~rotation()
                0x038071e8                vex::rotation::~rotation()
 .text._ZN3vex8rotationD0Ev
                0x03807208       0x1c c:\Users\banth\AppData\Roaming\Code\User\globalStorage\vexrobotics.vexcode\sdk\cpp\V5\V5_20240802_15_00_00/vexv5\libv5rt.a(vex_rotation.cpp.obj)
                0x03807208                vex::rotation::~rotation()
 .text._ZN3vex8rotation9installedEv
                0x03807224       0x18 c:\Users\banth\AppData\Roaming\Code\User\globalStorage\vexrobotics.vexcode\sdk\cpp\V5\V5_20240802_15_00_00/vexv5\libv5rt.a(vex_rotation.cpp.obj)
                0x03807224                vex::rotation::installed()
 .text._ZN3vex8rotation5valueEv
                0x0380723c        0x8 c:\Users\banth\AppData\Roaming\Code\User\globalStorage\vexrobotics.vexcode\sdk\cpp\V5\V5_20240802_15_00_00/vexv5\libv5rt.a(vex_rotation.cpp.obj)
                0x0380723c                vex::rotation::value()
 .text._ZN3vex8rotationC2Elb
                0x03807244       0x30 c:\Users\banth\AppData\Roaming\Code\User\globalStorage\vexrobotics.vexcode\sdk\cpp\V5\V5_20240802_15_00_00/vexv5\libv5rt.a(vex_rotation.cpp.obj)
                0x03807244                vex::rotation::rotation(long, bool)
                0x03807244                vex::rotation::rotation(long, bool)
 *fill*         0x03807274        0x4 
 .text._ZN3vex8rotation8positionENS_13rotationUnitsE
                0x03807278       0x50 c:\Users\banth\AppData\Roaming\Code\User\globalStorage\vexrobotics.vexcode\sdk\cpp\V5\V5_20240802_15_00_00/vexv5\libv5rt.a(vex_rotation.cpp.obj)
                0x03807278                vex::rotation::position(vex::rotationUnits)
 .text._ZN3vex8distanceD2Ev
                0x038072c8       0x20 c:\Users\banth\AppData\Roaming\Code\User\globalStorage\vexrobotics.vexcode\sdk\cpp\V5\V5_20240802_15_00_00/vexv5\libv5rt.a(vex_distance.cpp.obj)
                0x038072c8                vex::distance::~distance()
                0x038072c8                vex::distance::~distance()
 .text._ZN3vex8distanceD0Ev
                0x038072e8       0x1c c:\Users\banth\AppData\Roaming\Code\User\globalStorage\vexrobotics.vexcode\sdk\cpp\V5\V5_20240802_15_00_00/vexv5\libv5rt.a(vex_distance.cpp.obj)
                0x038072e8                vex::distance::~distance()
 .text._ZN3vex8distance9installedEv
                0x03807304       0x18 c:\Users\banth\AppData\Roaming\Code\User\globalStorage\vexrobotics.vexcode\sdk\cpp\V5\V5_20240802_15_00_00/vexv5\libv5rt.a(vex_distance.cpp.obj)
                0x03807304                vex::distance::installed()
 .text._ZN3vex8distance5valueEv
                0x0380731c        0x8 c:\Users\banth\AppData\Roaming\Code\User\globalStorage\vexrobotics.vexcode\sdk\cpp\V5\V5_20240802_15_00_00/vexv5\libv5rt.a(vex_distance.cpp.obj)
                0x0380731c                vex::distance::value()
 .text._ZN3vex8distanceC2El
                0x03807324       0x20 c:\Users\banth\AppData\Roaming\Code\User\globalStorage\vexrobotics.vexcode\sdk\cpp\V5\V5_20240802_15_00_00/vexv5\libv5rt.a(vex_distance.cpp.obj)
                0x03807324                vex::distance::distance(long)
                0x03807324                vex::distance::distance(long)
 .text._ZN3vex10controllerD2Ev
                0x03807344        0x4 c:\Users\banth\AppData\Roaming\Code\User\globalStorage\vexrobotics.vexcode\sdk\cpp\V5\V5_20240802_15_00_00/vexv5\libv5rt.a(vex_controller.cpp.obj)
                0x03807344                vex::controller::~controller()
                0x03807344                vex::controller::~controller()
 .text._ZN3vex10controller5valueE19_V5_ControllerIndex
                0x03807348        0x8 c:\Users\banth\AppData\Roaming\Code\User\globalStorage\vexrobotics.vexcode\sdk\cpp\V5\V5_20240802_15_00_00/vexv5\libv5rt.a(vex_controller.cpp.obj)
                0x03807348                vex::controller::value(_V5_ControllerIndex)
 .text._ZN3vex10controller6rumbleEPKc
                0x03807350       0x4c c:\Users\banth\AppData\Roaming\Code\User\globalStorage\vexrobotics.vexcode\sdk\cpp\V5\V5_20240802_15_00_00/vexv5\libv5rt.a(vex_controller.cpp.obj)
                0x03807350                vex::controller::rumble(char const*)
 .text._ZNK3vex10controller6button8pressingEv
                0x0380739c       0xc8 c:\Users\banth\AppData\Roaming\Code\User\globalStorage\vexrobotics.vexcode\sdk\cpp\V5\V5_20240802_15_00_00/vexv5\libv5rt.a(vex_controller.cpp.obj)
                0x0380739c                vex::controller::button::pressing() const
 .text._ZNK3vex10controller6button7pressedEPFvvE
                0x03807464      0x108 c:\Users\banth\AppData\Roaming\Code\User\globalStorage\vexrobotics.vexcode\sdk\cpp\V5\V5_20240802_15_00_00/vexv5\libv5rt.a(vex_controller.cpp.obj)
                0x03807464                vex::controller::button::pressed(void (*)()) const
 .text._ZNK3vex10controller6button21_buttonToPressedEventEv
                0x0380756c       0x20 c:\Users\banth\AppData\Roaming\Code\User\globalStorage\vexrobotics.vexcode\sdk\cpp\V5\V5_20240802_15_00_00/vexv5\libv5rt.a(vex_controller.cpp.obj)
                0x0380756c                vex::controller::button::_buttonToPressedEvent() const
 .text._ZNK3vex10controller6button22_buttonToReleasedEventEv
                0x0380758c       0x20 c:\Users\banth\AppData\Roaming\Code\User\globalStorage\vexrobotics.vexcode\sdk\cpp\V5\V5_20240802_15_00_00/vexv5\libv5rt.a(vex_controller.cpp.obj)
                0x0380758c                vex::controller::button::_buttonToReleasedEvent() const
 .text._ZN3vex10controller6buttonC2ENS0_11tButtonTypeEPS0_
                0x038075ac       0x48 c:\Users\banth\AppData\Roaming\Code\User\globalStorage\vexrobotics.vexcode\sdk\cpp\V5\V5_20240802_15_00_00/vexv5\libv5rt.a(vex_controller.cpp.obj)
                0x038075ac                vex::controller::button::button(vex::controller::tButtonType, vex::controller*)
                0x038075ac                vex::controller::button::button(vex::controller::tButtonType, vex::controller*)
 .text._ZNK3vex10controller4axis5valueEv
                0x038075f4       0x58 c:\Users\banth\AppData\Roaming\Code\User\globalStorage\vexrobotics.vexcode\sdk\cpp\V5\V5_20240802_15_00_00/vexv5\libv5rt.a(vex_controller.cpp.obj)
                0x038075f4                vex::controller::axis::value() const
 .text._ZNK3vex10controller4axis23_joystickToChangedEventEv
                0x0380764c       0x20 c:\Users\banth\AppData\Roaming\Code\User\globalStorage\vexrobotics.vexcode\sdk\cpp\V5\V5_20240802_15_00_00/vexv5\libv5rt.a(vex_controller.cpp.obj)
                0x0380764c                vex::controller::axis::_joystickToChangedEvent() const
 .text._ZN3vex10controller4axisC2ENS0_9tAxisTypeEPS0_
                0x0380766c       0x2c c:\Users\banth\AppData\Roaming\Code\User\globalStorage\vexrobotics.vexcode\sdk\cpp\V5\V5_20240802_15_00_00/vexv5\libv5rt.a(vex_controller.cpp.obj)
                0x0380766c                vex::controller::axis::axis(vex::controller::tAxisType, vex::controller*)
                0x0380766c                vex::controller::axis::axis(vex::controller::tAxisType, vex::controller*)
 .text._ZN3vex10controllerC2ENS_14controllerTypeE
                0x03807698      0x16c c:\Users\banth\AppData\Roaming\Code\User\globalStorage\vexrobotics.vexcode\sdk\cpp\V5\V5_20240802_15_00_00/vexv5\libv5rt.a(vex_controller.cpp.obj)
                0x03807698                vex::controller::controller(vex::controllerType)
                0x03807698                vex::controller::controller(vex::controllerType)
 .text._ZN3vex10controllerC2Ev
                0x03807804      0x164 c:\Users\banth\AppData\Roaming\Code\User\globalStorage\vexrobotics.vexcode\sdk\cpp\V5\V5_20240802_15_00_00/vexv5\libv5rt.a(vex_controller.cpp.obj)
                0x03807804                vex::controller::controller()
                0x03807804                vex::controller::controller()
 .text._ZN3vex4taskC2Ev
                0x03807968       0x28 c:\Users\banth\AppData\Roaming\Code\User\globalStorage\vexrobotics.vexcode\sdk\cpp\V5\V5_20240802_15_00_00/vexv5\libv5rt.a(vex_task.cpp.obj)
                0x03807968                vex::task::task()
                0x03807968                vex::task::task()
 .text._ZN3vex4taskC2EPFivE
                0x03807990       0x5c c:\Users\banth\AppData\Roaming\Code\User\globalStorage\vexrobotics.vexcode\sdk\cpp\V5\V5_20240802_15_00_00/vexv5\libv5rt.a(vex_task.cpp.obj)
                0x03807990                vex::task::task(int (*)())
                0x03807990                vex::task::task(int (*)())
 .text._ZN3vex4taskD2Ev
                0x038079ec        0x4 c:\Users\banth\AppData\Roaming\Code\User\globalStorage\vexrobotics.vexcode\sdk\cpp\V5\V5_20240802_15_00_00/vexv5\libv5rt.a(vex_task.cpp.obj)
                0x038079ec                vex::task::~task()
                0x038079ec                vex::task::~task()
 .text._ZN3vex4task4stopEPvi
                0x038079f0       0x1c c:\Users\banth\AppData\Roaming\Code\User\globalStorage\vexrobotics.vexcode\sdk\cpp\V5\V5_20240802_15_00_00/vexv5\libv5rt.a(vex_task.cpp.obj)
                0x038079f0                vex::task::stop(void*, int)
 .text._ZN3vex4task5sleepEm
                0x03807a0c        0x4 c:\Users\banth\AppData\Roaming\Code\User\globalStorage\vexrobotics.vexcode\sdk\cpp\V5\V5_20240802_15_00_00/vexv5\libv5rt.a(vex_task.cpp.obj)
                0x03807a0c                vex::task::sleep(unsigned long)
 .text._ZN3vex4task6_indexEPFivE
                0x03807a10       0x14 c:\Users\banth\AppData\Roaming\Code\User\globalStorage\vexrobotics.vexcode\sdk\cpp\V5\V5_20240802_15_00_00/vexv5\libv5rt.a(vex_task.cpp.obj)
                0x03807a10                vex::task::_index(int (*)())
 .text._ZN3vex4task8_stopAllEv
                0x03807a24       0x3c c:\Users\banth\AppData\Roaming\Code\User\globalStorage\vexrobotics.vexcode\sdk\cpp\V5\V5_20240802_15_00_00/vexv5\libv5rt.a(vex_task.cpp.obj)
                0x03807a24                vex::task::_stopAll()
 .text._ZN3vex11this_thread9sleep_forEm
                0x03807a60        0x4 c:\Users\banth\AppData\Roaming\Code\User\globalStorage\vexrobotics.vexcode\sdk\cpp\V5\V5_20240802_15_00_00/vexv5\libv5rt.a(vex_thread.cpp.obj)
                0x03807a60                vex::this_thread::sleep_for(unsigned long)
 .text._ZN3vex11this_thread11sleep_untilEm
                0x03807a64       0x20 c:\Users\banth\AppData\Roaming\Code\User\globalStorage\vexrobotics.vexcode\sdk\cpp\V5\V5_20240802_15_00_00/vexv5\libv5rt.a(vex_thread.cpp.obj)
                0x03807a64                vex::this_thread::sleep_until(unsigned long)
 .text._ZN3vex5mutexC2Ev
                0x03807a84       0x1c c:\Users\banth\AppData\Roaming\Code\User\globalStorage\vexrobotics.vexcode\sdk\cpp\V5\V5_20240802_15_00_00/vexv5\libv5rt.a(vex_thread.cpp.obj)
                0x03807a84                vex::mutex::mutex()
                0x03807a84                vex::mutex::mutex()
 .text._ZN3vex5mutexD2Ev
                0x03807aa0        0x4 c:\Users\banth\AppData\Roaming\Code\User\globalStorage\vexrobotics.vexcode\sdk\cpp\V5\V5_20240802_15_00_00/vexv5\libv5rt.a(vex_thread.cpp.obj)
                0x03807aa0                vex::mutex::~mutex()
                0x03807aa0                vex::mutex::~mutex()
 .text._ZN3vex5mutex4lockEv
                0x03807aa4        0x8 c:\Users\banth\AppData\Roaming\Code\User\globalStorage\vexrobotics.vexcode\sdk\cpp\V5\V5_20240802_15_00_00/vexv5\libv5rt.a(vex_thread.cpp.obj)
                0x03807aa4                vex::mutex::lock()
 .text._ZN3vex5mutex6unlockEv
                0x03807aac        0x4 c:\Users\banth\AppData\Roaming\Code\User\globalStorage\vexrobotics.vexcode\sdk\cpp\V5\V5_20240802_15_00_00/vexv5\libv5rt.a(vex_thread.cpp.obj)
                0x03807aac                vex::mutex::unlock()
 .text._ZN3vex5event4initEmmPFvvE
                0x03807ab0        0x4 c:\Users\banth\AppData\Roaming\Code\User\globalStorage\vexrobotics.vexcode\sdk\cpp\V5\V5_20240802_15_00_00/vexv5\libv5rt.a(vex_event.cpp.obj)
                0x03807ab0                vex::event::init(unsigned long, unsigned long, void (*)())
 .text._ZN3vex5event4initEmmPFvPvES1_
                0x03807ab4        0x4 c:\Users\banth\AppData\Roaming\Code\User\globalStorage\vexrobotics.vexcode\sdk\cpp\V5\V5_20240802_15_00_00/vexv5\libv5rt.a(vex_event.cpp.obj)
                0x03807ab4                vex::event::init(unsigned long, unsigned long, void (*)(void*), void*)
 .text._ZN3vex5event9userindexEv
                0x03807ab8        0x4 c:\Users\banth\AppData\Roaming\Code\User\globalStorage\vexrobotics.vexcode\sdk\cpp\V5\V5_20240802_15_00_00/vexv5\libv5rt.a(vex_event.cpp.obj)
                0x03807ab8                vex::event::userindex()
 .text._ZZN3vex6meventC4EmmENUlvE_4_FUNEv
                0x03807abc        0x4 c:\Users\banth\AppData\Roaming\Code\User\globalStorage\vexrobotics.vexcode\sdk\cpp\V5\V5_20240802_15_00_00/vexv5\libv5rt.a(vex_mevent.cpp.obj)
 .text._ZN3vex6meventC2Emm
                0x03807ac0       0x70 c:\Users\banth\AppData\Roaming\Code\User\globalStorage\vexrobotics.vexcode\sdk\cpp\V5\V5_20240802_15_00_00/vexv5\libv5rt.a(vex_mevent.cpp.obj)
                0x03807ac0                vex::mevent::mevent(unsigned long, unsigned long)
                0x03807ac0                vex::mevent::mevent(unsigned long, unsigned long)
 .text._ZN3vex5brain9_getIndexEv
                0x03807b30       0x10 c:\Users\banth\AppData\Roaming\Code\User\globalStorage\vexrobotics.vexcode\sdk\cpp\V5\V5_20240802_15_00_00/vexv5\libv5rt.a(vex_brain.cpp.obj)
                0x03807b30                vex::brain::_getIndex()
 .text._ZN3vex5brain3lcd9setCursorEll
                0x03807b40       0x44 c:\Users\banth\AppData\Roaming\Code\User\globalStorage\vexrobotics.vexcode\sdk\cpp\V5\V5_20240802_15_00_00/vexv5\libv5rt.a(vex_brain.cpp.obj)
                0x03807b40                vex::brain::lcd::setCursor(long, long)
 .text._ZN3vex5brain3lcd7setFontENS_8fontTypeE
                0x03807b84      0x23c c:\Users\banth\AppData\Roaming\Code\User\globalStorage\vexrobotics.vexcode\sdk\cpp\V5\V5_20240802_15_00_00/vexv5\libv5rt.a(vex_brain.cpp.obj)
                0x03807b84                vex::brain::lcd::setFont(vex::fontType)
 .text._ZN3vex5brain3lcdC2Ev
                0x03807dc0       0x94 c:\Users\banth\AppData\Roaming\Code\User\globalStorage\vexrobotics.vexcode\sdk\cpp\V5\V5_20240802_15_00_00/vexv5\libv5rt.a(vex_brain.cpp.obj)
                0x03807dc0                vex::brain::lcd::lcd()
                0x03807dc0                vex::brain::lcd::lcd()
 .text._ZN3vex5brainC2Ev
                0x03807e54       0x3c c:\Users\banth\AppData\Roaming\Code\User\globalStorage\vexrobotics.vexcode\sdk\cpp\V5\V5_20240802_15_00_00/vexv5\libv5rt.a(vex_brain.cpp.obj)
                0x03807e54                vex::brain::brain()
                0x03807e54                vex::brain::brain()
 .text._ZN3vex5brain3lcd11setPenColorERKNS_5colorE
                0x03807e90       0x14 c:\Users\banth\AppData\Roaming\Code\User\globalStorage\vexrobotics.vexcode\sdk\cpp\V5\V5_20240802_15_00_00/vexv5\libv5rt.a(vex_brain.cpp.obj)
                0x03807e90                vex::brain::lcd::setPenColor(vex::color const&)
 .text._ZN3vex5brain3lcd7printAtEllPKcz
                0x03807ea4       0x54 c:\Users\banth\AppData\Roaming\Code\User\globalStorage\vexrobotics.vexcode\sdk\cpp\V5\V5_20240802_15_00_00/vexv5\libv5rt.a(vex_brain.cpp.obj)
                0x03807ea4                vex::brain::lcd::printAt(long, long, char const*, ...)
 .text._ZN3vex5brain3lcd12_clearScreenEm
                0x03807ef8       0x38 c:\Users\banth\AppData\Roaming\Code\User\globalStorage\vexrobotics.vexcode\sdk\cpp\V5\V5_20240802_15_00_00/vexv5\libv5rt.a(vex_brain.cpp.obj)
                0x03807ef8                vex::brain::lcd::_clearScreen(unsigned long)
 .text._ZN3vex5brain3lcd11clearScreenERKNS_5colorE
                0x03807f30       0x20 c:\Users\banth\AppData\Roaming\Code\User\globalStorage\vexrobotics.vexcode\sdk\cpp\V5\V5_20240802_15_00_00/vexv5\libv5rt.a(vex_brain.cpp.obj)
                0x03807f30                vex::brain::lcd::clearScreen(vex::color const&)
 .text._ZN3vex5brain3lcd11clearScreenEv
                0x03807f50       0x2c c:\Users\banth\AppData\Roaming\Code\User\globalStorage\vexrobotics.vexcode\sdk\cpp\V5\V5_20240802_15_00_00/vexv5\libv5rt.a(vex_brain.cpp.obj)
                0x03807f50                vex::brain::lcd::clearScreen()
 .text._ZN3vex5brain3lcd8pressingEv
                0x03807f7c       0x20 c:\Users\banth\AppData\Roaming\Code\User\globalStorage\vexrobotics.vexcode\sdk\cpp\V5\V5_20240802_15_00_00/vexv5\libv5rt.a(vex_brain.cpp.obj)
                0x03807f7c                vex::brain::lcd::pressing()
 .text._ZN3vex5brain3lcd20_validateImageBufferEPh
                0x03807f9c       0x58 c:\Users\banth\AppData\Roaming\Code\User\globalStorage\vexrobotics.vexcode\sdk\cpp\V5\V5_20240802_15_00_00/vexv5\libv5rt.a(vex_brain.cpp.obj)
                0x03807f9c                vex::brain::lcd::_validateImageBuffer(unsigned char*)
 .text._ZN3vex5brain3lcd19drawImageFromBufferEPhiii
                0x03807ff4      0x10c c:\Users\banth\AppData\Roaming\Code\User\globalStorage\vexrobotics.vexcode\sdk\cpp\V5\V5_20240802_15_00_00/vexv5\libv5rt.a(vex_brain.cpp.obj)
                0x03807ff4                vex::brain::lcd::drawImageFromBuffer(unsigned char*, int, int, int)
 .text._ZN3vex5brain7battery8capacityENS_12percentUnitsE
                0x03808100       0x18 c:\Users\banth\AppData\Roaming\Code\User\globalStorage\vexrobotics.vexcode\sdk\cpp\V5\V5_20240802_15_00_00/vexv5\libv5rt.a(vex_brain.cpp.obj)
                0x03808100                vex::brain::battery::capacity(vex::percentUnits)
 .text._ZN3vex5brainD2Ev
                0x03808118       0x20 c:\Users\banth\AppData\Roaming\Code\User\globalStorage\vexrobotics.vexcode\sdk\cpp\V5\V5_20240802_15_00_00/vexv5\libv5rt.a(vex_brain.cpp.obj)
                0x03808118                vex::brain::~brain()
                0x03808118                vex::brain::~brain()
 .text._ZN3vex11competition8_disableEPv
                0x03808138       0xa4 c:\Users\banth\AppData\Roaming\Code\User\globalStorage\vexrobotics.vexcode\sdk\cpp\V5\V5_20240802_15_00_00/vexv5\libv5rt.a(vex_competition.cpp.obj)
                0x03808138                vex::competition::_disable(void*)
 .text._ZN3vex11competition11_autonomousEv
                0x038081dc       0x80 c:\Users\banth\AppData\Roaming\Code\User\globalStorage\vexrobotics.vexcode\sdk\cpp\V5\V5_20240802_15_00_00/vexv5\libv5rt.a(vex_competition.cpp.obj)
                0x038081dc                vex::competition::_autonomous()
 .text._ZN3vex11competition14_drivercontrolEv
                0x0380825c       0x80 c:\Users\banth\AppData\Roaming\Code\User\globalStorage\vexrobotics.vexcode\sdk\cpp\V5\V5_20240802_15_00_00/vexv5\libv5rt.a(vex_competition.cpp.obj)
                0x0380825c                vex::competition::_drivercontrol()
 .text._ZN3vex11competitionC2Ev
                0x038082dc      0x13c c:\Users\banth\AppData\Roaming\Code\User\globalStorage\vexrobotics.vexcode\sdk\cpp\V5\V5_20240802_15_00_00/vexv5\libv5rt.a(vex_competition.cpp.obj)
                0x038082dc                vex::competition::competition()
                0x038082dc                vex::competition::competition()
 .text._ZN3vex11competitionD2Ev
                0x03808418        0x4 c:\Users\banth\AppData\Roaming\Code\User\globalStorage\vexrobotics.vexcode\sdk\cpp\V5\V5_20240802_15_00_00/vexv5\libv5rt.a(vex_competition.cpp.obj)
                0x03808418                vex::competition::~competition()
                0x03808418                vex::competition::~competition()
 .text._ZN3vex11competition10autonomousEPFvvE
                0x0380841c       0x44 c:\Users\banth\AppData\Roaming\Code\User\globalStorage\vexrobotics.vexcode\sdk\cpp\V5\V5_20240802_15_00_00/vexv5\libv5rt.a(vex_competition.cpp.obj)
                0x0380841c                vex::competition::autonomous(void (*)())
 .text._ZN3vex11competition13drivercontrolEPFvvE
                0x03808460       0x44 c:\Users\banth\AppData\Roaming\Code\User\globalStorage\vexrobotics.vexcode\sdk\cpp\V5\V5_20240802_15_00_00/vexv5\libv5rt.a(vex_competition.cpp.obj)
                0x03808460                vex::competition::drivercontrol(void (*)())
 .text._ZN3vex11competition14isFieldControlEv
                0x038084a4       0x10 c:\Users\banth\AppData\Roaming\Code\User\globalStorage\vexrobotics.vexcode\sdk\cpp\V5\V5_20240802_15_00_00/vexv5\libv5rt.a(vex_competition.cpp.obj)
                0x038084a4                vex::competition::isFieldControl()
 .text._ZN3vex7triportD2Ev
                0x038084b4       0x38 c:\Users\banth\AppData\Roaming\Code\User\globalStorage\vexrobotics.vexcode\sdk\cpp\V5\V5_20240802_15_00_00/vexv5\libv5rt.a(vex_triport.cpp.obj)
                0x038084b4                vex::triport::~triport()
                0x038084b4                vex::triport::~triport()
 .text._ZN3vex7triportD0Ev
                0x038084ec       0x1c c:\Users\banth\AppData\Roaming\Code\User\globalStorage\vexrobotics.vexcode\sdk\cpp\V5\V5_20240802_15_00_00/vexv5\libv5rt.a(vex_triport.cpp.obj)
                0x038084ec                vex::triport::~triport()
 .text._ZN3vex7triport9installedEv
                0x03808508       0x18 c:\Users\banth\AppData\Roaming\Code\User\globalStorage\vexrobotics.vexcode\sdk\cpp\V5\V5_20240802_15_00_00/vexv5\libv5rt.a(vex_triport.cpp.obj)
                0x03808508                vex::triport::installed()
 .text._ZN3vex7triport4portC2ElPS0_
                0x03808520       0x74 c:\Users\banth\AppData\Roaming\Code\User\globalStorage\vexrobotics.vexcode\sdk\cpp\V5\V5_20240802_15_00_00/vexv5\libv5rt.a(vex_triport.cpp.obj)
                0x03808520                vex::triport::port::port(long, vex::triport*)
                0x03808520                vex::triport::port::port(long, vex::triport*)
 .text._ZN3vex7triportC2El
                0x03808594       0xf0 c:\Users\banth\AppData\Roaming\Code\User\globalStorage\vexrobotics.vexcode\sdk\cpp\V5\V5_20240802_15_00_00/vexv5\libv5rt.a(vex_triport.cpp.obj)
                0x03808594                vex::triport::triport(long)
                0x03808594                vex::triport::triport(long)
 .text._ZN3vex7triport4port4typeENS_11triportTypeE
                0x03808684       0x30 c:\Users\banth\AppData\Roaming\Code\User\globalStorage\vexrobotics.vexcode\sdk\cpp\V5\V5_20240802_15_00_00/vexv5\libv5rt.a(vex_triport.cpp.obj)
                0x03808684                vex::triport::port::type(vex::triportType)
 .text._ZN3vex7triport4port4typeEv
                0x038086b4       0x38 c:\Users\banth\AppData\Roaming\Code\User\globalStorage\vexrobotics.vexcode\sdk\cpp\V5\V5_20240802_15_00_00/vexv5\libv5rt.a(vex_triport.cpp.obj)
                0x038086b4                vex::triport::port::type()
 .text._ZN3vex7triport4port5valueEv
                0x038086ec       0x14 c:\Users\banth\AppData\Roaming\Code\User\globalStorage\vexrobotics.vexcode\sdk\cpp\V5\V5_20240802_15_00_00/vexv5\libv5rt.a(vex_triport.cpp.obj)
                0x038086ec                vex::triport::port::value()
 .text._ZN3vex7triport4port5valueEl
                0x03808700       0x18 c:\Users\banth\AppData\Roaming\Code\User\globalStorage\vexrobotics.vexcode\sdk\cpp\V5\V5_20240802_15_00_00/vexv5\libv5rt.a(vex_triport.cpp.obj)
                0x03808700                vex::triport::port::value(long)
 .text._ZN3vex7triport4port8rotationENS_13rotationUnitsE
                0x03808718       0x40 c:\Users\banth\AppData\Roaming\Code\User\globalStorage\vexrobotics.vexcode\sdk\cpp\V5\V5_20240802_15_00_00/vexv5\libv5rt.a(vex_triport.cpp.obj)
                0x03808718                vex::triport::port::rotation(vex::rotationUnits)
 .text._ZN3vex11__trideviceC2ERNS_7triport4portENS_11triportTypeE
                0x03808758       0x5c c:\Users\banth\AppData\Roaming\Code\User\globalStorage\vexrobotics.vexcode\sdk\cpp\V5\V5_20240802_15_00_00/vexv5\libv5rt.a(vex_triport.cpp.obj)
                0x03808758                vex::__tridevice::__tridevice(vex::triport::port&, vex::triportType)
                0x03808758                vex::__tridevice::__tridevice(vex::triport::port&, vex::triportType)
 .text._ZN3vex11digital_outC2ERNS_7triport4portE
                0x038087b4       0x18 c:\Users\banth\AppData\Roaming\Code\User\globalStorage\vexrobotics.vexcode\sdk\cpp\V5\V5_20240802_15_00_00/vexv5\libv5rt.a(vex_triport.cpp.obj)
                0x038087b4                vex::digital_out::digital_out(vex::triport::port&)
                0x038087b4                vex::digital_out::digital_out(vex::triport::port&)
 .text._ZN3vex11digital_outD2Ev
                0x038087cc        0x4 c:\Users\banth\AppData\Roaming\Code\User\globalStorage\vexrobotics.vexcode\sdk\cpp\V5\V5_20240802_15_00_00/vexv5\libv5rt.a(vex_triport.cpp.obj)
                0x038087cc                vex::digital_out::~digital_out()
                0x038087cc                vex::digital_out::~digital_out()
 .text._ZN3vex11digital_out3setEb
                0x038087d0        0x8 c:\Users\banth\AppData\Roaming\Code\User\globalStorage\vexrobotics.vexcode\sdk\cpp\V5\V5_20240802_15_00_00/vexv5\libv5rt.a(vex_triport.cpp.obj)
                0x038087d0                vex::digital_out::set(bool)
 .text._ZN3vex7encoderC2ERNS_7triport4portE
                0x038087d8       0x20 c:\Users\banth\AppData\Roaming\Code\User\globalStorage\vexrobotics.vexcode\sdk\cpp\V5\V5_20240802_15_00_00/vexv5\libv5rt.a(vex_triport.cpp.obj)
                0x038087d8                vex::encoder::encoder(vex::triport::port&)
                0x038087d8                vex::encoder::encoder(vex::triport::port&)
 .text._ZN3vex7encoderD2Ev
                0x038087f8        0x4 c:\Users\banth\AppData\Roaming\Code\User\globalStorage\vexrobotics.vexcode\sdk\cpp\V5\V5_20240802_15_00_00/vexv5\libv5rt.a(vex_triport.cpp.obj)
                0x038087f8                vex::encoder::~encoder()
                0x038087f8                vex::encoder::~encoder()
 .text._ZN3vex7encoder8positionENS_13rotationUnitsE
                0x038087fc        0x8 c:\Users\banth\AppData\Roaming\Code\User\globalStorage\vexrobotics.vexcode\sdk\cpp\V5\V5_20240802_15_00_00/vexv5\libv5rt.a(vex_triport.cpp.obj)
                0x038087fc                vex::encoder::position(vex::rotationUnits)
 .text._ZN3vex5colorD2Ev
                0x03808804        0x4 c:\Users\banth\AppData\Roaming\Code\User\globalStorage\vexrobotics.vexcode\sdk\cpp\V5\V5_20240802_15_00_00/vexv5\libv5rt.a(vex_color.cpp.obj)
                0x03808804                vex::color::~color()
                0x03808804                vex::color::~color()
 .text._ZNK3vex5colorcvmEv
                0x03808808        0x8 c:\Users\banth\AppData\Roaming\Code\User\globalStorage\vexrobotics.vexcode\sdk\cpp\V5\V5_20240802_15_00_00/vexv5\libv5rt.a(vex_color.cpp.obj)
                0x03808808                vex::color::operator unsigned long() const
 .text.startup._GLOBAL__sub_I__ZN3vex5color5blackE
                0x03808810      0x164 c:\Users\banth\AppData\Roaming\Code\User\globalStorage\vexrobotics.vexcode\sdk\cpp\V5\V5_20240802_15_00_00/vexv5\libv5rt.a(vex_color.cpp.obj)
 .text._ZN3vex5timerD2Ev
                0x03808974        0x4 c:\Users\banth\AppData\Roaming\Code\User\globalStorage\vexrobotics.vexcode\sdk\cpp\V5\V5_20240802_15_00_00/vexv5\libv5rt.a(vex_timer.cpp.obj)
                0x03808974                vex::timer::~timer()
                0x03808974                vex::timer::~timer()
 .text._ZN3vex5timer5clearEv
                0x03808978       0x1c c:\Users\banth\AppData\Roaming\Code\User\globalStorage\vexrobotics.vexcode\sdk\cpp\V5\V5_20240802_15_00_00/vexv5\libv5rt.a(vex_timer.cpp.obj)
                0x03808978                vex::timer::clear()
 .text._ZN3vex5timerC2Ev
                0x03808994       0x14 c:\Users\banth\AppData\Roaming\Code\User\globalStorage\vexrobotics.vexcode\sdk\cpp\V5\V5_20240802_15_00_00/vexv5\libv5rt.a(vex_timer.cpp.obj)
                0x03808994                vex::timer::timer()
                0x03808994                vex::timer::timer()
 .text._ZN3vex5timer6systemEv
                0x038089a8        0x4 c:\Users\banth\AppData\Roaming\Code\User\globalStorage\vexrobotics.vexcode\sdk\cpp\V5\V5_20240802_15_00_00/vexv5\libv5rt.a(vex_timer.cpp.obj)
                0x038089a8                vex::timer::system()
 .text._ZN3vex11motor_group18motor_group_motorsC2Ev
                0x038089ac       0x28 c:\Users\banth\AppData\Roaming\Code\User\globalStorage\vexrobotics.vexcode\sdk\cpp\V5\V5_20240802_15_00_00/vexv5\libv5rt.a(vex_motorgroup.cpp.obj)
                0x038089ac                vex::motor_group::motor_group_motors::motor_group_motors()
                0x038089ac                vex::motor_group::motor_group_motors::motor_group_motors()
 .text._ZN3vex11motor_group18motor_group_motorsC2ERKS1_
                0x038089d4       0x20 c:\Users\banth\AppData\Roaming\Code\User\globalStorage\vexrobotics.vexcode\sdk\cpp\V5\V5_20240802_15_00_00/vexv5\libv5rt.a(vex_motorgroup.cpp.obj)
                0x038089d4                vex::motor_group::motor_group_motors::motor_group_motors(vex::motor_group::motor_group_motors const&)
                0x038089d4                vex::motor_group::motor_group_motors::motor_group_motors(vex::motor_group::motor_group_motors const&)
 .text._ZN3vex11motor_groupC2Ev
                0x038089f4       0x1c c:\Users\banth\AppData\Roaming\Code\User\globalStorage\vexrobotics.vexcode\sdk\cpp\V5\V5_20240802_15_00_00/vexv5\libv5rt.a(vex_motorgroup.cpp.obj)
                0x038089f4                vex::motor_group::motor_group()
                0x038089f4                vex::motor_group::motor_group()
 .text._ZN3vex11motor_groupD2Ev
                0x03808a10        0x4 c:\Users\banth\AppData\Roaming\Code\User\globalStorage\vexrobotics.vexcode\sdk\cpp\V5\V5_20240802_15_00_00/vexv5\libv5rt.a(vex_motorgroup.cpp.obj)
                0x03808a10                vex::motor_group::~motor_group()
                0x03808a10                vex::motor_group::~motor_group()